<?xml version="1.0"?>
<link_info>
   <banner>TMS320C6x Linker PC v7.4.20</banner>
   <copyright>Copyright (c) 1996-2015 Texas Instruments Incorporated</copyright>
   <link_time>0x5a03697d</link_time>
   <output_file>S5e_APP6.out</output_file>
   <entry_point>
      <name>_c_int00</name>
      <address>0x1580</address>
   </entry_point>
   <input_file_list>
      <input_file id="fl-2">
         <path>.\source\asm\</path>
         <kind>object</kind>
         <file>Vectors.obj</file>
         <name>Vectors.obj</name>
      </input_file>
      <input_file id="fl-3">
         <path>.\source\c\</path>
         <kind>object</kind>
         <file>SimpleInterrupt.obj</file>
         <name>SimpleInterrupt.obj</name>
      </input_file>
      <input_file id="fl-81">
         <path>C:\ti\02 - Push compiler 7.x\c6000_7.4.20\lib\</path>
         <kind>archive</kind>
         <file>rts6700.lib</file>
         <name>boot.obj</name>
      </input_file>
      <input_file id="fl-82">
         <path>C:\ti\02 - Push compiler 7.x\c6000_7.4.20\lib\</path>
         <kind>archive</kind>
         <file>rts6700.lib</file>
         <name>exit.obj</name>
      </input_file>
      <input_file id="fl-83">
         <path>C:\ti\02 - Push compiler 7.x\c6000_7.4.20\lib\</path>
         <kind>archive</kind>
         <file>rts6700.lib</file>
         <name>args_main.obj</name>
      </input_file>
      <input_file id="fl-84">
         <path>C:\ti\02 - Push compiler 7.x\c6000_7.4.20\lib\</path>
         <kind>archive</kind>
         <file>rts6700.lib</file>
         <name>autoinit.obj</name>
      </input_file>
      <input_file id="fl-85">
         <path>C:\ti\02 - Push compiler 7.x\c6000_7.4.20\lib\</path>
         <kind>archive</kind>
         <file>rts6700.lib</file>
         <name>cpp_init.obj</name>
      </input_file>
      <input_file id="fl-86">
         <path>C:\ti\02 - Push compiler 7.x\c6000_7.4.20\lib\</path>
         <kind>archive</kind>
         <file>rts6700.lib</file>
         <name>cpy_tbl.obj</name>
      </input_file>
      <input_file id="fl-87">
         <path>C:\ti\02 - Push compiler 7.x\c6000_7.4.20\lib\</path>
         <kind>archive</kind>
         <file>rts6700.lib</file>
         <name>memcpy62.obj</name>
      </input_file>
      <input_file id="fl-88">
         <path>C:\ti\ccsv7\ccs_base\C6xCSL\lib_3x\</path>
         <kind>archive</kind>
         <file>csl6713.lib</file>
         <name>csl_gpio.obj</name>
      </input_file>
      <input_file id="fl-89">
         <path>C:\ti\ccsv7\ccs_base\C6xCSL\lib_3x\</path>
         <kind>archive</kind>
         <file>csl6713.lib</file>
         <name>csl_irq.obj</name>
      </input_file>
      <input_file id="fl-8a">
         <path>C:\ti\dsk6713\lib\</path>
         <kind>archive</kind>
         <file>dsk6713bsl.lib</file>
         <name>dsk6713.obj</name>
      </input_file>
      <input_file id="fl-8b">
         <path>C:\ti\dsk6713\lib\</path>
         <kind>archive</kind>
         <file>dsk6713bsl.lib</file>
         <name>dsk6713_led.obj</name>
      </input_file>
      <input_file id="fl-8c">
         <path>C:\ti\02 - Push compiler 7.x\c6000_7.4.20\lib\</path>
         <kind>archive</kind>
         <file>rts6700.lib</file>
         <name>strasg.obj</name>
      </input_file>
   </input_file_list>
   <object_component_list>
      <object_component id="oc-10">
         <name>.vectors</name>
         <load_address>0x0</load_address>
         <run_address>0x0</run_address>
         <size>0x200</size>
         <input_file_ref idref="fl-2"/>
      </object_component>
      <object_component id="oc-3e">
         <name>.text</name>
         <load_address>0x220</load_address>
         <run_address>0x220</run_address>
         <size>0x480</size>
         <input_file_ref idref="fl-8a"/>
      </object_component>
      <object_component id="oc-53">
         <name>.text</name>
         <load_address>0x6a0</load_address>
         <run_address>0x6a0</run_address>
         <size>0x280</size>
         <input_file_ref idref="fl-3"/>
      </object_component>
      <object_component id="oc-51">
         <name>.text:_memcpy</name>
         <load_address>0x920</load_address>
         <run_address>0x920</run_address>
         <size>0x240</size>
         <input_file_ref idref="fl-87"/>
      </object_component>
      <object_component id="oc-5b">
         <name>.text:_IRQ_map</name>
         <load_address>0xb60</load_address>
         <run_address>0xb60</run_address>
         <size>0x1c0</size>
         <input_file_ref idref="fl-89"/>
      </object_component>
      <object_component id="oc-44">
         <name>.text</name>
         <load_address>0xd20</load_address>
         <run_address>0xd20</run_address>
         <size>0x1a0</size>
         <input_file_ref idref="fl-8b"/>
      </object_component>
      <object_component id="oc-4c">
         <name>.text:__auto_init</name>
         <load_address>0xec0</load_address>
         <run_address>0xec0</run_address>
         <size>0x100</size>
         <input_file_ref idref="fl-84"/>
      </object_component>
      <object_component id="oc-4f">
         <name>.text:__strasg</name>
         <load_address>0xfc0</load_address>
         <run_address>0xfc0</run_address>
         <size>0xe0</size>
         <input_file_ref idref="fl-8c"/>
      </object_component>
      <object_component id="oc-4e">
         <name>.text:_exit</name>
         <load_address>0x10a0</load_address>
         <run_address>0x10a0</run_address>
         <size>0xe0</size>
         <input_file_ref idref="fl-82"/>
      </object_component>
      <object_component id="oc-56">
         <name>.text:_GPIO_open</name>
         <load_address>0x1180</load_address>
         <run_address>0x1180</run_address>
         <size>0xc0</size>
         <input_file_ref idref="fl-88"/>
      </object_component>
      <object_component id="oc-60">
         <name>.text:_GPIO_reset</name>
         <load_address>0x1240</load_address>
         <run_address>0x1240</run_address>
         <size>0xc0</size>
         <input_file_ref idref="fl-88"/>
      </object_component>
      <object_component id="oc-50">
         <name>.text:_copy_in</name>
         <load_address>0x1300</load_address>
         <run_address>0x1300</run_address>
         <size>0xc0</size>
         <input_file_ref idref="fl-86"/>
      </object_component>
      <object_component id="oc-59">
         <name>.text:_GPIO_intPolarity</name>
         <load_address>0x13c0</load_address>
         <run_address>0x13c0</run_address>
         <size>0xa0</size>
         <input_file_ref idref="fl-88"/>
      </object_component>
      <object_component id="oc-61">
         <name>.text:_setMux</name>
         <load_address>0x1460</load_address>
         <run_address>0x1460</run_address>
         <size>0xa0</size>
         <input_file_ref idref="fl-89"/>
      </object_component>
      <object_component id="oc-52">
         <name>.text:___TI_cpp_init</name>
         <load_address>0x1500</load_address>
         <run_address>0x1500</run_address>
         <size>0x80</size>
         <input_file_ref idref="fl-85"/>
      </object_component>
      <object_component id="oc-e">
         <name>.text:_c_int00</name>
         <load_address>0x1580</load_address>
         <run_address>0x1580</run_address>
         <size>0x80</size>
         <input_file_ref idref="fl-81"/>
      </object_component>
      <object_component id="oc-58">
         <name>.text:_GPIO_pinDirection</name>
         <load_address>0x1600</load_address>
         <run_address>0x1600</run_address>
         <size>0x60</size>
         <input_file_ref idref="fl-88"/>
      </object_component>
      <object_component id="oc-57">
         <name>.text:_GPIO_pinEnable</name>
         <load_address>0x1660</load_address>
         <run_address>0x1660</run_address>
         <size>0x40</size>
         <input_file_ref idref="fl-88"/>
      </object_component>
      <object_component id="oc-55">
         <name>.text:_GPIO_pinWrite</name>
         <load_address>0x16a0</load_address>
         <run_address>0x16a0</run_address>
         <size>0x40</size>
         <input_file_ref idref="fl-88"/>
      </object_component>
      <object_component id="oc-5d">
         <name>.text:_IRQ_enable</name>
         <load_address>0x16e0</load_address>
         <run_address>0x16e0</run_address>
         <size>0x40</size>
         <input_file_ref idref="fl-89"/>
      </object_component>
      <object_component id="oc-5c">
         <name>.text:_IRQ_reset</name>
         <load_address>0x1720</load_address>
         <run_address>0x1720</run_address>
         <size>0x40</size>
         <input_file_ref idref="fl-89"/>
      </object_component>
      <object_component id="oc-4d">
         <name>.text:__args_main</name>
         <load_address>0x1760</load_address>
         <run_address>0x1760</run_address>
         <size>0x40</size>
         <input_file_ref idref="fl-83"/>
      </object_component>
      <object_component id="oc-17">
         <name>.text:retain</name>
         <load_address>0x17a0</load_address>
         <run_address>0x17a0</run_address>
         <size>0x40</size>
         <input_file_ref idref="fl-3"/>
      </object_component>
      <object_component id="oc-f">
         <name>.text</name>
         <load_address>0x17e0</load_address>
         <run_address>0x17e0</run_address>
         <size>0x20</size>
         <input_file_ref idref="fl-2"/>
      </object_component>
      <object_component id="oc-5f">
         <name>.text:_IRQ_globalEnable</name>
         <load_address>0x1800</load_address>
         <run_address>0x1800</run_address>
         <size>0x20</size>
         <input_file_ref idref="fl-89"/>
      </object_component>
      <object_component id="oc-5e">
         <name>.text:_IRQ_nmiEnable</name>
         <load_address>0x1820</load_address>
         <run_address>0x1820</run_address>
         <size>0x20</size>
         <input_file_ref idref="fl-89"/>
      </object_component>
      <object_component id="oc-5a">
         <name>.text:_IRQ_setVecs</name>
         <load_address>0x1840</load_address>
         <run_address>0x1840</run_address>
         <size>0x20</size>
         <input_file_ref idref="fl-89"/>
      </object_component>
      <object_component id="oc-54">
         <name>.text:_abort</name>
         <load_address>0x1860</load_address>
         <run_address>0x1860</run_address>
         <size>0x20</size>
         <input_file_ref idref="fl-82"/>
      </object_component>
      <object_component id="oc-38">
         <name>.text</name>
         <load_address>0x1880</load_address>
         <run_address>0x1880</run_address>
         <size>0x20</size>
         <input_file_ref idref="fl-89"/>
      </object_component>
      <object_component id="oc-39">
         <name>.cinit</name>
         <load_address>0x28a0</load_address>
         <run_address>0x28a0</run_address>
         <size>0x12c</size>
         <input_file_ref idref="fl-89"/>
      </object_component>
      <object_component id="oc-33">
         <name>.cinit</name>
         <load_address>0x29d0</load_address>
         <run_address>0x29d0</run_address>
         <size>0x44</size>
         <input_file_ref idref="fl-88"/>
      </object_component>
      <object_component id="oc-20">
         <name>.cinit</name>
         <load_address>0x2a18</load_address>
         <run_address>0x2a18</run_address>
         <size>0x2c</size>
         <input_file_ref idref="fl-82"/>
      </object_component>
      <object_component id="oc-15">
         <name>.cinit</name>
         <load_address>0x2a48</load_address>
         <run_address>0x2a48</run_address>
         <size>0x1c</size>
         <input_file_ref idref="fl-3"/>
      </object_component>
      <object_component id="oc-1c">
         <name>.stack</name>
         <uninitialized>true</uninitialized>
         <run_address>0x18a0</run_address>
         <size>0x8</size>
         <input_file_ref idref="fl-81"/>
      </object_component>
      <object_component id="oc-77">
         <name>.stack</name>
         <uninitialized>true</uninitialized>
         <run_address>0x18a0</run_address>
         <size>0x0</size>
      </object_component>
      <object_component id="oc-40">
         <name>.const</name>
         <load_address>0x2ba0</load_address>
         <run_address>0x2ba0</run_address>
         <size>0x20</size>
         <input_file_ref idref="fl-8a"/>
      </object_component>
      <object_component id="oc-16">
         <name>.far</name>
         <uninitialized>true</uninitialized>
         <run_address>0x2b84</run_address>
         <size>0xc</size>
         <input_file_ref idref="fl-3"/>
      </object_component>
      <object_component id="oc-21">
         <name>.far</name>
         <uninitialized>true</uninitialized>
         <run_address>0x2b90</run_address>
         <size>0xc</size>
         <input_file_ref idref="fl-82"/>
      </object_component>
      <object_component id="oc-34">
         <name>.far</name>
         <uninitialized>true</uninitialized>
         <run_address>0x2b60</run_address>
         <size>0x24</size>
         <input_file_ref idref="fl-88"/>
      </object_component>
      <object_component id="oc-3a">
         <name>.far</name>
         <uninitialized>true</uninitialized>
         <run_address>0x2a6c</run_address>
         <size>0xf4</size>
         <input_file_ref idref="fl-89"/>
      </object_component>
      <object_component id="oc-3f">
         <name>.far</name>
         <uninitialized>true</uninitialized>
         <run_address>0x2b9c</run_address>
         <size>0x2</size>
         <input_file_ref idref="fl-8a"/>
      </object_component>
      <object_component id="oc-45">
         <name>.far</name>
         <uninitialized>true</uninitialized>
         <run_address>0x2b9e</run_address>
         <size>0x2</size>
         <input_file_ref idref="fl-8b"/>
      </object_component>
      <object_component id="oc-11">
         <name>.debug_info</name>
         <load_address>0x0</load_address>
         <run_address>0x0</run_address>
         <size>0x117</size>
         <input_file_ref idref="fl-2"/>
      </object_component>
      <object_component id="oc-14">
         <name>.debug_info</name>
         <load_address>0x117</load_address>
         <run_address>0x117</run_address>
         <size>0xbfe</size>
         <input_file_ref idref="fl-3"/>
      </object_component>
      <object_component id="oc-1b">
         <name>.debug_info</name>
         <load_address>0xd15</load_address>
         <run_address>0xd15</run_address>
         <size>0x701</size>
         <input_file_ref idref="fl-81"/>
      </object_component>
      <object_component id="oc-1f">
         <name>.debug_info</name>
         <load_address>0x1416</load_address>
         <run_address>0x1416</run_address>
         <size>0x7f2</size>
         <input_file_ref idref="fl-82"/>
      </object_component>
      <object_component id="oc-24">
         <name>.debug_info</name>
         <load_address>0x1c08</load_address>
         <run_address>0x1c08</run_address>
         <size>0x6d7</size>
         <input_file_ref idref="fl-83"/>
      </object_component>
      <object_component id="oc-27">
         <name>.debug_info</name>
         <load_address>0x22df</load_address>
         <run_address>0x22df</run_address>
         <size>0x864</size>
         <input_file_ref idref="fl-84"/>
      </object_component>
      <object_component id="oc-2a">
         <name>.debug_info</name>
         <load_address>0x2b43</load_address>
         <run_address>0x2b43</run_address>
         <size>0x6dc</size>
         <input_file_ref idref="fl-85"/>
      </object_component>
      <object_component id="oc-2d">
         <name>.debug_info</name>
         <load_address>0x321f</load_address>
         <run_address>0x321f</run_address>
         <size>0x7d2</size>
         <input_file_ref idref="fl-86"/>
      </object_component>
      <object_component id="oc-30">
         <name>.debug_info</name>
         <load_address>0x39f1</load_address>
         <run_address>0x39f1</run_address>
         <size>0x782</size>
         <input_file_ref idref="fl-87"/>
      </object_component>
      <object_component id="oc-36">
         <name>.debug_info</name>
         <load_address>0x4173</load_address>
         <run_address>0x4173</run_address>
         <size>0xc04</size>
         <input_file_ref idref="fl-88"/>
      </object_component>
      <object_component id="oc-3c">
         <name>.debug_info</name>
         <load_address>0x4d77</load_address>
         <run_address>0x4d77</run_address>
         <size>0xccb</size>
         <input_file_ref idref="fl-89"/>
      </object_component>
      <object_component id="oc-42">
         <name>.debug_info</name>
         <load_address>0x5a42</load_address>
         <run_address>0x5a42</run_address>
         <size>0xa4e</size>
         <input_file_ref idref="fl-8a"/>
      </object_component>
      <object_component id="oc-47">
         <name>.debug_info</name>
         <load_address>0x6490</load_address>
         <run_address>0x6490</run_address>
         <size>0x787</size>
         <input_file_ref idref="fl-8b"/>
      </object_component>
      <object_component id="oc-49">
         <name>.debug_info</name>
         <load_address>0x6c17</load_address>
         <run_address>0x6c17</run_address>
         <size>0xcc</size>
         <input_file_ref idref="fl-8c"/>
      </object_component>
      <object_component id="oc-78">
         <name>.debug_info</name>
         <load_address>0x6ce3</load_address>
         <run_address>0x6ce3</run_address>
         <size>0x6e</size>
      </object_component>
      <object_component id="oc-12">
         <name>.debug_line</name>
         <load_address>0x0</load_address>
         <run_address>0x0</run_address>
         <size>0xd3</size>
         <input_file_ref idref="fl-2"/>
      </object_component>
      <object_component id="oc-19">
         <name>.debug_line</name>
         <load_address>0xd3</load_address>
         <run_address>0xd3</run_address>
         <size>0x9b</size>
         <input_file_ref idref="fl-3"/>
      </object_component>
      <object_component id="oc-1d">
         <name>.debug_line</name>
         <load_address>0x16e</load_address>
         <run_address>0x16e</run_address>
         <size>0x3d</size>
         <input_file_ref idref="fl-81"/>
      </object_component>
      <object_component id="oc-22">
         <name>.debug_line</name>
         <load_address>0x1ab</load_address>
         <run_address>0x1ab</run_address>
         <size>0x4f</size>
         <input_file_ref idref="fl-82"/>
      </object_component>
      <object_component id="oc-25">
         <name>.debug_line</name>
         <load_address>0x1fa</load_address>
         <run_address>0x1fa</run_address>
         <size>0x41</size>
         <input_file_ref idref="fl-83"/>
      </object_component>
      <object_component id="oc-28">
         <name>.debug_line</name>
         <load_address>0x23b</load_address>
         <run_address>0x23b</run_address>
         <size>0x47</size>
         <input_file_ref idref="fl-84"/>
      </object_component>
      <object_component id="oc-2b">
         <name>.debug_line</name>
         <load_address>0x282</load_address>
         <run_address>0x282</run_address>
         <size>0x45</size>
         <input_file_ref idref="fl-85"/>
      </object_component>
      <object_component id="oc-2e">
         <name>.debug_line</name>
         <load_address>0x2c7</load_address>
         <run_address>0x2c7</run_address>
         <size>0x44</size>
         <input_file_ref idref="fl-86"/>
      </object_component>
      <object_component id="oc-31">
         <name>.debug_line</name>
         <load_address>0x30b</load_address>
         <run_address>0x30b</run_address>
         <size>0x4e</size>
         <input_file_ref idref="fl-87"/>
      </object_component>
      <object_component id="oc-37">
         <name>.debug_line</name>
         <load_address>0x359</load_address>
         <run_address>0x359</run_address>
         <size>0xf2</size>
         <input_file_ref idref="fl-88"/>
      </object_component>
      <object_component id="oc-3d">
         <name>.debug_line</name>
         <load_address>0x44b</load_address>
         <run_address>0x44b</run_address>
         <size>0x10b</size>
         <input_file_ref idref="fl-89"/>
      </object_component>
      <object_component id="oc-43">
         <name>.debug_line</name>
         <load_address>0x556</load_address>
         <run_address>0x556</run_address>
         <size>0xb2</size>
         <input_file_ref idref="fl-8a"/>
      </object_component>
      <object_component id="oc-48">
         <name>.debug_line</name>
         <load_address>0x608</load_address>
         <run_address>0x608</run_address>
         <size>0x77</size>
         <input_file_ref idref="fl-8b"/>
      </object_component>
      <object_component id="oc-4a">
         <name>.debug_line</name>
         <load_address>0x67f</load_address>
         <run_address>0x67f</run_address>
         <size>0x48</size>
         <input_file_ref idref="fl-8c"/>
      </object_component>
      <object_component id="oc-13">
         <name>.debug_abbrev</name>
         <load_address>0x0</load_address>
         <run_address>0x0</run_address>
         <size>0x21</size>
         <input_file_ref idref="fl-2"/>
      </object_component>
      <object_component id="oc-1a">
         <name>.debug_abbrev</name>
         <load_address>0x21</load_address>
         <run_address>0x21</run_address>
         <size>0x146</size>
         <input_file_ref idref="fl-3"/>
      </object_component>
      <object_component id="oc-1e">
         <name>.debug_abbrev</name>
         <load_address>0x167</load_address>
         <run_address>0x167</run_address>
         <size>0xfe</size>
         <input_file_ref idref="fl-81"/>
      </object_component>
      <object_component id="oc-23">
         <name>.debug_abbrev</name>
         <load_address>0x265</load_address>
         <run_address>0x265</run_address>
         <size>0x119</size>
         <input_file_ref idref="fl-82"/>
      </object_component>
      <object_component id="oc-26">
         <name>.debug_abbrev</name>
         <load_address>0x37e</load_address>
         <run_address>0x37e</run_address>
         <size>0xe1</size>
         <input_file_ref idref="fl-83"/>
      </object_component>
      <object_component id="oc-29">
         <name>.debug_abbrev</name>
         <load_address>0x45f</load_address>
         <run_address>0x45f</run_address>
         <size>0x13f</size>
         <input_file_ref idref="fl-84"/>
      </object_component>
      <object_component id="oc-2c">
         <name>.debug_abbrev</name>
         <load_address>0x59e</load_address>
         <run_address>0x59e</run_address>
         <size>0xdd</size>
         <input_file_ref idref="fl-85"/>
      </object_component>
      <object_component id="oc-2f">
         <name>.debug_abbrev</name>
         <load_address>0x67b</load_address>
         <run_address>0x67b</run_address>
         <size>0x10c</size>
         <input_file_ref idref="fl-86"/>
      </object_component>
      <object_component id="oc-32">
         <name>.debug_abbrev</name>
         <load_address>0x787</load_address>
         <run_address>0x787</run_address>
         <size>0xd5</size>
         <input_file_ref idref="fl-87"/>
      </object_component>
      <object_component id="oc-35">
         <name>.debug_abbrev</name>
         <load_address>0x85c</load_address>
         <run_address>0x85c</run_address>
         <size>0x17d</size>
         <input_file_ref idref="fl-88"/>
      </object_component>
      <object_component id="oc-3b">
         <name>.debug_abbrev</name>
         <load_address>0x9d9</load_address>
         <run_address>0x9d9</run_address>
         <size>0x1b7</size>
         <input_file_ref idref="fl-89"/>
      </object_component>
      <object_component id="oc-41">
         <name>.debug_abbrev</name>
         <load_address>0xb90</load_address>
         <run_address>0xb90</run_address>
         <size>0x19a</size>
         <input_file_ref idref="fl-8a"/>
      </object_component>
      <object_component id="oc-46">
         <name>.debug_abbrev</name>
         <load_address>0xd2a</load_address>
         <run_address>0xd2a</run_address>
         <size>0xde</size>
         <input_file_ref idref="fl-8b"/>
      </object_component>
      <object_component id="oc-4b">
         <name>.debug_abbrev</name>
         <load_address>0xe08</load_address>
         <run_address>0xe08</run_address>
         <size>0x3b</size>
         <input_file_ref idref="fl-8c"/>
      </object_component>
      <object_component id="oc-79">
         <name>.debug_abbrev</name>
         <load_address>0xe43</load_address>
         <run_address>0xe43</run_address>
         <size>0xd</size>
      </object_component>
      <object_component id="oc-18">
         <name>.debug_frame</name>
         <load_address>0x0</load_address>
         <run_address>0x0</run_address>
         <size>0x29b</size>
         <input_file_ref idref="fl-3"/>
      </object_component>
   </object_component_list>
   <logical_group_list>
      <logical_group id="lg-2">
         <name>.EXT_RAM</name>
         <run_address>0x0</run_address>
         <size>0x0</size>
         <contents>
         </contents>
      </logical_group>
      <logical_group id="lg-3">
         <name>.vectors</name>
         <load_address>0x0</load_address>
         <run_address>0x0</run_address>
         <size>0x200</size>
         <contents>
            <object_component_ref idref="oc-10"/>
         </contents>
      </logical_group>
      <logical_group id="lg-4">
         <name>.text</name>
         <load_address>0x220</load_address>
         <run_address>0x220</run_address>
         <size>0x1680</size>
         <contents>
            <object_component_ref idref="oc-3e"/>
            <object_component_ref idref="oc-53"/>
            <object_component_ref idref="oc-51"/>
            <object_component_ref idref="oc-5b"/>
            <object_component_ref idref="oc-44"/>
            <object_component_ref idref="oc-4c"/>
            <object_component_ref idref="oc-4f"/>
            <object_component_ref idref="oc-4e"/>
            <object_component_ref idref="oc-56"/>
            <object_component_ref idref="oc-60"/>
            <object_component_ref idref="oc-50"/>
            <object_component_ref idref="oc-59"/>
            <object_component_ref idref="oc-61"/>
            <object_component_ref idref="oc-52"/>
            <object_component_ref idref="oc-e"/>
            <object_component_ref idref="oc-58"/>
            <object_component_ref idref="oc-57"/>
            <object_component_ref idref="oc-55"/>
            <object_component_ref idref="oc-5d"/>
            <object_component_ref idref="oc-5c"/>
            <object_component_ref idref="oc-4d"/>
            <object_component_ref idref="oc-17"/>
            <object_component_ref idref="oc-f"/>
            <object_component_ref idref="oc-5f"/>
            <object_component_ref idref="oc-5e"/>
            <object_component_ref idref="oc-5a"/>
            <object_component_ref idref="oc-54"/>
            <object_component_ref idref="oc-38"/>
         </contents>
      </logical_group>
      <logical_group id="lg-5">
         <name>.bss</name>
         <run_address>0x220</run_address>
         <size>0x0</size>
         <contents>
         </contents>
      </logical_group>
      <logical_group id="lg-6">
         <name>.cinit</name>
         <load_address>0x28a0</load_address>
         <run_address>0x28a0</run_address>
         <size>0x1cc</size>
         <contents>
            <object_component_ref idref="oc-39"/>
            <object_component_ref idref="oc-33"/>
            <object_component_ref idref="oc-20"/>
            <object_component_ref idref="oc-15"/>
         </contents>
      </logical_group>
      <logical_group id="lg-7">
         <name>.stack</name>
         <run_address>0x18a0</run_address>
         <size>0x1000</size>
         <contents>
            <object_component_ref idref="oc-1c"/>
            <object_component_ref idref="oc-77"/>
         </contents>
      </logical_group>
      <logical_group id="lg-8">
         <name>.sysmem</name>
         <run_address>0x0</run_address>
         <size>0x0</size>
         <contents>
         </contents>
      </logical_group>
      <logical_group id="lg-9">
         <name>.const</name>
         <load_address>0x2ba0</load_address>
         <run_address>0x2ba0</run_address>
         <size>0x20</size>
         <contents>
            <object_component_ref idref="oc-40"/>
         </contents>
      </logical_group>
      <logical_group id="lg-a">
         <name>.switch</name>
         <run_address>0x0</run_address>
         <size>0x0</size>
         <contents>
         </contents>
      </logical_group>
      <logical_group id="lg-b">
         <name>.far</name>
         <run_address>0x2a6c</run_address>
         <size>0x134</size>
         <contents>
            <object_component_ref idref="oc-16"/>
            <object_component_ref idref="oc-21"/>
            <object_component_ref idref="oc-34"/>
            <object_component_ref idref="oc-3a"/>
            <object_component_ref idref="oc-3f"/>
            <object_component_ref idref="oc-45"/>
         </contents>
      </logical_group>
      <logical_group id="lg-c">
         <name>.cio</name>
         <run_address>0x0</run_address>
         <size>0x0</size>
         <contents>
         </contents>
      </logical_group>
      <logical_group id="lg-d">
         <name>.csldata</name>
         <run_address>0x0</run_address>
         <size>0x0</size>
         <contents>
         </contents>
      </logical_group>
      <logical_group id="lg-6e">
         <name>.debug_info</name>
         <load_address>0x0</load_address>
         <run_address>0x0</run_address>
         <size>0x6d51</size>
         <contents>
            <object_component_ref idref="oc-11"/>
            <object_component_ref idref="oc-14"/>
            <object_component_ref idref="oc-1b"/>
            <object_component_ref idref="oc-1f"/>
            <object_component_ref idref="oc-24"/>
            <object_component_ref idref="oc-27"/>
            <object_component_ref idref="oc-2a"/>
            <object_component_ref idref="oc-2d"/>
            <object_component_ref idref="oc-30"/>
            <object_component_ref idref="oc-36"/>
            <object_component_ref idref="oc-3c"/>
            <object_component_ref idref="oc-42"/>
            <object_component_ref idref="oc-47"/>
            <object_component_ref idref="oc-49"/>
            <object_component_ref idref="oc-78"/>
         </contents>
      </logical_group>
      <logical_group id="lg-70">
         <name>.debug_line</name>
         <load_address>0x0</load_address>
         <run_address>0x0</run_address>
         <size>0x6c7</size>
         <contents>
            <object_component_ref idref="oc-12"/>
            <object_component_ref idref="oc-19"/>
            <object_component_ref idref="oc-1d"/>
            <object_component_ref idref="oc-22"/>
            <object_component_ref idref="oc-25"/>
            <object_component_ref idref="oc-28"/>
            <object_component_ref idref="oc-2b"/>
            <object_component_ref idref="oc-2e"/>
            <object_component_ref idref="oc-31"/>
            <object_component_ref idref="oc-37"/>
            <object_component_ref idref="oc-3d"/>
            <object_component_ref idref="oc-43"/>
            <object_component_ref idref="oc-48"/>
            <object_component_ref idref="oc-4a"/>
         </contents>
      </logical_group>
      <logical_group id="lg-72">
         <name>.debug_abbrev</name>
         <load_address>0x0</load_address>
         <run_address>0x0</run_address>
         <size>0xe50</size>
         <contents>
            <object_component_ref idref="oc-13"/>
            <object_component_ref idref="oc-1a"/>
            <object_component_ref idref="oc-1e"/>
            <object_component_ref idref="oc-23"/>
            <object_component_ref idref="oc-26"/>
            <object_component_ref idref="oc-29"/>
            <object_component_ref idref="oc-2c"/>
            <object_component_ref idref="oc-2f"/>
            <object_component_ref idref="oc-32"/>
            <object_component_ref idref="oc-35"/>
            <object_component_ref idref="oc-3b"/>
            <object_component_ref idref="oc-41"/>
            <object_component_ref idref="oc-46"/>
            <object_component_ref idref="oc-4b"/>
            <object_component_ref idref="oc-79"/>
         </contents>
      </logical_group>
      <logical_group id="lg-74">
         <name>.debug_frame</name>
         <load_address>0x0</load_address>
         <run_address>0x0</run_address>
         <size>0x29b</size>
         <contents>
            <object_component_ref idref="oc-18"/>
         </contents>
      </logical_group>
   </logical_group_list>
   <placement_map>
      <memory_area>
         <name>IVECS</name>
         <page_id>0x0</page_id>
         <origin>0x0</origin>
         <length>0x220</length>
         <used_space>0x200</used_space>
         <unused_space>0x20</unused_space>
         <attributes>RWIX</attributes>
         <usage_details>
            <allocated_space>
               <start_address>0x0</start_address>
               <size>0x200</size>
               <logical_group_ref idref="lg-3"/>
            </allocated_space>
            <available_space>
               <start_address>0x200</start_address>
               <size>0x20</size>
            </available_space>
         </usage_details>
      </memory_area>
      <memory_area>
         <name>IRAM</name>
         <page_id>0x0</page_id>
         <origin>0x220</origin>
         <length>0x2fde0</length>
         <used_space>0x29a0</used_space>
         <unused_space>0x2d440</unused_space>
         <attributes>RWIX</attributes>
         <usage_details>
            <allocated_space>
               <start_address>0x220</start_address>
               <size>0x0</size>
               <logical_group_ref idref="lg-5"/>
            </allocated_space>
            <allocated_space>
               <start_address>0x220</start_address>
               <size>0x1680</size>
               <logical_group_ref idref="lg-4"/>
            </allocated_space>
            <allocated_space>
               <start_address>0x18a0</start_address>
               <size>0x1000</size>
               <logical_group_ref idref="lg-7"/>
            </allocated_space>
            <allocated_space>
               <start_address>0x28a0</start_address>
               <size>0x1cc</size>
               <logical_group_ref idref="lg-6"/>
            </allocated_space>
            <allocated_space>
               <start_address>0x2a6c</start_address>
               <size>0x134</size>
               <logical_group_ref idref="lg-b"/>
            </allocated_space>
            <allocated_space>
               <start_address>0x2ba0</start_address>
               <size>0x20</size>
               <logical_group_ref idref="lg-9"/>
            </allocated_space>
            <available_space>
               <start_address>0x2bc0</start_address>
               <size>0x2d440</size>
            </available_space>
         </usage_details>
      </memory_area>
      <memory_area>
         <name>SDRAM</name>
         <page_id>0x0</page_id>
         <origin>0x80000000</origin>
         <length>0x1000000</length>
         <used_space>0x0</used_space>
         <unused_space>0x1000000</unused_space>
         <attributes>RWIX</attributes>
         <usage_details>
         </usage_details>
      </memory_area>
      <memory_area>
         <name>FLASH</name>
         <page_id>0x0</page_id>
         <origin>0x90000000</origin>
         <length>0x20000</length>
         <used_space>0x0</used_space>
         <unused_space>0x20000</unused_space>
         <attributes>RWIX</attributes>
         <usage_details>
         </usage_details>
      </memory_area>
   </placement_map>
   <symbol_table>
      <symbol id="sm-0">
         <name>cinit</name>
         <value>0x28a0</value>
      </symbol>
      <symbol id="sm-1">
         <name>___cinit__</name>
         <value>0x28a0</value>
      </symbol>
      <symbol id="sm-2">
         <name>pinit</name>
         <value>0xffffffff</value>
      </symbol>
      <symbol id="sm-3">
         <name>___pinit__</name>
         <value>0xffffffff</value>
      </symbol>
      <symbol id="sm-4">
         <name>binit</name>
         <value>0xffffffff</value>
      </symbol>
      <symbol id="sm-5">
         <name>___binit__</name>
         <value>0xffffffff</value>
      </symbol>
      <symbol id="sm-6">
         <name>__STACK_SIZE</name>
         <value>0x1000</value>
      </symbol>
      <symbol id="sm-7">
         <name>__STACK_END</name>
         <value>0x28a0</value>
      </symbol>
      <symbol id="sm-8">
         <name>___c_args__</name>
         <value>0xffffffff</value>
      </symbol>
      <symbol id="sm-9">
         <name>.text</name>
         <value>0x220</value>
      </symbol>
      <symbol id="sm-a">
         <name>___text__</name>
         <value>0x220</value>
      </symbol>
      <symbol id="sm-b">
         <name>etext</name>
         <value>0x18a0</value>
      </symbol>
      <symbol id="sm-c">
         <name>___etext__</name>
         <value>0x18a0</value>
      </symbol>
      <symbol id="sm-d">
         <name>.bss</name>
         <value>0x220</value>
      </symbol>
      <symbol id="sm-e">
         <name>___bss__</name>
         <value>0x220</value>
      </symbol>
      <symbol id="sm-f">
         <name>end</name>
         <value>0x220</value>
      </symbol>
      <symbol id="sm-10">
         <name>___end__</name>
         <value>0x220</value>
      </symbol>
      <symbol id="sm-11">
         <name>___TI_pprof_out_hndl</name>
         <value>0xffffffff</value>
      </symbol>
      <symbol id="sm-12">
         <name>___TI_prof_data_start</name>
         <value>0xffffffff</value>
      </symbol>
      <symbol id="sm-13">
         <name>___TI_prof_data_size</name>
         <value>0xffffffff</value>
      </symbol>
      <symbol id="sm-14">
         <name>$bss</name>
         <value>0x220</value>
      </symbol>
      <symbol id="sm-41">
         <name>_vector10</name>
         <value>0x140</value>
         <object_component_ref idref="oc-10"/>
      </symbol>
      <symbol id="sm-42">
         <name>_vector11</name>
         <value>0x160</value>
         <object_component_ref idref="oc-10"/>
      </symbol>
      <symbol id="sm-43">
         <name>_vector12</name>
         <value>0x180</value>
         <object_component_ref idref="oc-10"/>
      </symbol>
      <symbol id="sm-44">
         <name>_vector13</name>
         <value>0x1a0</value>
         <object_component_ref idref="oc-10"/>
      </symbol>
      <symbol id="sm-45">
         <name>_vector14</name>
         <value>0x1c0</value>
         <object_component_ref idref="oc-10"/>
      </symbol>
      <symbol id="sm-46">
         <name>_vector15</name>
         <value>0x1e0</value>
         <object_component_ref idref="oc-10"/>
      </symbol>
      <symbol id="sm-47">
         <name>_vectors</name>
         <value>0x0</value>
         <object_component_ref idref="oc-10"/>
      </symbol>
      <symbol id="sm-48">
         <name>_vector1</name>
         <value>0x20</value>
         <object_component_ref idref="oc-10"/>
      </symbol>
      <symbol id="sm-49">
         <name>_vector3</name>
         <value>0x60</value>
         <object_component_ref idref="oc-10"/>
      </symbol>
      <symbol id="sm-4a">
         <name>_vector2</name>
         <value>0x40</value>
         <object_component_ref idref="oc-10"/>
      </symbol>
      <symbol id="sm-4b">
         <name>_vector5</name>
         <value>0xa0</value>
         <object_component_ref idref="oc-10"/>
      </symbol>
      <symbol id="sm-4c">
         <name>_vector7</name>
         <value>0xe0</value>
         <object_component_ref idref="oc-10"/>
      </symbol>
      <symbol id="sm-4d">
         <name>_vector6</name>
         <value>0xc0</value>
         <object_component_ref idref="oc-10"/>
      </symbol>
      <symbol id="sm-4e">
         <name>_vector9</name>
         <value>0x120</value>
         <object_component_ref idref="oc-10"/>
      </symbol>
      <symbol id="sm-4f">
         <name>_vector8</name>
         <value>0x100</value>
         <object_component_ref idref="oc-10"/>
      </symbol>
      <symbol id="sm-76">
         <name>_main</name>
         <value>0x6a0</value>
         <object_component_ref idref="oc-53"/>
      </symbol>
      <symbol id="sm-77">
         <name>_init_ext_intr</name>
         <value>0x75c</value>
         <object_component_ref idref="oc-53"/>
      </symbol>
      <symbol id="sm-78">
         <name>_c_int04</name>
         <value>0x17a0</value>
         <object_component_ref idref="oc-17"/>
      </symbol>
      <symbol id="sm-79">
         <name>_flagInterrupt</name>
         <value>0x2b84</value>
         <object_component_ref idref="oc-16"/>
      </symbol>
      <symbol id="sm-85">
         <name>_c_int00</name>
         <value>0x1580</value>
         <object_component_ref idref="oc-e"/>
      </symbol>
      <symbol id="sm-86">
         <name>__stack</name>
         <value>0x18a0</value>
         <object_component_ref idref="oc-1c"/>
      </symbol>
      <symbol id="sm-96">
         <name>C$$EXIT</name>
         <value>0x1860</value>
         <object_component_ref idref="oc-54"/>
      </symbol>
      <symbol id="sm-97">
         <name>_exit</name>
         <value>0x10a0</value>
         <object_component_ref idref="oc-4e"/>
      </symbol>
      <symbol id="sm-98">
         <name>___TI_enable_exit_profile_output</name>
         <value>0x2b98</value>
         <object_component_ref idref="oc-21"/>
      </symbol>
      <symbol id="sm-99">
         <name>_abort</name>
         <value>0x1860</value>
         <object_component_ref idref="oc-54"/>
      </symbol>
      <symbol id="sm-9a">
         <name>__cleanup_ptr</name>
         <value>0x2b90</value>
         <object_component_ref idref="oc-21"/>
      </symbol>
      <symbol id="sm-9b">
         <name>__dtors_ptr</name>
         <value>0x2b94</value>
         <object_component_ref idref="oc-21"/>
      </symbol>
      <symbol id="sm-a5">
         <name>__args_main</name>
         <value>0x1760</value>
         <object_component_ref idref="oc-4d"/>
      </symbol>
      <symbol id="sm-a6">
         <name>__TI_args_main</name>
         <value>0x1</value>
      </symbol>
      <symbol id="sm-b0">
         <name>__auto_init</name>
         <value>0xec0</value>
         <object_component_ref idref="oc-4c"/>
      </symbol>
      <symbol id="sm-ba">
         <name>___TI_cpp_init</name>
         <value>0x1500</value>
         <object_component_ref idref="oc-52"/>
      </symbol>
      <symbol id="sm-c4">
         <name>_copy_in</name>
         <value>0x1300</value>
         <object_component_ref idref="oc-50"/>
      </symbol>
      <symbol id="sm-ce">
         <name>_memcpy</name>
         <value>0x920</value>
         <object_component_ref idref="oc-51"/>
      </symbol>
      <symbol id="sm-e6">
         <name>_GPIO_open</name>
         <value>0x1180</value>
         <object_component_ref idref="oc-56"/>
      </symbol>
      <symbol id="sm-e7">
         <name>_GPIO_pinEnable</name>
         <value>0x1660</value>
         <object_component_ref idref="oc-57"/>
      </symbol>
      <symbol id="sm-e8">
         <name>__GPIO_intTable</name>
         <value>0x2b6c</value>
         <object_component_ref idref="oc-34"/>
      </symbol>
      <symbol id="sm-e9">
         <name>_GPIO_intPolarity</name>
         <value>0x13c0</value>
         <object_component_ref idref="oc-59"/>
      </symbol>
      <symbol id="sm-ea">
         <name>_GPIO_pinDirection</name>
         <value>0x1600</value>
         <object_component_ref idref="oc-58"/>
      </symbol>
      <symbol id="sm-eb">
         <name>__hGpioDev0</name>
         <value>0x2b80</value>
         <object_component_ref idref="oc-34"/>
      </symbol>
      <symbol id="sm-ec">
         <name>_GPIO_reset</name>
         <value>0x1240</value>
         <object_component_ref idref="oc-60"/>
      </symbol>
      <symbol id="sm-ed">
         <name>_GPIO_pinWrite</name>
         <value>0x16a0</value>
         <object_component_ref idref="oc-55"/>
      </symbol>
      <symbol id="sm-109">
         <name>_IRQ_setVecs</name>
         <value>0x1840</value>
         <object_component_ref idref="oc-5a"/>
      </symbol>
      <symbol id="sm-10a">
         <name>__IRQ_eventTable</name>
         <value>0x2a94</value>
         <object_component_ref idref="oc-3a"/>
      </symbol>
      <symbol id="sm-10b">
         <name>_IRQ_nmiEnable</name>
         <value>0x1820</value>
         <object_component_ref idref="oc-5e"/>
      </symbol>
      <symbol id="sm-10c">
         <name>_IRQ_reset</name>
         <value>0x1720</value>
         <object_component_ref idref="oc-5c"/>
      </symbol>
      <symbol id="sm-10d">
         <name>__IRQ_intTable</name>
         <value>0x2b18</value>
         <object_component_ref idref="oc-3a"/>
      </symbol>
      <symbol id="sm-10e">
         <name>_IRQ_globalEnable</name>
         <value>0x1800</value>
         <object_component_ref idref="oc-5f"/>
      </symbol>
      <symbol id="sm-10f">
         <name>_IRQ_map</name>
         <value>0xb60</value>
         <object_component_ref idref="oc-5b"/>
      </symbol>
      <symbol id="sm-110">
         <name>_IRQ_enable</name>
         <value>0x16e0</value>
         <object_component_ref idref="oc-5d"/>
      </symbol>
      <symbol id="sm-111">
         <name>__IRQ_dispatchTable</name>
         <value>0x2b58</value>
         <object_component_ref idref="oc-3a"/>
      </symbol>
      <symbol id="sm-112">
         <name>__IRQ_hookFetchPacket</name>
         <value>0x1880</value>
         <object_component_ref idref="oc-38"/>
      </symbol>
      <symbol id="sm-120">
         <name>_DSK6713_init</name>
         <value>0x26c</value>
         <object_component_ref idref="oc-3e"/>
      </symbol>
      <symbol id="sm-121">
         <name>_DSK6713_version</name>
         <value>0x2b9c</value>
         <object_component_ref idref="oc-3f"/>
      </symbol>
      <symbol id="sm-122">
         <name>_DSK6713_rget</name>
         <value>0x588</value>
         <object_component_ref idref="oc-3e"/>
      </symbol>
      <symbol id="sm-123">
         <name>_DSK6713_wait</name>
         <value>0x5b0</value>
         <object_component_ref idref="oc-3e"/>
      </symbol>
      <symbol id="sm-124">
         <name>_DSK6713_rset</name>
         <value>0x59c</value>
         <object_component_ref idref="oc-3e"/>
      </symbol>
      <symbol id="sm-125">
         <name>_DSK6713_waitusec</name>
         <value>0x608</value>
         <object_component_ref idref="oc-3e"/>
      </symbol>
      <symbol id="sm-126">
         <name>_DSK6713_getVersion</name>
         <value>0x634</value>
         <object_component_ref idref="oc-3e"/>
      </symbol>
      <symbol id="sm-132">
         <name>_DSK6713_LED_init</name>
         <value>0xd20</value>
         <object_component_ref idref="oc-44"/>
      </symbol>
      <symbol id="sm-133">
         <name>_DSK6713_LED_on</name>
         <value>0xda4</value>
         <object_component_ref idref="oc-44"/>
      </symbol>
      <symbol id="sm-134">
         <name>_DSK6713_LED_toggle</name>
         <value>0xe00</value>
         <object_component_ref idref="oc-44"/>
      </symbol>
      <symbol id="sm-135">
         <name>_DSK6713_LED_off</name>
         <value>0xd48</value>
         <object_component_ref idref="oc-44"/>
      </symbol>
      <symbol id="sm-13d">
         <name>__strasg</name>
         <value>0xfc0</value>
         <object_component_ref idref="oc-4f"/>
      </symbol>
   </symbol_table>
</link_info>
