******************************************************************************
               TMS320C6x Linker PC v7.4.20                     
******************************************************************************
>> Linked Wed Nov 08 14:21:43 2017

OUTPUT FILE NAME:   <S5e_APP6.out>
ENTRY POINT SYMBOL: "_c_int00"  address: 00001780


MEMORY CONFIGURATION

         name            origin    length      used     unused   attr    fill
----------------------  --------  ---------  --------  --------  ----  --------
  IVECS                 00000000   00000220  00000200  00000020  RWIX
  IRAM                  00000220   0002fde0  00001700  0002e6e0  RWIX
  SDRAM                 80000000   01000000  00000000  01000000  RWIX
  FLASH                 90000000   00020000  00000000  00020000  RWIX


SECTION ALLOCATION MAP

 output                                  attributes/
section   page    origin      length       input sections
--------  ----  ----------  ----------   ----------------
.vectors   0    00000000    00000200     
                  00000000    00000200     Vectors.obj (.vectors)

.bss       0    00000220    00000000     UNINITIALIZED

.stack     0    00000220    00001000     UNINITIALIZED
                  00000220    00000008     rts6700.lib : boot.obj (.stack)
                  00000228    00000ff8     --HOLE--

.text      0    00001220    000006c0     
                  00001220    00000240     rts6700.lib : memcpy62.obj (.text:_memcpy)
                  00001460    00000100                 : autoinit.obj (.text:__auto_init)
                  00001560    000000e0                 : exit.obj (.text:_exit)
                  00001640    000000c0                 : cpy_tbl.obj (.text:_copy_in)
                  00001700    00000080                 : cpp_init.obj (.text:___TI_cpp_init)
                  00001780    00000080                 : boot.obj (.text:_c_int00)
                  00001800    00000060     SimpleInterrupt.obj (.text)
                  00001860    00000040     rts6700.lib : args_main.obj (.text:__args_main)
                  000018a0    00000020     Vectors.obj (.text)
                  000018c0    00000020     rts6700.lib : exit.obj (.text:_abort)

.cinit     0    000018e0    00000034     
                  000018e0    0000002c     rts6700.lib : exit.obj (.cinit)
                  0000190c    00000004     --HOLE-- [fill = 0]
                  00001910    00000004     (.pad.cinit) [fill = 0]

.far       0    00001914    0000000c     UNINITIALIZED
                  00001914    0000000c     rts6700.lib : exit.obj (.far)


GLOBAL SYMBOLS: SORTED ALPHABETICALLY BY Name 

address    name
--------   ----
00000220   $bss
00000220   .bss
00001220   .text
000018c0   C$$EXIT
00001220   __STACK_END
00001000   __STACK_SIZE
00000001   __TI_args_main
00001700   ___TI_cpp_init
0000191c   ___TI_enable_exit_profile_output
ffffffff   ___TI_pprof_out_hndl
ffffffff   ___TI_prof_data_size
ffffffff   ___TI_prof_data_start
ffffffff   ___binit__
00000220   ___bss__
ffffffff   ___c_args__
000018e0   ___cinit__
00000220   ___end__
000018e0   ___etext__
ffffffff   ___pinit__
00001220   ___text__
00001860   __args_main
00001460   __auto_init
00001914   __cleanup_ptr
00001918   __dtors_ptr
00000220   __stack
000018c0   _abort
00001780   _c_int00
0000183c   _c_int04
00001640   _copy_in
00001560   _exit
00001834   _init_ext_intr
00001800   _main
00001220   _memcpy
00000020   _vector1
00000140   _vector10
00000160   _vector11
00000180   _vector12
000001a0   _vector13
000001c0   _vector14
000001e0   _vector15
00000040   _vector2
00000060   _vector3
000000a0   _vector5
000000c0   _vector6
000000e0   _vector7
00000100   _vector8
00000120   _vector9
00000000   _vectors
ffffffff   binit
000018e0   cinit
00000220   end
000018e0   etext
ffffffff   pinit


GLOBAL SYMBOLS: SORTED BY Symbol Address 

address    name
--------   ----
00000000   _vectors
00000001   __TI_args_main
00000020   _vector1
00000040   _vector2
00000060   _vector3
000000a0   _vector5
000000c0   _vector6
000000e0   _vector7
00000100   _vector8
00000120   _vector9
00000140   _vector10
00000160   _vector11
00000180   _vector12
000001a0   _vector13
000001c0   _vector14
000001e0   _vector15
00000220   $bss
00000220   .bss
00000220   ___bss__
00000220   ___end__
00000220   __stack
00000220   end
00001000   __STACK_SIZE
00001220   .text
00001220   __STACK_END
00001220   ___text__
00001220   _memcpy
00001460   __auto_init
00001560   _exit
00001640   _copy_in
00001700   ___TI_cpp_init
00001780   _c_int00
00001800   _main
00001834   _init_ext_intr
0000183c   _c_int04
00001860   __args_main
000018c0   C$$EXIT
000018c0   _abort
000018e0   ___cinit__
000018e0   ___etext__
000018e0   cinit
000018e0   etext
00001914   __cleanup_ptr
00001918   __dtors_ptr
0000191c   ___TI_enable_exit_profile_output
ffffffff   ___TI_pprof_out_hndl
ffffffff   ___TI_prof_data_size
ffffffff   ___TI_prof_data_start
ffffffff   ___binit__
ffffffff   ___c_args__
ffffffff   ___pinit__
ffffffff   binit
ffffffff   pinit

[53 symbols]
