******************************************************************************
               TMS320C6x Linker PC v7.4.20                     
******************************************************************************
>> Linked Mon Nov 13 13:17:51 2017

OUTPUT FILE NAME:   <S5e_APP6.out>
ENTRY POINT SYMBOL: "_c_int00"  address: 0000a4e0


MEMORY CONFIGURATION

         name            origin    length      used     unused   attr    fill
----------------------  --------  ---------  --------  --------  ----  --------
  IVECS                 00000000   00000220  00000200  00000020  RWIX
  IRAM                  00000220   0002fde0  0000d8ec  000224f4  RWIX
  SDRAM                 80000000   01000000  00000000  01000000  RWIX
  FLASH                 90000000   00020000  00000000  00020000  RWIX


SECTION ALLOCATION MAP

 output                                  attributes/
section   page    origin      length       input sections
--------  ----  ----------  ----------   ----------------
.vectors   0    00000000    00000200     
                  00000000    00000200     Vectors.obj (.vectors)

.bss       0    00000220    00000000     UNINITIALIZED

.text      0    00000220    0000aac0     
                  00000220    00000800     C6713Helper_UdeS.obj (.text)
                  00000a20    00000720     rts6700.lib : divd.obj (.text:__divd)
                  00001140    000006c0                 : _printfi.obj (.text:__getarg_diouxp)
                  00001800    00000640                 : _printfi.obj (.text:__setfield)
                  00001e40    00000560                 : _printfi.obj (.text:__printfi)
                  000023a0    000004c0                 : fputs.obj (.text:_fputs)
                  00002860    00000480     dsk6713bsl.lib : dsk6713.obj (.text)
                  00002ce0    00000420     rts6700.lib : _printfi.obj (.text:_fcvt)
                  00003100    00000400                 : _printfi.obj (.text:__pproc_fge)
                  00003500    00000400                 : _printfi.obj (.text:_ecvt)
                  00003900    000003a0     SPI_driver.obj (.text)
                  00003ca0    00000380     rts6700.lib : imath64.obj (.text:__divull)
                  00004020    00000380                 : memory.obj (.text:_free)
                  000043a0    00000360                 : _printfi.obj (.text:__pconv_e)
                  00004700    00000360                 : _printfi.obj (.text:__pproc_fwp)
                  00004a60    00000320     dsk6713bsl.lib : dsk6713_aic23_opencodec.obj (.text)
                  00004d80    00000300     rts6700.lib : _printfi.obj (.text:__pproc_diouxp)
                  00005080    000002c0                 : _printfi.obj (.text:__pproc_str)
                  00005340    000002c0                 : setvbuf.obj (.text:_setvbuf)
                  00005600    000002a0                 : _printfi.obj (.text:__pconv_g)
                  000058a0    000002a0                 : fputc.obj (.text:_fputc)
                  00005b40    00000260                 : imath40.obj (.text:__divul)
                  00005da0    00000240                 : _printfi.obj (.text:__mcpy)
                  00005fe0    00000240                 : memory.obj (.text:_malloc)
                  00006220    00000240                 : memcpy62.obj (.text:_memcpy)
                  00006460    00000220                 : trgdrv.obj (.text:_HOSTrename)
                  00006680    00000200     Telephone.obj (.text)
                  00006880    000001e0     rts6700.lib : lowlev.obj (.text:_getdevice)
                  00006a60    000001c0     csl6713.lib : csl_irq.obj (.text:_IRQ_map)
                  00006c20    000001c0     rts6700.lib : fseek.obj (.text:_fseek)
                  00006de0    000001a0     csl6713.lib : csl_mcbsp.obj (.text:_MCBSP_reset)
                  00006f80    000001a0     rts6700.lib : _printfi.obj (.text:__ltostr)
                  00007120    000001a0                 : _printfi.obj (.text:__pproc_fflags)
                  000072c0    000001a0     dsk6713bsl.lib : dsk6713_led.obj (.text)
                  00007460    00000160     rts6700.lib : trgdrv.obj (.text:_HOSTlseek)
                  000075c0    00000160                 : fclose.obj (.text:__closefile)
                  00007720    00000160     dsk6713bsl.lib : dsk6713_aic23_registers.obj (.text)
                  00007880    00000140     rts6700.lib : trgdrv.obj (.text:_HOSTread)
                  000079c0    00000140                 : frcmpyd_div.obj (.text:__frcmpyd_div)
                  00007b00    00000140                 : strasg.obj (.text:__strasgi)
                  00007c40    00000140                 : atoi.obj (.text:_atoi)
                  00007d80    00000140                 : ltoa.obj (.text:_ltoa)
                  00007ec0    00000140     Audio_driver.obj (.text:retain)
                  00008000    00000120     rts6700.lib : trgdrv.obj (.text:_HOSTopen)
                  00008120    00000120                 : trgdrv.obj (.text:_HOSTwrite)
                  00008240    00000120                 : _io_perm.obj (.text:__wrt_ok)
                  00008360    00000120                 : lowlev.obj (.text:_close)
                  00008480    00000120                 : memset.obj (.text:_memset)
                  000085a0    00000100                 : trgdrv.obj (.text:_HOSTclose)
                  000086a0    00000100                 : trgdrv.obj (.text:_HOSTunlink)
                  000087a0    00000100     csl6713.lib : csl_mcbsp.obj (.text:_MCBSP_open)
                  000088a0    00000100                 : csl_mcbsp.obj (.text:_MCBSP_start)
                  000089a0    00000100     rts6700.lib : autoinit.obj (.text:__auto_init)
                  00008aa0    00000100                 : _printfi.obj (.text:__div)
                  00008ba0    00000100                 : imath40.obj (.text:__divli)
                  00008ca0    00000100                 : _printfi.obj (.text:__pconv_f)
                  00008da0    00000100                 : lowlev.obj (.text:_lseek)
                  00008ea0    00000100                 : printf.obj (.text:_printf)
                  00008fa0    00000100                 : lowlev.obj (.text:_write)
                  000090a0    00000100     module_example.obj (.text)
                  000091a0    000000e0     rts6700.lib : fopen.obj (.text:__cleanup)
                  00009280    000000e0                 : fflush.obj (.text:__doflush)
                  00009360    000000e0                 : _printfi.obj (.text:__ecpy)
                  00009440    000000e0                 : _printfi.obj (.text:__fcpy)
                  00009520    000000e0                 : strasg.obj (.text:__strasg)
                  00009600    000000e0                 : exit.obj (.text:_exit)
                  000096e0    000000e0                 : memory.obj (.text:_minsert)
                  000097c0    000000e0                 : memory.obj (.text:_mremove)
                  000098a0    000000c0     csl6713.lib : csl_gpio.obj (.text:_GPIO_open)
                  00009960    000000c0                 : csl_gpio.obj (.text:_GPIO_reset)
                  00009a20    000000c0     rts6700.lib : divu.obj (.text:__divu)
                  00009ae0    000000c0                 : cpy_tbl.obj (.text:_copy_in)
                  00009ba0    000000c0                 : lowlev.obj (.text:_finddevice)
                  00009c60    000000c0     dsk6713bsl.lib : dsk6713_aic23_setfreq.obj (.text)
                  00009d20    000000a0     csl6713.lib : csl_gpio.obj (.text:_GPIO_intPolarity)
                  00009dc0    000000a0                 : csl_mcbsp.obj (.text:_MCBSP_close)
                  00009e60    000000a0                 : csl_mcbsp.obj (.text:_MCBSP_config)
                  00009f00    000000a0     rts6700.lib : fixdli.obj (.text:__fixdli)
                  00009fa0    000000a0                 : mpyll.obj (.text:__mpyll)
                  0000a040    000000a0                 : imath40.obj (.text:__remli)
                  0000a0e0    000000a0                 : trgmsg.obj (.text:_readmsg)
                  0000a180    000000a0     csl6713.lib : csl_irq.obj (.text:_setMux)
                  0000a220    000000a0     rts6700.lib : lowlev.obj (.text:_unlink)
                  0000a2c0    000000a0                 : trgmsg.obj (.text:_writemsg)
                  0000a360    00000080                 : cpp_init.obj (.text:___TI_cpp_init)
                  0000a3e0    00000080                 : fltlid.obj (.text:__fltlid)
                  0000a460    00000080                 : llshift.obj (.text:__llshl)
                  0000a4e0    00000080                 : boot.obj (.text:_c_int00)
                  0000a560    00000080                 : memccpy.obj (.text:_memccpy)
                  0000a5e0    00000080     dsk6713bsl.lib : dsk6713_aic23_closecodec.obj (.text)
                  0000a660    00000080                    : dsk6713_dip.obj (.text)
                  0000a6e0    00000060     INT2ULAW.obj (.text)
                  0000a740    00000060     csl6713.lib : csl_gpio.obj (.text:_GPIO_pinDirection)
                  0000a7a0    00000060     rts6700.lib : isinf.obj (.text:___isinf)
                  0000a800    00000060                 : llshift.obj (.text:__llshru)
                  0000a860    00000060                 : imath64.obj (.text:__subcull)
                  0000a8c0    00000040     Audio_driver.obj (.text)
                  0000a900    00000040     ULAW2INT.obj (.text)
                  0000a940    00000040     csl6713.lib : csl_gpio.obj (.text:_GPIO_pinEnable)
                  0000a980    00000040                 : csl_irq.obj (.text:_IRQ_enable)
                  0000a9c0    00000040                 : csl_irq.obj (.text:_IRQ_reset)
                  0000aa00    00000040     rts6700.lib : _printfi.obj (.text:___isnan)
                  0000aa40    00000040                 : args_main.obj (.text:__args_main)
                  0000aa80    00000040     module_example.obj (.text:retain)
                  0000aac0    00000020     Vectors.obj (.text)
                  0000aae0    00000020     csl6713.lib : csl_irq.obj (.text:_IRQ_globalDisable)
                  0000ab00    00000020                 : csl_irq.obj (.text:_IRQ_globalEnable)
                  0000ab20    00000020                 : csl_irq.obj (.text:_IRQ_nmiEnable)
                  0000ab40    00000020                 : csl_irq.obj (.text:_IRQ_setVecs)
                  0000ab60    00000020                 : csl_mcbsp.obj (.text:_MCBSP_getXmtEventId)
                  0000ab80    00000020                 : csl_mcbsp.obj (.text:_MCBSP_read)
                  0000aba0    00000020                 : csl_mcbsp.obj (.text:_MCBSP_rrdy)
                  0000abc0    00000020                 : csl_mcbsp.obj (.text:_MCBSP_write)
                  0000abe0    00000020                 : csl_mcbsp.obj (.text:_MCBSP_xrdy)
                  0000ac00    00000020     rts6700.lib : negll.obj (.text:__negll)
                  0000ac20    00000020                 : _lock.obj (.text:__nop)
                  0000ac40    00000020                 : printf.obj (.text:__outc)
                  0000ac60    00000020                 : printf.obj (.text:__outs)
                  0000ac80    00000020                 : exit.obj (.text:_abort)
                  0000aca0    00000020                 : remove.obj (.text:_remove)
                  0000acc0    00000020     csl6713.lib : csl_irq.obj (.text)

.stack     0    0000ace0    00001000     UNINITIALIZED
                  0000ace0    00000008     rts6700.lib : boot.obj (.stack)
                  0000ace8    00000ff8     --HOLE--

.sysmem    0    0000bce0    00001000     UNINITIALIZED
                  0000bce0    00000008     rts6700.lib : memory.obj (.sysmem)
                  0000bce8    00000ff8     --HOLE--

.far       0    0000cce0    00000690     UNINITIALIZED
                  0000cce0    00000324     rts6700.lib : defs.obj (.far)
                  0000d004    0000011c                 : lowlev.obj (.far)
                  0000d120    000000f4     csl6713.lib : csl_irq.obj (.far)
                  0000d214    00000058     C6713Helper_UdeS.obj (.far)
                  0000d26c    00000038     csl6713.lib : csl_mcbsp.obj (.far)
                  0000d2a4    00000028     dsk6713bsl.lib : dsk6713_aic23_registers.obj (.far)
                  0000d2cc    00000024     csl6713.lib : csl_gpio.obj (.far)
                  0000d2f0    00000020     dsk6713bsl.lib : dsk6713_aic23_setfreq.obj (.far)
                  0000d310    00000018     module_example.obj (.far)
                  0000d328    0000000c     Audio_driver.obj (.far)
                  0000d334    0000000c     rts6700.lib : exit.obj (.far)
                  0000d340    00000008     dsk6713bsl.lib : dsk6713_aic23_opencodec.obj (.far)
                  0000d348    00000008     rts6700.lib : _lock.obj (.far)
                  0000d350    00000008                 : memory.obj (.far)
                  0000d358    00000008                 : trgdrv.obj (.far)
                  0000d360    00000007     Telephone.obj (.far)
                  0000d367    00000001     --HOLE--
                  0000d368    00000004     rts6700.lib : fopen.obj (.far)
                  0000d36c    00000002     dsk6713bsl.lib : dsk6713.obj (.far)
                  0000d36e    00000002                    : dsk6713_led.obj (.far)

.cinit     0    0000d370    00000484     
                  0000d370    0000012c     csl6713.lib : csl_irq.obj (.cinit)
                  0000d49c    00000004     --HOLE-- [fill = 0]
                  0000d4a0    00000060     module_example.obj (.cinit)
                  0000d500    0000005c     rts6700.lib : defs.obj (.cinit)
                  0000d55c    00000004     --HOLE-- [fill = 0]
                  0000d560    0000005c                 : lowlev.obj (.cinit)
                  0000d5bc    00000004     --HOLE-- [fill = 0]
                  0000d5c0    00000058     C6713Helper_UdeS.obj (.cinit)
                  0000d618    00000054     csl6713.lib : csl_mcbsp.obj (.cinit)
                  0000d66c    00000004     --HOLE-- [fill = 0]
                  0000d670    00000044                 : csl_gpio.obj (.cinit)
                  0000d6b4    00000004     --HOLE-- [fill = 0]
                  0000d6b8    00000030     dsk6713bsl.lib : dsk6713_aic23_registers.obj (.cinit)
                  0000d6e8    0000002c     rts6700.lib : exit.obj (.cinit)
                  0000d714    00000004     --HOLE-- [fill = 0]
                  0000d718    0000002c                 : memory.obj (.cinit)
                  0000d744    00000004     --HOLE-- [fill = 0]
                  0000d748    00000029     Telephone.obj (.cinit)
                  0000d771    00000007     --HOLE-- [fill = 0]
                  0000d778    00000028     dsk6713bsl.lib : dsk6713_aic23_setfreq.obj (.cinit)
                  0000d7a0    0000001c     rts6700.lib : _lock.obj (.cinit)
                  0000d7bc    00000004     --HOLE-- [fill = 0]
                  0000d7c0    0000001a     Audio_driver.obj (.cinit)
                  0000d7da    00000006     --HOLE-- [fill = 0]
                  0000d7e0    0000000c     rts6700.lib : fopen.obj (.cinit)
                  0000d7ec    00000004     --HOLE-- [fill = 0]
                  0000d7f0    00000004     (.pad.cinit) [fill = 0]

.const     0    0000d7f4    000001f8     
                  0000d7f4    00000101     rts6700.lib : ctype.obj (.const:.string:__ctypes_)
                  0000d8f5    00000002                 : fputs.obj (.const:.string)
                  0000d8f7    00000001     --HOLE-- [fill = 0]
                  0000d8f8    00000050     module_example.obj (.const:.string)
                  0000d948    00000040     dsk6713bsl.lib : dsk6713_aic23_opencodec.obj (.const)
                  0000d988    00000023     rts6700.lib : _printfi.obj (.const:.string)
                  0000d9ab    00000001     --HOLE-- [fill = 0]
                  0000d9ac    00000020     SPI_driver.obj (.const)
                  0000d9cc    00000020     dsk6713bsl.lib : dsk6713.obj (.const)

.cio       0    0000d9ec    00000120     UNINITIALIZED
                  0000d9ec    00000120     rts6700.lib : trgmsg.obj (.cio)


GLOBAL SYMBOLS: SORTED ALPHABETICALLY BY Name 

address    name
--------   ----
00000220   $bss
00000220   .bss
00000220   .text
0000ac80   C$$EXIT
0000a338   C$$IO$$
0000d248   _AIC23CfgData
0000d330   _AIC23_data
0000d21c   _AIC_data
0000a8c0   _Audio_init
00000254   _CODEC_start
00000338   _CODEC_stop
0000a5e0   _DSK6713_AIC23_closeCodec
0000d340   _DSK6713_AIC23_codeccontrolhandle
0000d344   _DSK6713_AIC23_codecdatahandle
000077e0   _DSK6713_AIC23_config
00004a60   _DSK6713_AIC23_openCodec
000077bc   _DSK6713_AIC23_rget
00007720   _DSK6713_AIC23_rset
00009c60   _DSK6713_AIC23_setFreq
0000a668   _DSK6713_DIP_get
0000a660   _DSK6713_DIP_init
000072c0   _DSK6713_LED_init
000072e8   _DSK6713_LED_off
00007344   _DSK6713_LED_on
000073a0   _DSK6713_LED_toggle
00002c74   _DSK6713_getVersion
000028ac   _DSK6713_init
00002bc8   _DSK6713_rget
00002bdc   _DSK6713_rset
0000d36c   _DSK6713_version
00002bf0   _DSK6713_wait
00002c48   _DSK6713_waitusec
0000aa80   _EXT_INT4
0000d364   _FLAG_LECTURE
0000d365   _FLAG_RS232
0000d366   _FLAG_RS485
00009d20   _GPIO_intPolarity
000098a0   _GPIO_open
0000a740   _GPIO_pinDirection
0000a940   _GPIO_pinEnable
00009960   _GPIO_reset
000085a0   _HOSTclose
00007460   _HOSTlseek
00008000   _HOSTopen
00007880   _HOSTread
00006460   _HOSTrename
000086a0   _HOSTunlink
00008120   _HOSTwrite
0000a980   _IRQ_enable
0000aae0   _IRQ_globalDisable
0000ab00   _IRQ_globalEnable
00006a60   _IRQ_map
0000ab20   _IRQ_nmiEnable
0000a9c0   _IRQ_reset
0000ab40   _IRQ_setVecs
00009dc0   _MCBSP_close
00009e60   _MCBSP_config
0000ab60   _MCBSP_getXmtEventId
00003a7c   _MCBSP_init
000087a0   _MCBSP_open
0000ab80   _MCBSP_read
00006de0   _MCBSP_reset
0000aba0   _MCBSP_rrdy
000088a0   _MCBSP_start
0000abc0   _MCBSP_write
0000abe0   _MCBSP_xrdy
00003900   _PutChar
00003954   _ReadChar
000039b4   _SPI_init
0000d9ec   __CIOBUF_
0000d2d8   __GPIO_intTable
0000d20c   __IRQ_dispatchTable
0000d148   __IRQ_eventTable
0000acc0   __IRQ_hookFetchPacket
0000d1cc   __IRQ_intTable
0000d29c   __MCBSP_hDev0
0000d2a0   __MCBSP_hDev1
0000bce0   __STACK_END
00001000   __STACK_SIZE
00001000   __SYSMEM_SIZE
00000001   __TI_args_main
0000a360   ___TI_cpp_init
0000d33c   ___TI_enable_exit_profile_output
ffffffff   ___TI_pprof_out_hndl
ffffffff   ___TI_prof_data_size
ffffffff   ___TI_prof_data_start
ffffffff   ___binit__
00000220   ___bss__
ffffffff   ___c_args__
0000d370   ___cinit__
00000220   ___end__
0000ace0   ___etext__
0000a7a0   ___isinf
ffffffff   ___pinit__
00000220   ___text__
0000aa40   __args_main
000089a0   __auto_init
00009a20   __c6xabi_divu
00007b00   __c6xabi_strasgi
000091a0   __cleanup
0000d334   __cleanup_ptr
000075c0   __closefile
0000d7f4   __ctypes_
00000a20   __divd
00008ba0   __divli
00009a20   __divu
00005b40   __divul
00003ca0   __divull
00009280   __doflush
0000d338   __dtors_ptr
00009f00   __fixdli
0000a3e0   __fltlid
000079c0   __frcmpyd_div
0000d000   __ft_end
0000cce0   __ftable
0000d2ec   __hGpioDev0
0000a460   __llshl
0000a800   __llshru
0000d348   __lock
00009fa0   __mpyll
0000ac00   __negll
0000ac20   __nop
00001e40   __printfi
0000a040   __remli
0000ace0   __stack
00009520   __strasg
00007b00   __strasgi
0000a860   __subcull
0000bce0   __sys_memory
0000cec0   __tmpnams
0000d34c   __unlock
00008240   __wrt_ok
0000ac80   _abort
00007c40   _atoi
0000a4e0   _c_int00
00007ec0   _c_int11
00008360   _close
000008d0   _comm_intr
00000220   _comm_poll
0000d220   _config
00009ae0   _copy_in
00009600   _exit
000058a0   _fputc
000023a0   _fputs
00004020   _free
0000d328   _fs
00006c20   _fseek
0000d268   _hAIC23_handle
00000740   _input_left_sample
00000808   _input_right_sample
0000063c   _input_sample
0000d32c   _inputsource
0000a6e0   _int2ulaw
00003b4c   _interrupt_init
00008da0   _lseek
00007d80   _ltoa
00006680   _main
00005fe0   _malloc
0000a560   _memccpy
00006220   _memcpy
00008480   _memset
0000d318   _myModuleFlag
0000d310   _myModuleInt
0000d314   _myModulePointer
00009178   _myModule_function1
00009180   _myModule_function2
000090e0   _myModule_init
0000047c   _output_left_sample
0000055c   _output_right_sample
00000368   _output_sample
00008ea0   _printf
000058a0   _putc
0000a0e0   _readmsg
0000aca0   _remove
00005340   _setvbuf
0000d360   _test_mcbsp
0000a900   _ulaw2int
0000a220   _unlink
00000020   _vector1
00000140   _vector10
00000180   _vector12
000001a0   _vector13
000001c0   _vector14
000001e0   _vector15
00000040   _vector2
00000060   _vector3
00000080   _vector4
000000a0   _vector5
000000c0   _vector6
000000e0   _vector7
00000100   _vector8
00000120   _vector9
00000000   _vectors
00008fa0   _write
0000a2c0   _writemsg
ffffffff   binit
0000d370   cinit
00000220   end
0000ace0   etext
ffffffff   pinit


GLOBAL SYMBOLS: SORTED BY Symbol Address 

address    name
--------   ----
00000000   _vectors
00000001   __TI_args_main
00000020   _vector1
00000040   _vector2
00000060   _vector3
00000080   _vector4
000000a0   _vector5
000000c0   _vector6
000000e0   _vector7
00000100   _vector8
00000120   _vector9
00000140   _vector10
00000180   _vector12
000001a0   _vector13
000001c0   _vector14
000001e0   _vector15
00000220   $bss
00000220   .bss
00000220   .text
00000220   ___bss__
00000220   ___end__
00000220   ___text__
00000220   _comm_poll
00000220   end
00000254   _CODEC_start
00000338   _CODEC_stop
00000368   _output_sample
0000047c   _output_left_sample
0000055c   _output_right_sample
0000063c   _input_sample
00000740   _input_left_sample
00000808   _input_right_sample
000008d0   _comm_intr
00000a20   __divd
00001000   __STACK_SIZE
00001000   __SYSMEM_SIZE
00001e40   __printfi
000023a0   _fputs
000028ac   _DSK6713_init
00002bc8   _DSK6713_rget
00002bdc   _DSK6713_rset
00002bf0   _DSK6713_wait
00002c48   _DSK6713_waitusec
00002c74   _DSK6713_getVersion
00003900   _PutChar
00003954   _ReadChar
000039b4   _SPI_init
00003a7c   _MCBSP_init
00003b4c   _interrupt_init
00003ca0   __divull
00004020   _free
00004a60   _DSK6713_AIC23_openCodec
00005340   _setvbuf
000058a0   _fputc
000058a0   _putc
00005b40   __divul
00005fe0   _malloc
00006220   _memcpy
00006460   _HOSTrename
00006680   _main
00006a60   _IRQ_map
00006c20   _fseek
00006de0   _MCBSP_reset
000072c0   _DSK6713_LED_init
000072e8   _DSK6713_LED_off
00007344   _DSK6713_LED_on
000073a0   _DSK6713_LED_toggle
00007460   _HOSTlseek
000075c0   __closefile
00007720   _DSK6713_AIC23_rset
000077bc   _DSK6713_AIC23_rget
000077e0   _DSK6713_AIC23_config
00007880   _HOSTread
000079c0   __frcmpyd_div
00007b00   __c6xabi_strasgi
00007b00   __strasgi
00007c40   _atoi
00007d80   _ltoa
00007ec0   _c_int11
00008000   _HOSTopen
00008120   _HOSTwrite
00008240   __wrt_ok
00008360   _close
00008480   _memset
000085a0   _HOSTclose
000086a0   _HOSTunlink
000087a0   _MCBSP_open
000088a0   _MCBSP_start
000089a0   __auto_init
00008ba0   __divli
00008da0   _lseek
00008ea0   _printf
00008fa0   _write
000090e0   _myModule_init
00009178   _myModule_function1
00009180   _myModule_function2
000091a0   __cleanup
00009280   __doflush
00009520   __strasg
00009600   _exit
000098a0   _GPIO_open
00009960   _GPIO_reset
00009a20   __c6xabi_divu
00009a20   __divu
00009ae0   _copy_in
00009c60   _DSK6713_AIC23_setFreq
00009d20   _GPIO_intPolarity
00009dc0   _MCBSP_close
00009e60   _MCBSP_config
00009f00   __fixdli
00009fa0   __mpyll
0000a040   __remli
0000a0e0   _readmsg
0000a220   _unlink
0000a2c0   _writemsg
0000a338   C$$IO$$
0000a360   ___TI_cpp_init
0000a3e0   __fltlid
0000a460   __llshl
0000a4e0   _c_int00
0000a560   _memccpy
0000a5e0   _DSK6713_AIC23_closeCodec
0000a660   _DSK6713_DIP_init
0000a668   _DSK6713_DIP_get
0000a6e0   _int2ulaw
0000a740   _GPIO_pinDirection
0000a7a0   ___isinf
0000a800   __llshru
0000a860   __subcull
0000a8c0   _Audio_init
0000a900   _ulaw2int
0000a940   _GPIO_pinEnable
0000a980   _IRQ_enable
0000a9c0   _IRQ_reset
0000aa40   __args_main
0000aa80   _EXT_INT4
0000aae0   _IRQ_globalDisable
0000ab00   _IRQ_globalEnable
0000ab20   _IRQ_nmiEnable
0000ab40   _IRQ_setVecs
0000ab60   _MCBSP_getXmtEventId
0000ab80   _MCBSP_read
0000aba0   _MCBSP_rrdy
0000abc0   _MCBSP_write
0000abe0   _MCBSP_xrdy
0000ac00   __negll
0000ac20   __nop
0000ac80   C$$EXIT
0000ac80   _abort
0000aca0   _remove
0000acc0   __IRQ_hookFetchPacket
0000ace0   ___etext__
0000ace0   __stack
0000ace0   etext
0000bce0   __STACK_END
0000bce0   __sys_memory
0000cce0   __ftable
0000cec0   __tmpnams
0000d000   __ft_end
0000d148   __IRQ_eventTable
0000d1cc   __IRQ_intTable
0000d20c   __IRQ_dispatchTable
0000d21c   _AIC_data
0000d220   _config
0000d248   _AIC23CfgData
0000d268   _hAIC23_handle
0000d29c   __MCBSP_hDev0
0000d2a0   __MCBSP_hDev1
0000d2d8   __GPIO_intTable
0000d2ec   __hGpioDev0
0000d310   _myModuleInt
0000d314   _myModulePointer
0000d318   _myModuleFlag
0000d328   _fs
0000d32c   _inputsource
0000d330   _AIC23_data
0000d334   __cleanup_ptr
0000d338   __dtors_ptr
0000d33c   ___TI_enable_exit_profile_output
0000d340   _DSK6713_AIC23_codeccontrolhandle
0000d344   _DSK6713_AIC23_codecdatahandle
0000d348   __lock
0000d34c   __unlock
0000d360   _test_mcbsp
0000d364   _FLAG_LECTURE
0000d365   _FLAG_RS232
0000d366   _FLAG_RS485
0000d36c   _DSK6713_version
0000d370   ___cinit__
0000d370   cinit
0000d7f4   __ctypes_
0000d9ec   __CIOBUF_
ffffffff   ___TI_pprof_out_hndl
ffffffff   ___TI_prof_data_size
ffffffff   ___TI_prof_data_start
ffffffff   ___binit__
ffffffff   ___c_args__
ffffffff   ___pinit__
ffffffff   binit
ffffffff   pinit

[200 symbols]
