******************************************************************************
               TMS320C6x Linker PC v7.4.20                     
******************************************************************************
>> Linked Mon Nov 13 12:20:24 2017

OUTPUT FILE NAME:   <S5e_APP6.out>
ENTRY POINT SYMBOL: "_c_int00"  address: 0000a4c0


MEMORY CONFIGURATION

         name            origin    length      used     unused   attr    fill
----------------------  --------  ---------  --------  --------  ----  --------
  IVECS                 00000000   00000220  00000200  00000020  RWIX
  IRAM                  00000220   0002fde0  0000d8cc  00022514  RWIX
  SDRAM                 80000000   01000000  00000000  01000000  RWIX
  FLASH                 90000000   00020000  00000000  00020000  RWIX


SECTION ALLOCATION MAP

 output                                  attributes/
section   page    origin      length       input sections
--------  ----  ----------  ----------   ----------------
.vectors   0    00000000    00000200     
                  00000000    00000200     Vectors.obj (.vectors)

.bss       0    00000220    00000000     UNINITIALIZED

.text      0    00000220    0000aaa0     
                  00000220    00000800     C6713Helper_UdeS.obj (.text)
                  00000a20    00000720     rts6700.lib : divd.obj (.text:__divd)
                  00001140    000006c0                 : _printfi.obj (.text:__getarg_diouxp)
                  00001800    00000640                 : _printfi.obj (.text:__setfield)
                  00001e40    00000560                 : _printfi.obj (.text:__printfi)
                  000023a0    000004c0                 : fputs.obj (.text:_fputs)
                  00002860    00000480     dsk6713bsl.lib : dsk6713.obj (.text)
                  00002ce0    00000420     rts6700.lib : _printfi.obj (.text:_fcvt)
                  00003100    00000400                 : _printfi.obj (.text:__pproc_fge)
                  00003500    00000400                 : _printfi.obj (.text:_ecvt)
                  00003900    00000380     SPI_driver.obj (.text)
                  00003c80    00000380     rts6700.lib : imath64.obj (.text:__divull)
                  00004000    00000380                 : memory.obj (.text:_free)
                  00004380    00000360                 : _printfi.obj (.text:__pconv_e)
                  000046e0    00000360                 : _printfi.obj (.text:__pproc_fwp)
                  00004a40    00000320     dsk6713bsl.lib : dsk6713_aic23_opencodec.obj (.text)
                  00004d60    00000300     rts6700.lib : _printfi.obj (.text:__pproc_diouxp)
                  00005060    000002c0                 : _printfi.obj (.text:__pproc_str)
                  00005320    000002c0                 : setvbuf.obj (.text:_setvbuf)
                  000055e0    000002a0                 : _printfi.obj (.text:__pconv_g)
                  00005880    000002a0                 : fputc.obj (.text:_fputc)
                  00005b20    00000260                 : imath40.obj (.text:__divul)
                  00005d80    00000240                 : _printfi.obj (.text:__mcpy)
                  00005fc0    00000240                 : memory.obj (.text:_malloc)
                  00006200    00000240                 : memcpy62.obj (.text:_memcpy)
                  00006440    00000220                 : trgdrv.obj (.text:_HOSTrename)
                  00006660    00000200     Telephone.obj (.text)
                  00006860    000001e0     rts6700.lib : lowlev.obj (.text:_getdevice)
                  00006a40    000001c0     csl6713.lib : csl_irq.obj (.text:_IRQ_map)
                  00006c00    000001c0     rts6700.lib : fseek.obj (.text:_fseek)
                  00006dc0    000001a0     csl6713.lib : csl_mcbsp.obj (.text:_MCBSP_reset)
                  00006f60    000001a0     rts6700.lib : _printfi.obj (.text:__ltostr)
                  00007100    000001a0                 : _printfi.obj (.text:__pproc_fflags)
                  000072a0    000001a0     dsk6713bsl.lib : dsk6713_led.obj (.text)
                  00007440    00000160     rts6700.lib : trgdrv.obj (.text:_HOSTlseek)
                  000075a0    00000160                 : fclose.obj (.text:__closefile)
                  00007700    00000160     dsk6713bsl.lib : dsk6713_aic23_registers.obj (.text)
                  00007860    00000140     rts6700.lib : trgdrv.obj (.text:_HOSTread)
                  000079a0    00000140                 : frcmpyd_div.obj (.text:__frcmpyd_div)
                  00007ae0    00000140                 : strasg.obj (.text:__strasgi)
                  00007c20    00000140                 : atoi.obj (.text:_atoi)
                  00007d60    00000140                 : ltoa.obj (.text:_ltoa)
                  00007ea0    00000140     Audio_driver.obj (.text:retain)
                  00007fe0    00000120     rts6700.lib : trgdrv.obj (.text:_HOSTopen)
                  00008100    00000120                 : trgdrv.obj (.text:_HOSTwrite)
                  00008220    00000120                 : _io_perm.obj (.text:__wrt_ok)
                  00008340    00000120                 : lowlev.obj (.text:_close)
                  00008460    00000120                 : memset.obj (.text:_memset)
                  00008580    00000100                 : trgdrv.obj (.text:_HOSTclose)
                  00008680    00000100                 : trgdrv.obj (.text:_HOSTunlink)
                  00008780    00000100     csl6713.lib : csl_mcbsp.obj (.text:_MCBSP_open)
                  00008880    00000100                 : csl_mcbsp.obj (.text:_MCBSP_start)
                  00008980    00000100     rts6700.lib : autoinit.obj (.text:__auto_init)
                  00008a80    00000100                 : _printfi.obj (.text:__div)
                  00008b80    00000100                 : imath40.obj (.text:__divli)
                  00008c80    00000100                 : _printfi.obj (.text:__pconv_f)
                  00008d80    00000100                 : lowlev.obj (.text:_lseek)
                  00008e80    00000100                 : printf.obj (.text:_printf)
                  00008f80    00000100                 : lowlev.obj (.text:_write)
                  00009080    00000100     module_example.obj (.text)
                  00009180    000000e0     rts6700.lib : fopen.obj (.text:__cleanup)
                  00009260    000000e0                 : fflush.obj (.text:__doflush)
                  00009340    000000e0                 : _printfi.obj (.text:__ecpy)
                  00009420    000000e0                 : _printfi.obj (.text:__fcpy)
                  00009500    000000e0                 : strasg.obj (.text:__strasg)
                  000095e0    000000e0                 : exit.obj (.text:_exit)
                  000096c0    000000e0                 : memory.obj (.text:_minsert)
                  000097a0    000000e0                 : memory.obj (.text:_mremove)
                  00009880    000000c0     csl6713.lib : csl_gpio.obj (.text:_GPIO_open)
                  00009940    000000c0                 : csl_gpio.obj (.text:_GPIO_reset)
                  00009a00    000000c0     rts6700.lib : divu.obj (.text:__divu)
                  00009ac0    000000c0                 : cpy_tbl.obj (.text:_copy_in)
                  00009b80    000000c0                 : lowlev.obj (.text:_finddevice)
                  00009c40    000000c0     dsk6713bsl.lib : dsk6713_aic23_setfreq.obj (.text)
                  00009d00    000000a0     csl6713.lib : csl_gpio.obj (.text:_GPIO_intPolarity)
                  00009da0    000000a0                 : csl_mcbsp.obj (.text:_MCBSP_close)
                  00009e40    000000a0                 : csl_mcbsp.obj (.text:_MCBSP_config)
                  00009ee0    000000a0     rts6700.lib : fixdli.obj (.text:__fixdli)
                  00009f80    000000a0                 : mpyll.obj (.text:__mpyll)
                  0000a020    000000a0                 : imath40.obj (.text:__remli)
                  0000a0c0    000000a0                 : trgmsg.obj (.text:_readmsg)
                  0000a160    000000a0     csl6713.lib : csl_irq.obj (.text:_setMux)
                  0000a200    000000a0     rts6700.lib : lowlev.obj (.text:_unlink)
                  0000a2a0    000000a0                 : trgmsg.obj (.text:_writemsg)
                  0000a340    00000080                 : cpp_init.obj (.text:___TI_cpp_init)
                  0000a3c0    00000080                 : fltlid.obj (.text:__fltlid)
                  0000a440    00000080                 : llshift.obj (.text:__llshl)
                  0000a4c0    00000080                 : boot.obj (.text:_c_int00)
                  0000a540    00000080                 : memccpy.obj (.text:_memccpy)
                  0000a5c0    00000080     dsk6713bsl.lib : dsk6713_aic23_closecodec.obj (.text)
                  0000a640    00000080                    : dsk6713_dip.obj (.text)
                  0000a6c0    00000060     INT2ULAW.obj (.text)
                  0000a720    00000060     csl6713.lib : csl_gpio.obj (.text:_GPIO_pinDirection)
                  0000a780    00000060     rts6700.lib : isinf.obj (.text:___isinf)
                  0000a7e0    00000060                 : llshift.obj (.text:__llshru)
                  0000a840    00000060                 : imath64.obj (.text:__subcull)
                  0000a8a0    00000040     Audio_driver.obj (.text)
                  0000a8e0    00000040     ULAW2INT.obj (.text)
                  0000a920    00000040     csl6713.lib : csl_gpio.obj (.text:_GPIO_pinEnable)
                  0000a960    00000040                 : csl_irq.obj (.text:_IRQ_enable)
                  0000a9a0    00000040                 : csl_irq.obj (.text:_IRQ_reset)
                  0000a9e0    00000040     rts6700.lib : _printfi.obj (.text:___isnan)
                  0000aa20    00000040                 : args_main.obj (.text:__args_main)
                  0000aa60    00000040     module_example.obj (.text:retain)
                  0000aaa0    00000020     Vectors.obj (.text)
                  0000aac0    00000020     csl6713.lib : csl_irq.obj (.text:_IRQ_globalDisable)
                  0000aae0    00000020                 : csl_irq.obj (.text:_IRQ_globalEnable)
                  0000ab00    00000020                 : csl_irq.obj (.text:_IRQ_nmiEnable)
                  0000ab20    00000020                 : csl_irq.obj (.text:_IRQ_setVecs)
                  0000ab40    00000020                 : csl_mcbsp.obj (.text:_MCBSP_getXmtEventId)
                  0000ab60    00000020                 : csl_mcbsp.obj (.text:_MCBSP_read)
                  0000ab80    00000020                 : csl_mcbsp.obj (.text:_MCBSP_rrdy)
                  0000aba0    00000020                 : csl_mcbsp.obj (.text:_MCBSP_write)
                  0000abc0    00000020                 : csl_mcbsp.obj (.text:_MCBSP_xrdy)
                  0000abe0    00000020     rts6700.lib : negll.obj (.text:__negll)
                  0000ac00    00000020                 : _lock.obj (.text:__nop)
                  0000ac20    00000020                 : printf.obj (.text:__outc)
                  0000ac40    00000020                 : printf.obj (.text:__outs)
                  0000ac60    00000020                 : exit.obj (.text:_abort)
                  0000ac80    00000020                 : remove.obj (.text:_remove)
                  0000aca0    00000020     csl6713.lib : csl_irq.obj (.text)

.stack     0    0000acc0    00001000     UNINITIALIZED
                  0000acc0    00000008     rts6700.lib : boot.obj (.stack)
                  0000acc8    00000ff8     --HOLE--

.sysmem    0    0000bcc0    00001000     UNINITIALIZED
                  0000bcc0    00000008     rts6700.lib : memory.obj (.sysmem)
                  0000bcc8    00000ff8     --HOLE--

.far       0    0000ccc0    00000690     UNINITIALIZED
                  0000ccc0    00000324     rts6700.lib : defs.obj (.far)
                  0000cfe4    0000011c                 : lowlev.obj (.far)
                  0000d100    000000f4     csl6713.lib : csl_irq.obj (.far)
                  0000d1f4    00000058     C6713Helper_UdeS.obj (.far)
                  0000d24c    00000038     csl6713.lib : csl_mcbsp.obj (.far)
                  0000d284    00000028     dsk6713bsl.lib : dsk6713_aic23_registers.obj (.far)
                  0000d2ac    00000024     csl6713.lib : csl_gpio.obj (.far)
                  0000d2d0    00000020     dsk6713bsl.lib : dsk6713_aic23_setfreq.obj (.far)
                  0000d2f0    00000018     module_example.obj (.far)
                  0000d308    0000000c     Audio_driver.obj (.far)
                  0000d314    0000000c     rts6700.lib : exit.obj (.far)
                  0000d320    00000008     dsk6713bsl.lib : dsk6713_aic23_opencodec.obj (.far)
                  0000d328    00000008     rts6700.lib : _lock.obj (.far)
                  0000d330    00000008                 : memory.obj (.far)
                  0000d338    00000008                 : trgdrv.obj (.far)
                  0000d340    00000007     Telephone.obj (.far)
                  0000d347    00000001     --HOLE--
                  0000d348    00000004     rts6700.lib : fopen.obj (.far)
                  0000d34c    00000002     dsk6713bsl.lib : dsk6713.obj (.far)
                  0000d34e    00000002                    : dsk6713_led.obj (.far)

.cinit     0    0000d350    00000484     
                  0000d350    0000012c     csl6713.lib : csl_irq.obj (.cinit)
                  0000d47c    00000004     --HOLE-- [fill = 0]
                  0000d480    00000060     module_example.obj (.cinit)
                  0000d4e0    0000005c     rts6700.lib : defs.obj (.cinit)
                  0000d53c    00000004     --HOLE-- [fill = 0]
                  0000d540    0000005c                 : lowlev.obj (.cinit)
                  0000d59c    00000004     --HOLE-- [fill = 0]
                  0000d5a0    00000058     C6713Helper_UdeS.obj (.cinit)
                  0000d5f8    00000054     csl6713.lib : csl_mcbsp.obj (.cinit)
                  0000d64c    00000004     --HOLE-- [fill = 0]
                  0000d650    00000044                 : csl_gpio.obj (.cinit)
                  0000d694    00000004     --HOLE-- [fill = 0]
                  0000d698    00000030     dsk6713bsl.lib : dsk6713_aic23_registers.obj (.cinit)
                  0000d6c8    0000002c     rts6700.lib : exit.obj (.cinit)
                  0000d6f4    00000004     --HOLE-- [fill = 0]
                  0000d6f8    0000002c                 : memory.obj (.cinit)
                  0000d724    00000004     --HOLE-- [fill = 0]
                  0000d728    00000029     Telephone.obj (.cinit)
                  0000d751    00000007     --HOLE-- [fill = 0]
                  0000d758    00000028     dsk6713bsl.lib : dsk6713_aic23_setfreq.obj (.cinit)
                  0000d780    0000001c     rts6700.lib : _lock.obj (.cinit)
                  0000d79c    00000004     --HOLE-- [fill = 0]
                  0000d7a0    0000001a     Audio_driver.obj (.cinit)
                  0000d7ba    00000006     --HOLE-- [fill = 0]
                  0000d7c0    0000000c     rts6700.lib : fopen.obj (.cinit)
                  0000d7cc    00000004     --HOLE-- [fill = 0]
                  0000d7d0    00000004     (.pad.cinit) [fill = 0]

.const     0    0000d7d4    000001f8     
                  0000d7d4    00000101     rts6700.lib : ctype.obj (.const:.string:__ctypes_)
                  0000d8d5    00000002                 : fputs.obj (.const:.string)
                  0000d8d7    00000001     --HOLE-- [fill = 0]
                  0000d8d8    00000050     module_example.obj (.const:.string)
                  0000d928    00000040     dsk6713bsl.lib : dsk6713_aic23_opencodec.obj (.const)
                  0000d968    00000023     rts6700.lib : _printfi.obj (.const:.string)
                  0000d98b    00000001     --HOLE-- [fill = 0]
                  0000d98c    00000020     SPI_driver.obj (.const)
                  0000d9ac    00000020     dsk6713bsl.lib : dsk6713.obj (.const)

.cio       0    0000d9cc    00000120     UNINITIALIZED
                  0000d9cc    00000120     rts6700.lib : trgmsg.obj (.cio)


GLOBAL SYMBOLS: SORTED ALPHABETICALLY BY Name 

address    name
--------   ----
00000220   $bss
00000220   .bss
00000220   .text
0000ac60   C$$EXIT
0000a318   C$$IO$$
0000d228   _AIC23CfgData
0000d310   _AIC23_data
0000d1fc   _AIC_data
0000a8a0   _Audio_init
00000254   _CODEC_start
00000338   _CODEC_stop
0000a5c0   _DSK6713_AIC23_closeCodec
0000d320   _DSK6713_AIC23_codeccontrolhandle
0000d324   _DSK6713_AIC23_codecdatahandle
000077c0   _DSK6713_AIC23_config
00004a40   _DSK6713_AIC23_openCodec
0000779c   _DSK6713_AIC23_rget
00007700   _DSK6713_AIC23_rset
00009c40   _DSK6713_AIC23_setFreq
0000a648   _DSK6713_DIP_get
0000a640   _DSK6713_DIP_init
000072a0   _DSK6713_LED_init
000072c8   _DSK6713_LED_off
00007324   _DSK6713_LED_on
00007380   _DSK6713_LED_toggle
00002c74   _DSK6713_getVersion
000028ac   _DSK6713_init
00002bc8   _DSK6713_rget
00002bdc   _DSK6713_rset
0000d34c   _DSK6713_version
00002bf0   _DSK6713_wait
00002c48   _DSK6713_waitusec
0000aa60   _EXT_INT4
0000d344   _FLAG_LECTURE
0000d345   _FLAG_RS232
0000d346   _FLAG_RS485
00009d00   _GPIO_intPolarity
00009880   _GPIO_open
0000a720   _GPIO_pinDirection
0000a920   _GPIO_pinEnable
00009940   _GPIO_reset
00008580   _HOSTclose
00007440   _HOSTlseek
00007fe0   _HOSTopen
00007860   _HOSTread
00006440   _HOSTrename
00008680   _HOSTunlink
00008100   _HOSTwrite
0000a960   _IRQ_enable
0000aac0   _IRQ_globalDisable
0000aae0   _IRQ_globalEnable
00006a40   _IRQ_map
0000ab00   _IRQ_nmiEnable
0000a9a0   _IRQ_reset
0000ab20   _IRQ_setVecs
00009da0   _MCBSP_close
00009e40   _MCBSP_config
0000ab40   _MCBSP_getXmtEventId
00003a64   _MCBSP_init
00008780   _MCBSP_open
0000ab60   _MCBSP_read
00006dc0   _MCBSP_reset
0000ab80   _MCBSP_rrdy
00008880   _MCBSP_start
0000aba0   _MCBSP_write
0000abc0   _MCBSP_xrdy
00003900   _PutChar
00003954   _ReadChar
000039b4   _SPI_init
0000d9cc   __CIOBUF_
0000d2b8   __GPIO_intTable
0000d1ec   __IRQ_dispatchTable
0000d128   __IRQ_eventTable
0000aca0   __IRQ_hookFetchPacket
0000d1ac   __IRQ_intTable
0000d27c   __MCBSP_hDev0
0000d280   __MCBSP_hDev1
0000bcc0   __STACK_END
00001000   __STACK_SIZE
00001000   __SYSMEM_SIZE
00000001   __TI_args_main
0000a340   ___TI_cpp_init
0000d31c   ___TI_enable_exit_profile_output
ffffffff   ___TI_pprof_out_hndl
ffffffff   ___TI_prof_data_size
ffffffff   ___TI_prof_data_start
ffffffff   ___binit__
00000220   ___bss__
ffffffff   ___c_args__
0000d350   ___cinit__
00000220   ___end__
0000acc0   ___etext__
0000a780   ___isinf
ffffffff   ___pinit__
00000220   ___text__
0000aa20   __args_main
00008980   __auto_init
00009a00   __c6xabi_divu
00007ae0   __c6xabi_strasgi
00009180   __cleanup
0000d314   __cleanup_ptr
000075a0   __closefile
0000d7d4   __ctypes_
00000a20   __divd
00008b80   __divli
00009a00   __divu
00005b20   __divul
00003c80   __divull
00009260   __doflush
0000d318   __dtors_ptr
00009ee0   __fixdli
0000a3c0   __fltlid
000079a0   __frcmpyd_div
0000cfe0   __ft_end
0000ccc0   __ftable
0000d2cc   __hGpioDev0
0000a440   __llshl
0000a7e0   __llshru
0000d328   __lock
00009f80   __mpyll
0000abe0   __negll
0000ac00   __nop
00001e40   __printfi
0000a020   __remli
0000acc0   __stack
00009500   __strasg
00007ae0   __strasgi
0000a840   __subcull
0000bcc0   __sys_memory
0000cea0   __tmpnams
0000d32c   __unlock
00008220   __wrt_ok
0000ac60   _abort
00007c20   _atoi
0000a4c0   _c_int00
00007ea0   _c_int11
00008340   _close
000008d0   _comm_intr
00000220   _comm_poll
0000d200   _config
00009ac0   _copy_in
000095e0   _exit
00005880   _fputc
000023a0   _fputs
00004000   _free
0000d308   _fs
00006c00   _fseek
0000d248   _hAIC23_handle
00000740   _input_left_sample
00000808   _input_right_sample
0000063c   _input_sample
0000d30c   _inputsource
0000a6c0   _int2ulaw
00003b38   _interrupt_init
00008d80   _lseek
00007d60   _ltoa
00006660   _main
00005fc0   _malloc
0000a540   _memccpy
00006200   _memcpy
00008460   _memset
0000d2f8   _myModuleFlag
0000d2f0   _myModuleInt
0000d2f4   _myModulePointer
00009158   _myModule_function1
00009160   _myModule_function2
000090c0   _myModule_init
0000047c   _output_left_sample
0000055c   _output_right_sample
00000368   _output_sample
00008e80   _printf
00005880   _putc
0000a0c0   _readmsg
0000ac80   _remove
00005320   _setvbuf
0000d340   _test_mcbsp
0000a8e0   _ulaw2int
0000a200   _unlink
00000020   _vector1
00000140   _vector10
00000180   _vector12
000001a0   _vector13
000001c0   _vector14
000001e0   _vector15
00000040   _vector2
00000060   _vector3
00000080   _vector4
000000a0   _vector5
000000c0   _vector6
000000e0   _vector7
00000100   _vector8
00000120   _vector9
00000000   _vectors
00008f80   _write
0000a2a0   _writemsg
ffffffff   binit
0000d350   cinit
00000220   end
0000acc0   etext
ffffffff   pinit


GLOBAL SYMBOLS: SORTED BY Symbol Address 

address    name
--------   ----
00000000   _vectors
00000001   __TI_args_main
00000020   _vector1
00000040   _vector2
00000060   _vector3
00000080   _vector4
000000a0   _vector5
000000c0   _vector6
000000e0   _vector7
00000100   _vector8
00000120   _vector9
00000140   _vector10
00000180   _vector12
000001a0   _vector13
000001c0   _vector14
000001e0   _vector15
00000220   $bss
00000220   .bss
00000220   .text
00000220   ___bss__
00000220   ___end__
00000220   ___text__
00000220   _comm_poll
00000220   end
00000254   _CODEC_start
00000338   _CODEC_stop
00000368   _output_sample
0000047c   _output_left_sample
0000055c   _output_right_sample
0000063c   _input_sample
00000740   _input_left_sample
00000808   _input_right_sample
000008d0   _comm_intr
00000a20   __divd
00001000   __STACK_SIZE
00001000   __SYSMEM_SIZE
00001e40   __printfi
000023a0   _fputs
000028ac   _DSK6713_init
00002bc8   _DSK6713_rget
00002bdc   _DSK6713_rset
00002bf0   _DSK6713_wait
00002c48   _DSK6713_waitusec
00002c74   _DSK6713_getVersion
00003900   _PutChar
00003954   _ReadChar
000039b4   _SPI_init
00003a64   _MCBSP_init
00003b38   _interrupt_init
00003c80   __divull
00004000   _free
00004a40   _DSK6713_AIC23_openCodec
00005320   _setvbuf
00005880   _fputc
00005880   _putc
00005b20   __divul
00005fc0   _malloc
00006200   _memcpy
00006440   _HOSTrename
00006660   _main
00006a40   _IRQ_map
00006c00   _fseek
00006dc0   _MCBSP_reset
000072a0   _DSK6713_LED_init
000072c8   _DSK6713_LED_off
00007324   _DSK6713_LED_on
00007380   _DSK6713_LED_toggle
00007440   _HOSTlseek
000075a0   __closefile
00007700   _DSK6713_AIC23_rset
0000779c   _DSK6713_AIC23_rget
000077c0   _DSK6713_AIC23_config
00007860   _HOSTread
000079a0   __frcmpyd_div
00007ae0   __c6xabi_strasgi
00007ae0   __strasgi
00007c20   _atoi
00007d60   _ltoa
00007ea0   _c_int11
00007fe0   _HOSTopen
00008100   _HOSTwrite
00008220   __wrt_ok
00008340   _close
00008460   _memset
00008580   _HOSTclose
00008680   _HOSTunlink
00008780   _MCBSP_open
00008880   _MCBSP_start
00008980   __auto_init
00008b80   __divli
00008d80   _lseek
00008e80   _printf
00008f80   _write
000090c0   _myModule_init
00009158   _myModule_function1
00009160   _myModule_function2
00009180   __cleanup
00009260   __doflush
00009500   __strasg
000095e0   _exit
00009880   _GPIO_open
00009940   _GPIO_reset
00009a00   __c6xabi_divu
00009a00   __divu
00009ac0   _copy_in
00009c40   _DSK6713_AIC23_setFreq
00009d00   _GPIO_intPolarity
00009da0   _MCBSP_close
00009e40   _MCBSP_config
00009ee0   __fixdli
00009f80   __mpyll
0000a020   __remli
0000a0c0   _readmsg
0000a200   _unlink
0000a2a0   _writemsg
0000a318   C$$IO$$
0000a340   ___TI_cpp_init
0000a3c0   __fltlid
0000a440   __llshl
0000a4c0   _c_int00
0000a540   _memccpy
0000a5c0   _DSK6713_AIC23_closeCodec
0000a640   _DSK6713_DIP_init
0000a648   _DSK6713_DIP_get
0000a6c0   _int2ulaw
0000a720   _GPIO_pinDirection
0000a780   ___isinf
0000a7e0   __llshru
0000a840   __subcull
0000a8a0   _Audio_init
0000a8e0   _ulaw2int
0000a920   _GPIO_pinEnable
0000a960   _IRQ_enable
0000a9a0   _IRQ_reset
0000aa20   __args_main
0000aa60   _EXT_INT4
0000aac0   _IRQ_globalDisable
0000aae0   _IRQ_globalEnable
0000ab00   _IRQ_nmiEnable
0000ab20   _IRQ_setVecs
0000ab40   _MCBSP_getXmtEventId
0000ab60   _MCBSP_read
0000ab80   _MCBSP_rrdy
0000aba0   _MCBSP_write
0000abc0   _MCBSP_xrdy
0000abe0   __negll
0000ac00   __nop
0000ac60   C$$EXIT
0000ac60   _abort
0000ac80   _remove
0000aca0   __IRQ_hookFetchPacket
0000acc0   ___etext__
0000acc0   __stack
0000acc0   etext
0000bcc0   __STACK_END
0000bcc0   __sys_memory
0000ccc0   __ftable
0000cea0   __tmpnams
0000cfe0   __ft_end
0000d128   __IRQ_eventTable
0000d1ac   __IRQ_intTable
0000d1ec   __IRQ_dispatchTable
0000d1fc   _AIC_data
0000d200   _config
0000d228   _AIC23CfgData
0000d248   _hAIC23_handle
0000d27c   __MCBSP_hDev0
0000d280   __MCBSP_hDev1
0000d2b8   __GPIO_intTable
0000d2cc   __hGpioDev0
0000d2f0   _myModuleInt
0000d2f4   _myModulePointer
0000d2f8   _myModuleFlag
0000d308   _fs
0000d30c   _inputsource
0000d310   _AIC23_data
0000d314   __cleanup_ptr
0000d318   __dtors_ptr
0000d31c   ___TI_enable_exit_profile_output
0000d320   _DSK6713_AIC23_codeccontrolhandle
0000d324   _DSK6713_AIC23_codecdatahandle
0000d328   __lock
0000d32c   __unlock
0000d340   _test_mcbsp
0000d344   _FLAG_LECTURE
0000d345   _FLAG_RS232
0000d346   _FLAG_RS485
0000d34c   _DSK6713_version
0000d350   ___cinit__
0000d350   cinit
0000d7d4   __ctypes_
0000d9cc   __CIOBUF_
ffffffff   ___TI_pprof_out_hndl
ffffffff   ___TI_prof_data_size
ffffffff   ___TI_prof_data_start
ffffffff   ___binit__
ffffffff   ___c_args__
ffffffff   ___pinit__
ffffffff   binit
ffffffff   pinit

[200 symbols]
