******************************************************************************
               TMS320C6x Linker PC v7.4.20                     
******************************************************************************
>> Linked Sun Nov 12 13:42:23 2017

OUTPUT FILE NAME:   <S5e_APP6.out>
ENTRY POINT SYMBOL: "_c_int00"  address: 0000a420


MEMORY CONFIGURATION

         name            origin    length      used     unused   attr    fill
----------------------  --------  ---------  --------  --------  ----  --------
  IVECS                 00000000   00000220  00000200  00000020  RWIX
  IRAM                  00000220   0002fde0  0000d828  000225b8  RWIX
  SDRAM                 80000000   01000000  00000000  01000000  RWIX
  FLASH                 90000000   00020000  00000000  00020000  RWIX


SECTION ALLOCATION MAP

 output                                  attributes/
section   page    origin      length       input sections
--------  ----  ----------  ----------   ----------------
.vectors   0    00000000    00000200     
                  00000000    00000200     Vectors.obj (.vectors)

.bss       0    00000220    00000000     UNINITIALIZED

.text      0    00000220    0000aa00     
                  00000220    00000800     C6713Helper_UdeS.obj (.text)
                  00000a20    00000720     rts6700.lib : divd.obj (.text:__divd)
                  00001140    000006c0                 : _printfi.obj (.text:__getarg_diouxp)
                  00001800    00000640                 : _printfi.obj (.text:__setfield)
                  00001e40    00000560                 : _printfi.obj (.text:__printfi)
                  000023a0    000004c0                 : fputs.obj (.text:_fputs)
                  00002860    00000480     dsk6713bsl.lib : dsk6713.obj (.text)
                  00002ce0    00000420     rts6700.lib : _printfi.obj (.text:_fcvt)
                  00003100    00000400                 : _printfi.obj (.text:__pproc_fge)
                  00003500    00000400                 : _printfi.obj (.text:_ecvt)
                  00003900    00000380                 : imath64.obj (.text:__divull)
                  00003c80    00000380                 : memory.obj (.text:_free)
                  00004000    00000360                 : _printfi.obj (.text:__pconv_e)
                  00004360    00000360                 : _printfi.obj (.text:__pproc_fwp)
                  000046c0    00000320     dsk6713bsl.lib : dsk6713_aic23_opencodec.obj (.text)
                  000049e0    00000300     rts6700.lib : _printfi.obj (.text:__pproc_diouxp)
                  00004ce0    000002e0     SPI_driver.obj (.text)
                  00004fc0    000002c0     rts6700.lib : _printfi.obj (.text:__pproc_str)
                  00005280    000002c0                 : setvbuf.obj (.text:_setvbuf)
                  00005540    000002a0                 : _printfi.obj (.text:__pconv_g)
                  000057e0    000002a0                 : fputc.obj (.text:_fputc)
                  00005a80    00000260                 : imath40.obj (.text:__divul)
                  00005ce0    00000240                 : _printfi.obj (.text:__mcpy)
                  00005f20    00000240                 : memory.obj (.text:_malloc)
                  00006160    00000240                 : memcpy62.obj (.text:_memcpy)
                  000063a0    00000220                 : trgdrv.obj (.text:_HOSTrename)
                  000065c0    00000200     Telephone.obj (.text)
                  000067c0    000001e0     rts6700.lib : lowlev.obj (.text:_getdevice)
                  000069a0    000001c0     csl6713.lib : csl_irq.obj (.text:_IRQ_map)
                  00006b60    000001c0     rts6700.lib : fseek.obj (.text:_fseek)
                  00006d20    000001a0     csl6713.lib : csl_mcbsp.obj (.text:_MCBSP_reset)
                  00006ec0    000001a0     rts6700.lib : _printfi.obj (.text:__ltostr)
                  00007060    000001a0                 : _printfi.obj (.text:__pproc_fflags)
                  00007200    000001a0     dsk6713bsl.lib : dsk6713_led.obj (.text)
                  000073a0    00000160     rts6700.lib : trgdrv.obj (.text:_HOSTlseek)
                  00007500    00000160                 : fclose.obj (.text:__closefile)
                  00007660    00000160     dsk6713bsl.lib : dsk6713_aic23_registers.obj (.text)
                  000077c0    00000140     rts6700.lib : trgdrv.obj (.text:_HOSTread)
                  00007900    00000140                 : frcmpyd_div.obj (.text:__frcmpyd_div)
                  00007a40    00000140                 : strasg.obj (.text:__strasgi)
                  00007b80    00000140                 : atoi.obj (.text:_atoi)
                  00007cc0    00000140                 : ltoa.obj (.text:_ltoa)
                  00007e00    00000140     Audio_driver.obj (.text:retain)
                  00007f40    00000120     rts6700.lib : trgdrv.obj (.text:_HOSTopen)
                  00008060    00000120                 : trgdrv.obj (.text:_HOSTwrite)
                  00008180    00000120                 : _io_perm.obj (.text:__wrt_ok)
                  000082a0    00000120                 : lowlev.obj (.text:_close)
                  000083c0    00000120                 : memset.obj (.text:_memset)
                  000084e0    00000100                 : trgdrv.obj (.text:_HOSTclose)
                  000085e0    00000100                 : trgdrv.obj (.text:_HOSTunlink)
                  000086e0    00000100     csl6713.lib : csl_mcbsp.obj (.text:_MCBSP_open)
                  000087e0    00000100                 : csl_mcbsp.obj (.text:_MCBSP_start)
                  000088e0    00000100     rts6700.lib : autoinit.obj (.text:__auto_init)
                  000089e0    00000100                 : _printfi.obj (.text:__div)
                  00008ae0    00000100                 : imath40.obj (.text:__divli)
                  00008be0    00000100                 : _printfi.obj (.text:__pconv_f)
                  00008ce0    00000100                 : lowlev.obj (.text:_lseek)
                  00008de0    00000100                 : printf.obj (.text:_printf)
                  00008ee0    00000100                 : lowlev.obj (.text:_write)
                  00008fe0    00000100     module_example.obj (.text)
                  000090e0    000000e0     rts6700.lib : fopen.obj (.text:__cleanup)
                  000091c0    000000e0                 : fflush.obj (.text:__doflush)
                  000092a0    000000e0                 : _printfi.obj (.text:__ecpy)
                  00009380    000000e0                 : _printfi.obj (.text:__fcpy)
                  00009460    000000e0                 : strasg.obj (.text:__strasg)
                  00009540    000000e0                 : exit.obj (.text:_exit)
                  00009620    000000e0                 : memory.obj (.text:_minsert)
                  00009700    000000e0                 : memory.obj (.text:_mremove)
                  000097e0    000000c0     csl6713.lib : csl_gpio.obj (.text:_GPIO_open)
                  000098a0    000000c0                 : csl_gpio.obj (.text:_GPIO_reset)
                  00009960    000000c0     rts6700.lib : divu.obj (.text:__divu)
                  00009a20    000000c0                 : cpy_tbl.obj (.text:_copy_in)
                  00009ae0    000000c0                 : lowlev.obj (.text:_finddevice)
                  00009ba0    000000c0     dsk6713bsl.lib : dsk6713_aic23_setfreq.obj (.text)
                  00009c60    000000a0     csl6713.lib : csl_gpio.obj (.text:_GPIO_intPolarity)
                  00009d00    000000a0                 : csl_mcbsp.obj (.text:_MCBSP_close)
                  00009da0    000000a0                 : csl_mcbsp.obj (.text:_MCBSP_config)
                  00009e40    000000a0     rts6700.lib : fixdli.obj (.text:__fixdli)
                  00009ee0    000000a0                 : mpyll.obj (.text:__mpyll)
                  00009f80    000000a0                 : imath40.obj (.text:__remli)
                  0000a020    000000a0                 : trgmsg.obj (.text:_readmsg)
                  0000a0c0    000000a0     csl6713.lib : csl_irq.obj (.text:_setMux)
                  0000a160    000000a0     rts6700.lib : lowlev.obj (.text:_unlink)
                  0000a200    000000a0                 : trgmsg.obj (.text:_writemsg)
                  0000a2a0    00000080                 : cpp_init.obj (.text:___TI_cpp_init)
                  0000a320    00000080                 : fltlid.obj (.text:__fltlid)
                  0000a3a0    00000080                 : llshift.obj (.text:__llshl)
                  0000a420    00000080                 : boot.obj (.text:_c_int00)
                  0000a4a0    00000080                 : memccpy.obj (.text:_memccpy)
                  0000a520    00000080     dsk6713bsl.lib : dsk6713_aic23_closecodec.obj (.text)
                  0000a5a0    00000080                    : dsk6713_dip.obj (.text)
                  0000a620    00000060     INT2ULAW.obj (.text)
                  0000a680    00000060     csl6713.lib : csl_gpio.obj (.text:_GPIO_pinDirection)
                  0000a6e0    00000060     rts6700.lib : isinf.obj (.text:___isinf)
                  0000a740    00000060                 : llshift.obj (.text:__llshru)
                  0000a7a0    00000060                 : imath64.obj (.text:__subcull)
                  0000a800    00000040     Audio_driver.obj (.text)
                  0000a840    00000040     ULAW2INT.obj (.text)
                  0000a880    00000040     csl6713.lib : csl_gpio.obj (.text:_GPIO_pinEnable)
                  0000a8c0    00000040                 : csl_irq.obj (.text:_IRQ_enable)
                  0000a900    00000040                 : csl_irq.obj (.text:_IRQ_reset)
                  0000a940    00000040     rts6700.lib : _printfi.obj (.text:___isnan)
                  0000a980    00000040                 : args_main.obj (.text:__args_main)
                  0000a9c0    00000040     module_example.obj (.text:retain)
                  0000aa00    00000020     Vectors.obj (.text)
                  0000aa20    00000020     csl6713.lib : csl_irq.obj (.text:_IRQ_globalDisable)
                  0000aa40    00000020                 : csl_irq.obj (.text:_IRQ_globalEnable)
                  0000aa60    00000020                 : csl_irq.obj (.text:_IRQ_nmiEnable)
                  0000aa80    00000020                 : csl_irq.obj (.text:_IRQ_setVecs)
                  0000aaa0    00000020                 : csl_mcbsp.obj (.text:_MCBSP_getXmtEventId)
                  0000aac0    00000020                 : csl_mcbsp.obj (.text:_MCBSP_read)
                  0000aae0    00000020                 : csl_mcbsp.obj (.text:_MCBSP_rrdy)
                  0000ab00    00000020                 : csl_mcbsp.obj (.text:_MCBSP_write)
                  0000ab20    00000020                 : csl_mcbsp.obj (.text:_MCBSP_xrdy)
                  0000ab40    00000020     rts6700.lib : negll.obj (.text:__negll)
                  0000ab60    00000020                 : _lock.obj (.text:__nop)
                  0000ab80    00000020                 : printf.obj (.text:__outc)
                  0000aba0    00000020                 : printf.obj (.text:__outs)
                  0000abc0    00000020                 : exit.obj (.text:_abort)
                  0000abe0    00000020                 : remove.obj (.text:_remove)
                  0000ac00    00000020     csl6713.lib : csl_irq.obj (.text)

.stack     0    0000ac20    00001000     UNINITIALIZED
                  0000ac20    00000008     rts6700.lib : boot.obj (.stack)
                  0000ac28    00000ff8     --HOLE--

.sysmem    0    0000bc20    00001000     UNINITIALIZED
                  0000bc20    00000008     rts6700.lib : memory.obj (.sysmem)
                  0000bc28    00000ff8     --HOLE--

.far       0    0000cc20    0000068c     UNINITIALIZED
                  0000cc20    00000324     rts6700.lib : defs.obj (.far)
                  0000cf44    0000011c                 : lowlev.obj (.far)
                  0000d060    000000f4     csl6713.lib : csl_irq.obj (.far)
                  0000d154    00000058     C6713Helper_UdeS.obj (.far)
                  0000d1ac    00000038     csl6713.lib : csl_mcbsp.obj (.far)
                  0000d1e4    00000028     dsk6713bsl.lib : dsk6713_aic23_registers.obj (.far)
                  0000d20c    00000024     csl6713.lib : csl_gpio.obj (.far)
                  0000d230    00000020     dsk6713bsl.lib : dsk6713_aic23_setfreq.obj (.far)
                  0000d250    00000018     module_example.obj (.far)
                  0000d268    0000000c     Audio_driver.obj (.far)
                  0000d274    0000000c     rts6700.lib : exit.obj (.far)
                  0000d280    00000008     dsk6713bsl.lib : dsk6713_aic23_opencodec.obj (.far)
                  0000d288    00000008     rts6700.lib : _lock.obj (.far)
                  0000d290    00000008                 : memory.obj (.far)
                  0000d298    00000008                 : trgdrv.obj (.far)
                  0000d2a0    00000004                 : fopen.obj (.far)
                  0000d2a4    00000003     Telephone.obj (.far)
                  0000d2a7    00000001     --HOLE--
                  0000d2a8    00000002     dsk6713bsl.lib : dsk6713.obj (.far)
                  0000d2aa    00000002                    : dsk6713_led.obj (.far)

.cinit     0    0000d2b0    00000484     
                  0000d2b0    0000012c     csl6713.lib : csl_irq.obj (.cinit)
                  0000d3dc    00000004     --HOLE-- [fill = 0]
                  0000d3e0    00000060     module_example.obj (.cinit)
                  0000d440    0000005c     rts6700.lib : defs.obj (.cinit)
                  0000d49c    00000004     --HOLE-- [fill = 0]
                  0000d4a0    0000005c                 : lowlev.obj (.cinit)
                  0000d4fc    00000004     --HOLE-- [fill = 0]
                  0000d500    00000058     C6713Helper_UdeS.obj (.cinit)
                  0000d558    00000054     csl6713.lib : csl_mcbsp.obj (.cinit)
                  0000d5ac    00000004     --HOLE-- [fill = 0]
                  0000d5b0    00000044                 : csl_gpio.obj (.cinit)
                  0000d5f4    00000004     --HOLE-- [fill = 0]
                  0000d5f8    00000030     dsk6713bsl.lib : dsk6713_aic23_registers.obj (.cinit)
                  0000d628    0000002c     rts6700.lib : exit.obj (.cinit)
                  0000d654    00000004     --HOLE-- [fill = 0]
                  0000d658    0000002c                 : memory.obj (.cinit)
                  0000d684    00000004     --HOLE-- [fill = 0]
                  0000d688    00000029     Telephone.obj (.cinit)
                  0000d6b1    00000007     --HOLE-- [fill = 0]
                  0000d6b8    00000028     dsk6713bsl.lib : dsk6713_aic23_setfreq.obj (.cinit)
                  0000d6e0    0000001c     rts6700.lib : _lock.obj (.cinit)
                  0000d6fc    00000004     --HOLE-- [fill = 0]
                  0000d700    0000001a     Audio_driver.obj (.cinit)
                  0000d71a    00000006     --HOLE-- [fill = 0]
                  0000d720    0000000c     rts6700.lib : fopen.obj (.cinit)
                  0000d72c    00000004     --HOLE-- [fill = 0]
                  0000d730    00000004     (.pad.cinit) [fill = 0]

.const     0    0000d734    000001f8     
                  0000d734    00000101     rts6700.lib : ctype.obj (.const:.string:__ctypes_)
                  0000d835    00000002                 : fputs.obj (.const:.string)
                  0000d837    00000001     --HOLE-- [fill = 0]
                  0000d838    00000050     module_example.obj (.const:.string)
                  0000d888    00000040     dsk6713bsl.lib : dsk6713_aic23_opencodec.obj (.const)
                  0000d8c8    00000023     rts6700.lib : _printfi.obj (.const:.string)
                  0000d8eb    00000001     --HOLE-- [fill = 0]
                  0000d8ec    00000020     SPI_driver.obj (.const)
                  0000d90c    00000020     dsk6713bsl.lib : dsk6713.obj (.const)

.cio       0    0000d92c    00000120     UNINITIALIZED
                  0000d92c    00000120     rts6700.lib : trgmsg.obj (.cio)


GLOBAL SYMBOLS: SORTED ALPHABETICALLY BY Name 

address    name
--------   ----
00000220   $bss
00000220   .bss
00000220   .text
0000abc0   C$$EXIT
0000a278   C$$IO$$
0000d188   _AIC23CfgData
0000d270   _AIC23_data
0000d15c   _AIC_data
0000a800   _Audio_init
00000254   _CODEC_start
00000338   _CODEC_stop
0000a520   _DSK6713_AIC23_closeCodec
0000d280   _DSK6713_AIC23_codeccontrolhandle
0000d284   _DSK6713_AIC23_codecdatahandle
00007720   _DSK6713_AIC23_config
000046c0   _DSK6713_AIC23_openCodec
000076fc   _DSK6713_AIC23_rget
00007660   _DSK6713_AIC23_rset
00009ba0   _DSK6713_AIC23_setFreq
0000a5a8   _DSK6713_DIP_get
0000a5a0   _DSK6713_DIP_init
00007200   _DSK6713_LED_init
00007228   _DSK6713_LED_off
00007284   _DSK6713_LED_on
000072e0   _DSK6713_LED_toggle
00002c74   _DSK6713_getVersion
000028ac   _DSK6713_init
00002bc8   _DSK6713_rget
00002bdc   _DSK6713_rset
0000d2a8   _DSK6713_version
00002bf0   _DSK6713_wait
00002c48   _DSK6713_waitusec
0000a9c0   _EXT_INT4
0000d2a4   _FLAG_LECTURE
0000d2a5   _FLAG_RS232
0000d2a6   _FLAG_RS485
00009c60   _GPIO_intPolarity
000097e0   _GPIO_open
0000a680   _GPIO_pinDirection
0000a880   _GPIO_pinEnable
000098a0   _GPIO_reset
000084e0   _HOSTclose
000073a0   _HOSTlseek
00007f40   _HOSTopen
000077c0   _HOSTread
000063a0   _HOSTrename
000085e0   _HOSTunlink
00008060   _HOSTwrite
0000a8c0   _IRQ_enable
0000aa20   _IRQ_globalDisable
0000aa40   _IRQ_globalEnable
000069a0   _IRQ_map
0000aa60   _IRQ_nmiEnable
0000a900   _IRQ_reset
0000aa80   _IRQ_setVecs
00009d00   _MCBSP_close
00009da0   _MCBSP_config
0000aaa0   _MCBSP_getXmtEventId
00004e18   _MCBSP_init
000086e0   _MCBSP_open
0000aac0   _MCBSP_read
00006d20   _MCBSP_reset
0000aae0   _MCBSP_rrdy
000087e0   _MCBSP_start
0000ab00   _MCBSP_write
0000ab20   _MCBSP_xrdy
00004ce0   _PutChar
00004d34   _ReadChar
00004d94   _SPI_init
0000d92c   __CIOBUF_
0000d218   __GPIO_intTable
0000d14c   __IRQ_dispatchTable
0000d088   __IRQ_eventTable
0000ac00   __IRQ_hookFetchPacket
0000d10c   __IRQ_intTable
0000d1dc   __MCBSP_hDev0
0000d1e0   __MCBSP_hDev1
0000bc20   __STACK_END
00001000   __STACK_SIZE
00001000   __SYSMEM_SIZE
00000001   __TI_args_main
0000a2a0   ___TI_cpp_init
0000d27c   ___TI_enable_exit_profile_output
ffffffff   ___TI_pprof_out_hndl
ffffffff   ___TI_prof_data_size
ffffffff   ___TI_prof_data_start
ffffffff   ___binit__
00000220   ___bss__
ffffffff   ___c_args__
0000d2b0   ___cinit__
00000220   ___end__
0000ac20   ___etext__
0000a6e0   ___isinf
ffffffff   ___pinit__
00000220   ___text__
0000a980   __args_main
000088e0   __auto_init
00009960   __c6xabi_divu
00007a40   __c6xabi_strasgi
000090e0   __cleanup
0000d274   __cleanup_ptr
00007500   __closefile
0000d734   __ctypes_
00000a20   __divd
00008ae0   __divli
00009960   __divu
00005a80   __divul
00003900   __divull
000091c0   __doflush
0000d278   __dtors_ptr
00009e40   __fixdli
0000a320   __fltlid
00007900   __frcmpyd_div
0000cf40   __ft_end
0000cc20   __ftable
0000d22c   __hGpioDev0
0000a3a0   __llshl
0000a740   __llshru
0000d288   __lock
00009ee0   __mpyll
0000ab40   __negll
0000ab60   __nop
00001e40   __printfi
00009f80   __remli
0000ac20   __stack
00009460   __strasg
00007a40   __strasgi
0000a7a0   __subcull
0000bc20   __sys_memory
0000ce00   __tmpnams
0000d28c   __unlock
00008180   __wrt_ok
0000abc0   _abort
00007b80   _atoi
0000a420   _c_int00
00007e00   _c_int11
000082a0   _close
000008d0   _comm_intr
00000220   _comm_poll
0000d160   _config
00009a20   _copy_in
00009540   _exit
000057e0   _fputc
000023a0   _fputs
00003c80   _free
0000d268   _fs
00006b60   _fseek
0000d1a8   _hAIC23_handle
00000740   _input_left_sample
00000808   _input_right_sample
0000063c   _input_sample
0000d26c   _inputsource
0000a620   _int2ulaw
00004e74   _interrupt_init
00008ce0   _lseek
00007cc0   _ltoa
000065c0   _main
00005f20   _malloc
0000a4a0   _memccpy
00006160   _memcpy
000083c0   _memset
0000d258   _myModuleFlag
0000d250   _myModuleInt
0000d254   _myModulePointer
000090b8   _myModule_function1
000090c0   _myModule_function2
00009020   _myModule_init
0000047c   _output_left_sample
0000055c   _output_right_sample
00000368   _output_sample
00008de0   _printf
000057e0   _putc
0000a020   _readmsg
0000abe0   _remove
00005280   _setvbuf
0000a840   _ulaw2int
0000a160   _unlink
00000020   _vector1
00000140   _vector10
00000180   _vector12
000001a0   _vector13
000001c0   _vector14
000001e0   _vector15
00000040   _vector2
00000060   _vector3
00000080   _vector4
000000a0   _vector5
000000c0   _vector6
000000e0   _vector7
00000100   _vector8
00000120   _vector9
00000000   _vectors
00008ee0   _write
0000a200   _writemsg
ffffffff   binit
0000d2b0   cinit
00000220   end
0000ac20   etext
ffffffff   pinit


GLOBAL SYMBOLS: SORTED BY Symbol Address 

address    name
--------   ----
00000000   _vectors
00000001   __TI_args_main
00000020   _vector1
00000040   _vector2
00000060   _vector3
00000080   _vector4
000000a0   _vector5
000000c0   _vector6
000000e0   _vector7
00000100   _vector8
00000120   _vector9
00000140   _vector10
00000180   _vector12
000001a0   _vector13
000001c0   _vector14
000001e0   _vector15
00000220   $bss
00000220   .bss
00000220   .text
00000220   ___bss__
00000220   ___end__
00000220   ___text__
00000220   _comm_poll
00000220   end
00000254   _CODEC_start
00000338   _CODEC_stop
00000368   _output_sample
0000047c   _output_left_sample
0000055c   _output_right_sample
0000063c   _input_sample
00000740   _input_left_sample
00000808   _input_right_sample
000008d0   _comm_intr
00000a20   __divd
00001000   __STACK_SIZE
00001000   __SYSMEM_SIZE
00001e40   __printfi
000023a0   _fputs
000028ac   _DSK6713_init
00002bc8   _DSK6713_rget
00002bdc   _DSK6713_rset
00002bf0   _DSK6713_wait
00002c48   _DSK6713_waitusec
00002c74   _DSK6713_getVersion
00003900   __divull
00003c80   _free
000046c0   _DSK6713_AIC23_openCodec
00004ce0   _PutChar
00004d34   _ReadChar
00004d94   _SPI_init
00004e18   _MCBSP_init
00004e74   _interrupt_init
00005280   _setvbuf
000057e0   _fputc
000057e0   _putc
00005a80   __divul
00005f20   _malloc
00006160   _memcpy
000063a0   _HOSTrename
000065c0   _main
000069a0   _IRQ_map
00006b60   _fseek
00006d20   _MCBSP_reset
00007200   _DSK6713_LED_init
00007228   _DSK6713_LED_off
00007284   _DSK6713_LED_on
000072e0   _DSK6713_LED_toggle
000073a0   _HOSTlseek
00007500   __closefile
00007660   _DSK6713_AIC23_rset
000076fc   _DSK6713_AIC23_rget
00007720   _DSK6713_AIC23_config
000077c0   _HOSTread
00007900   __frcmpyd_div
00007a40   __c6xabi_strasgi
00007a40   __strasgi
00007b80   _atoi
00007cc0   _ltoa
00007e00   _c_int11
00007f40   _HOSTopen
00008060   _HOSTwrite
00008180   __wrt_ok
000082a0   _close
000083c0   _memset
000084e0   _HOSTclose
000085e0   _HOSTunlink
000086e0   _MCBSP_open
000087e0   _MCBSP_start
000088e0   __auto_init
00008ae0   __divli
00008ce0   _lseek
00008de0   _printf
00008ee0   _write
00009020   _myModule_init
000090b8   _myModule_function1
000090c0   _myModule_function2
000090e0   __cleanup
000091c0   __doflush
00009460   __strasg
00009540   _exit
000097e0   _GPIO_open
000098a0   _GPIO_reset
00009960   __c6xabi_divu
00009960   __divu
00009a20   _copy_in
00009ba0   _DSK6713_AIC23_setFreq
00009c60   _GPIO_intPolarity
00009d00   _MCBSP_close
00009da0   _MCBSP_config
00009e40   __fixdli
00009ee0   __mpyll
00009f80   __remli
0000a020   _readmsg
0000a160   _unlink
0000a200   _writemsg
0000a278   C$$IO$$
0000a2a0   ___TI_cpp_init
0000a320   __fltlid
0000a3a0   __llshl
0000a420   _c_int00
0000a4a0   _memccpy
0000a520   _DSK6713_AIC23_closeCodec
0000a5a0   _DSK6713_DIP_init
0000a5a8   _DSK6713_DIP_get
0000a620   _int2ulaw
0000a680   _GPIO_pinDirection
0000a6e0   ___isinf
0000a740   __llshru
0000a7a0   __subcull
0000a800   _Audio_init
0000a840   _ulaw2int
0000a880   _GPIO_pinEnable
0000a8c0   _IRQ_enable
0000a900   _IRQ_reset
0000a980   __args_main
0000a9c0   _EXT_INT4
0000aa20   _IRQ_globalDisable
0000aa40   _IRQ_globalEnable
0000aa60   _IRQ_nmiEnable
0000aa80   _IRQ_setVecs
0000aaa0   _MCBSP_getXmtEventId
0000aac0   _MCBSP_read
0000aae0   _MCBSP_rrdy
0000ab00   _MCBSP_write
0000ab20   _MCBSP_xrdy
0000ab40   __negll
0000ab60   __nop
0000abc0   C$$EXIT
0000abc0   _abort
0000abe0   _remove
0000ac00   __IRQ_hookFetchPacket
0000ac20   ___etext__
0000ac20   __stack
0000ac20   etext
0000bc20   __STACK_END
0000bc20   __sys_memory
0000cc20   __ftable
0000ce00   __tmpnams
0000cf40   __ft_end
0000d088   __IRQ_eventTable
0000d10c   __IRQ_intTable
0000d14c   __IRQ_dispatchTable
0000d15c   _AIC_data
0000d160   _config
0000d188   _AIC23CfgData
0000d1a8   _hAIC23_handle
0000d1dc   __MCBSP_hDev0
0000d1e0   __MCBSP_hDev1
0000d218   __GPIO_intTable
0000d22c   __hGpioDev0
0000d250   _myModuleInt
0000d254   _myModulePointer
0000d258   _myModuleFlag
0000d268   _fs
0000d26c   _inputsource
0000d270   _AIC23_data
0000d274   __cleanup_ptr
0000d278   __dtors_ptr
0000d27c   ___TI_enable_exit_profile_output
0000d280   _DSK6713_AIC23_codeccontrolhandle
0000d284   _DSK6713_AIC23_codecdatahandle
0000d288   __lock
0000d28c   __unlock
0000d2a4   _FLAG_LECTURE
0000d2a5   _FLAG_RS232
0000d2a6   _FLAG_RS485
0000d2a8   _DSK6713_version
0000d2b0   ___cinit__
0000d2b0   cinit
0000d734   __ctypes_
0000d92c   __CIOBUF_
ffffffff   ___TI_pprof_out_hndl
ffffffff   ___TI_prof_data_size
ffffffff   ___TI_prof_data_start
ffffffff   ___binit__
ffffffff   ___c_args__
ffffffff   ___pinit__
ffffffff   binit
ffffffff   pinit

[199 symbols]
