******************************************************************************
               TMS320C6x Linker PC v7.4.20                     
******************************************************************************
>> Linked Tue Nov 14 12:32:07 2017

OUTPUT FILE NAME:   <S5e_APP6.out>
ENTRY POINT SYMBOL: "_c_int00"  address: 000035a0


MEMORY CONFIGURATION

         name            origin    length      used     unused   attr    fill
----------------------  --------  ---------  --------  --------  ----  --------
  IVECS                 00000000   00000220  00000200  00000020  RWIX
  IRAM                  00000220   0002fde0  00004ecc  0002af14  RWIX
  SDRAM                 80000000   01000000  0004e200  00fb1e00  RWIX
  FLASH                 90000000   00020000  00000000  00020000  RWIX


SECTION ALLOCATION MAP

 output                                  attributes/
section   page    origin      length       input sections
--------  ----  ----------  ----------   ----------------
.vectors   0    00000000    00000200     
                  00000000    00000200     Vectors.obj (.vectors)

.bss       0    00000220    00000000     UNINITIALIZED

.text      0    00000220    000038c0     
                  00000220    00000800     C6713Helper_UdeS.obj (.text)
                  00000a20    00000720     SPI_driver.obj (.text)
                  00001140    000004c0     Telephone.obj (.text)
                  00001600    00000480     dsk6713bsl.lib : dsk6713.obj (.text)
                  00001a80    00000320                    : dsk6713_aic23_opencodec.obj (.text)
                  00001da0    00000240     rts6700.lib : memcpy62.obj (.text:_memcpy)
                  00001fe0    00000240     Audio_driver.obj (.text:retain)
                  00002220    000001c0     csl6713.lib : csl_irq.obj (.text:_IRQ_map)
                  000023e0    000001a0                 : csl_mcbsp.obj (.text:_MCBSP_reset)
                  00002580    000001a0     dsk6713bsl.lib : dsk6713_led.obj (.text)
                  00002720    00000160                    : dsk6713_aic23_registers.obj (.text)
                  00002880    00000140     rts6700.lib : strasg.obj (.text:__strasgi)
                  000029c0    00000120     Audio_driver.obj (.text)
                  00002ae0    00000100     csl6713.lib : csl_mcbsp.obj (.text:_MCBSP_open)
                  00002be0    00000100                 : csl_mcbsp.obj (.text:_MCBSP_start)
                  00002ce0    00000100     rts6700.lib : autoinit.obj (.text:__auto_init)
                  00002de0    000000e0                 : strasg.obj (.text:__strasg)
                  00002ec0    000000e0                 : exit.obj (.text:_exit)
                  00002fa0    000000c0     csl6713.lib : csl_gpio.obj (.text:_GPIO_open)
                  00003060    000000c0                 : csl_gpio.obj (.text:_GPIO_reset)
                  00003120    000000c0     rts6700.lib : cpy_tbl.obj (.text:_copy_in)
                  000031e0    000000c0     dsk6713bsl.lib : dsk6713_aic23_setfreq.obj (.text)
                  000032a0    000000a0     csl6713.lib : csl_gpio.obj (.text:_GPIO_intPolarity)
                  00003340    000000a0                 : csl_mcbsp.obj (.text:_MCBSP_close)
                  000033e0    000000a0                 : csl_mcbsp.obj (.text:_MCBSP_config)
                  00003480    000000a0                 : csl_irq.obj (.text:_setMux)
                  00003520    00000080     rts6700.lib : cpp_init.obj (.text:___TI_cpp_init)
                  000035a0    00000080                 : boot.obj (.text:_c_int00)
                  00003620    00000080     dsk6713bsl.lib : dsk6713_aic23_closecodec.obj (.text)
                  000036a0    00000080                    : dsk6713_dip.obj (.text)
                  00003720    00000060     INT2ULAW.obj (.text)
                  00003780    00000060     csl6713.lib : csl_gpio.obj (.text:_GPIO_pinDirection)
                  000037e0    00000040     ULAW2INT.obj (.text)
                  00003820    00000040     csl6713.lib : csl_gpio.obj (.text:_GPIO_pinEnable)
                  00003860    00000040                 : csl_irq.obj (.text:_IRQ_enable)
                  000038a0    00000040                 : csl_irq.obj (.text:_IRQ_reset)
                  000038e0    00000040     rts6700.lib : args_main.obj (.text:__args_main)
                  00003920    00000020     Vectors.obj (.text)
                  00003940    00000020     csl6713.lib : csl_irq.obj (.text:_IRQ_clear)
                  00003960    00000020                 : csl_irq.obj (.text:_IRQ_globalDisable)
                  00003980    00000020                 : csl_irq.obj (.text:_IRQ_globalEnable)
                  000039a0    00000020                 : csl_irq.obj (.text:_IRQ_nmiEnable)
                  000039c0    00000020                 : csl_irq.obj (.text:_IRQ_setVecs)
                  000039e0    00000020                 : csl_mcbsp.obj (.text:_MCBSP_getXmtEventId)
                  00003a00    00000020                 : csl_mcbsp.obj (.text:_MCBSP_read)
                  00003a20    00000020                 : csl_mcbsp.obj (.text:_MCBSP_rrdy)
                  00003a40    00000020                 : csl_mcbsp.obj (.text:_MCBSP_write)
                  00003a60    00000020                 : csl_mcbsp.obj (.text:_MCBSP_xempty)
                  00003a80    00000020                 : csl_mcbsp.obj (.text:_MCBSP_xrdy)
                  00003aa0    00000020     rts6700.lib : exit.obj (.text:_abort)
                  00003ac0    00000020     csl6713.lib : csl_irq.obj (.text)

.stack     0    00003ae0    00001000     UNINITIALIZED
                  00003ae0    00000008     rts6700.lib : boot.obj (.stack)
                  00003ae8    00000ff8     --HOLE--

.cinit     0    00004ae0    00000364     
                  00004ae0    0000012c     csl6713.lib : csl_irq.obj (.cinit)
                  00004c0c    00000004     --HOLE-- [fill = 0]
                  00004c10    0000007c     Telephone.obj (.cinit)
                  00004c8c    00000004     --HOLE-- [fill = 0]
                  00004c90    00000058     C6713Helper_UdeS.obj (.cinit)
                  00004ce8    00000054     csl6713.lib : csl_mcbsp.obj (.cinit)
                  00004d3c    00000004     --HOLE-- [fill = 0]
                  00004d40    00000044                 : csl_gpio.obj (.cinit)
                  00004d84    00000004     --HOLE-- [fill = 0]
                  00004d88    00000030     dsk6713bsl.lib : dsk6713_aic23_registers.obj (.cinit)
                  00004db8    0000002c     Audio_driver.obj (.cinit)
                  00004de4    00000004     --HOLE-- [fill = 0]
                  00004de8    0000002c     rts6700.lib : exit.obj (.cinit)
                  00004e14    00000004     --HOLE-- [fill = 0]
                  00004e18    00000028     dsk6713bsl.lib : dsk6713_aic23_setfreq.obj (.cinit)
                  00004e40    00000004     --HOLE-- [fill = 0]

.far       0    00004e44    00000228     UNINITIALIZED
                  00004e44    000000f4     csl6713.lib : csl_irq.obj (.far)
                  00004f38    00000058     C6713Helper_UdeS.obj (.far)
                  00004f90    00000038     csl6713.lib : csl_mcbsp.obj (.far)
                  00004fc8    00000028     dsk6713bsl.lib : dsk6713_aic23_registers.obj (.far)
                  00004ff0    00000024     csl6713.lib : csl_gpio.obj (.far)
                  00005014    00000020     dsk6713bsl.lib : dsk6713_aic23_setfreq.obj (.far)
                  00005034    00000010     Audio_driver.obj (.far)
                  00005044    00000010     Telephone.obj (.far)
                  00005054    0000000c     rts6700.lib : exit.obj (.far)
                  00005060    00000008     dsk6713bsl.lib : dsk6713_aic23_opencodec.obj (.far)
                  00005068    00000002                    : dsk6713.obj (.far)
                  0000506a    00000002                    : dsk6713_led.obj (.far)

.const     0    0000506c    00000080     
                  0000506c    00000040     dsk6713bsl.lib : dsk6713_aic23_opencodec.obj (.const)
                  000050ac    00000020     SPI_driver.obj (.const)
                  000050cc    00000020     dsk6713bsl.lib : dsk6713.obj (.const)

.EXT_RAM   0    80000000    0004e200     UNINITIALIZED
                  80000000    0004e200     Telephone.obj (.EXT_RAM)


GLOBAL SYMBOLS: SORTED ALPHABETICALLY BY Name 

address    name
--------   ----
00000220   $bss
00000220   .bss
00000220   .text
00003aa0   C$$EXIT
00004f6c   _AIC23CfgData
0000503c   _AIC23_data
00004f40   _AIC_data
000029c0   _Audio_init
00000254   _CODEC_start
00000338   _CODEC_stop
00003620   _DSK6713_AIC23_closeCodec
00005060   _DSK6713_AIC23_codeccontrolhandle
00005064   _DSK6713_AIC23_codecdatahandle
000027e0   _DSK6713_AIC23_config
00001a80   _DSK6713_AIC23_openCodec
000027bc   _DSK6713_AIC23_rget
00002720   _DSK6713_AIC23_rset
000031e0   _DSK6713_AIC23_setFreq
000036a8   _DSK6713_DIP_get
000036a0   _DSK6713_DIP_init
00002580   _DSK6713_LED_init
000025a8   _DSK6713_LED_off
00002604   _DSK6713_LED_on
00002660   _DSK6713_LED_toggle
00001a14   _DSK6713_getVersion
0000164c   _DSK6713_init
00001968   _DSK6713_rget
0000197c   _DSK6713_rset
00005068   _DSK6713_version
00001990   _DSK6713_wait
000019e8   _DSK6713_waitusec
00005046   _FLAG_COMP
00005045   _FLAG_ECRITURE
00005049   _FLAG_ENRG
00005044   _FLAG_LECTURE
0000504a   _FLAG_REJOUE
00005047   _FLAG_RS232
00005048   _FLAG_RS485
000032a0   _GPIO_intPolarity
00002fa0   _GPIO_open
00003780   _GPIO_pinDirection
00003820   _GPIO_pinEnable
00003060   _GPIO_reset
00003940   _IRQ_clear
00003860   _IRQ_enable
00003960   _IRQ_globalDisable
00003980   _IRQ_globalEnable
00002220   _IRQ_map
000039a0   _IRQ_nmiEnable
000038a0   _IRQ_reset
000039c0   _IRQ_setVecs
00003340   _MCBSP_close
000033e0   _MCBSP_config
000039e0   _MCBSP_getXmtEventId
00000ea0   _MCBSP_init
00002ae0   _MCBSP_open
00003a00   _MCBSP_read
000023e0   _MCBSP_reset
00003a20   _MCBSP_rrdy
00002be0   _MCBSP_start
00003a40   _MCBSP_write
00003a60   _MCBSP_xempty
00003a80   _MCBSP_xrdy
00000a20   _PutChar
00000a74   _ReadChar
00000bac   _SPI_init
00004ffc   __GPIO_intTable
00004f30   __IRQ_dispatchTable
00004e6c   __IRQ_eventTable
00003ac0   __IRQ_hookFetchPacket
00004ef0   __IRQ_intTable
00004fc0   __MCBSP_hDev0
00004fc4   __MCBSP_hDev1
00004ae0   __STACK_END
00001000   __STACK_SIZE
00000001   __TI_args_main
00003520   ___TI_cpp_init
0000505c   ___TI_enable_exit_profile_output
ffffffff   ___TI_pprof_out_hndl
ffffffff   ___TI_prof_data_size
ffffffff   ___TI_prof_data_start
ffffffff   ___binit__
00000220   ___bss__
ffffffff   ___c_args__
00004ae0   ___cinit__
00000220   ___end__
00003ae0   ___etext__
ffffffff   ___pinit__
00000220   ___text__
000038e0   __args_main
00002ce0   __auto_init
00002880   __c6xabi_strasgi
00005054   __cleanup_ptr
00005058   __dtors_ptr
00005010   __hGpioDev0
00003ae0   __stack
00002de0   __strasg
00002880   __strasgi
00003aa0   _abort
000035a0   _c_int00
000021dc   _c_int04
00001fe0   _c_int11
000008d0   _comm_intr
00000220   _comm_poll
00005050   _compteurENRG
00004f44   _config
00003120   _copy_in
80000000   _enregistrement
00002ec0   _exit
00005034   _fs
00004f8c   _hAIC23_handle
00000740   _input_left_sample
00000808   _input_right_sample
0000063c   _input_sample
00005038   _inputsource
00003720   _int2ulaw
00000fd4   _interrupt_init
00001140   _main
00001da0   _memcpy
0000504c   _outputSample
0000047c   _output_left_sample
0000055c   _output_right_sample
00000368   _output_sample
00002a64   _traiter_input
000029fc   _traiter_output
000037e0   _ulaw2int
00000020   _vector1
00000140   _vector10
00000180   _vector12
000001a0   _vector13
000001c0   _vector14
000001e0   _vector15
00000040   _vector2
00000060   _vector3
000000a0   _vector5
000000c0   _vector6
000000e0   _vector7
00000100   _vector8
00000120   _vector9
00000000   _vectors
ffffffff   binit
00004ae0   cinit
00000220   end
00003ae0   etext
ffffffff   pinit


GLOBAL SYMBOLS: SORTED BY Symbol Address 

address    name
--------   ----
00000000   _vectors
00000001   __TI_args_main
00000020   _vector1
00000040   _vector2
00000060   _vector3
000000a0   _vector5
000000c0   _vector6
000000e0   _vector7
00000100   _vector8
00000120   _vector9
00000140   _vector10
00000180   _vector12
000001a0   _vector13
000001c0   _vector14
000001e0   _vector15
00000220   $bss
00000220   .bss
00000220   .text
00000220   ___bss__
00000220   ___end__
00000220   ___text__
00000220   _comm_poll
00000220   end
00000254   _CODEC_start
00000338   _CODEC_stop
00000368   _output_sample
0000047c   _output_left_sample
0000055c   _output_right_sample
0000063c   _input_sample
00000740   _input_left_sample
00000808   _input_right_sample
000008d0   _comm_intr
00000a20   _PutChar
00000a74   _ReadChar
00000bac   _SPI_init
00000ea0   _MCBSP_init
00000fd4   _interrupt_init
00001000   __STACK_SIZE
00001140   _main
0000164c   _DSK6713_init
00001968   _DSK6713_rget
0000197c   _DSK6713_rset
00001990   _DSK6713_wait
000019e8   _DSK6713_waitusec
00001a14   _DSK6713_getVersion
00001a80   _DSK6713_AIC23_openCodec
00001da0   _memcpy
00001fe0   _c_int11
000021dc   _c_int04
00002220   _IRQ_map
000023e0   _MCBSP_reset
00002580   _DSK6713_LED_init
000025a8   _DSK6713_LED_off
00002604   _DSK6713_LED_on
00002660   _DSK6713_LED_toggle
00002720   _DSK6713_AIC23_rset
000027bc   _DSK6713_AIC23_rget
000027e0   _DSK6713_AIC23_config
00002880   __c6xabi_strasgi
00002880   __strasgi
000029c0   _Audio_init
000029fc   _traiter_output
00002a64   _traiter_input
00002ae0   _MCBSP_open
00002be0   _MCBSP_start
00002ce0   __auto_init
00002de0   __strasg
00002ec0   _exit
00002fa0   _GPIO_open
00003060   _GPIO_reset
00003120   _copy_in
000031e0   _DSK6713_AIC23_setFreq
000032a0   _GPIO_intPolarity
00003340   _MCBSP_close
000033e0   _MCBSP_config
00003520   ___TI_cpp_init
000035a0   _c_int00
00003620   _DSK6713_AIC23_closeCodec
000036a0   _DSK6713_DIP_init
000036a8   _DSK6713_DIP_get
00003720   _int2ulaw
00003780   _GPIO_pinDirection
000037e0   _ulaw2int
00003820   _GPIO_pinEnable
00003860   _IRQ_enable
000038a0   _IRQ_reset
000038e0   __args_main
00003940   _IRQ_clear
00003960   _IRQ_globalDisable
00003980   _IRQ_globalEnable
000039a0   _IRQ_nmiEnable
000039c0   _IRQ_setVecs
000039e0   _MCBSP_getXmtEventId
00003a00   _MCBSP_read
00003a20   _MCBSP_rrdy
00003a40   _MCBSP_write
00003a60   _MCBSP_xempty
00003a80   _MCBSP_xrdy
00003aa0   C$$EXIT
00003aa0   _abort
00003ac0   __IRQ_hookFetchPacket
00003ae0   ___etext__
00003ae0   __stack
00003ae0   etext
00004ae0   __STACK_END
00004ae0   ___cinit__
00004ae0   cinit
00004e6c   __IRQ_eventTable
00004ef0   __IRQ_intTable
00004f30   __IRQ_dispatchTable
00004f40   _AIC_data
00004f44   _config
00004f6c   _AIC23CfgData
00004f8c   _hAIC23_handle
00004fc0   __MCBSP_hDev0
00004fc4   __MCBSP_hDev1
00004ffc   __GPIO_intTable
00005010   __hGpioDev0
00005034   _fs
00005038   _inputsource
0000503c   _AIC23_data
00005044   _FLAG_LECTURE
00005045   _FLAG_ECRITURE
00005046   _FLAG_COMP
00005047   _FLAG_RS232
00005048   _FLAG_RS485
00005049   _FLAG_ENRG
0000504a   _FLAG_REJOUE
0000504c   _outputSample
00005050   _compteurENRG
00005054   __cleanup_ptr
00005058   __dtors_ptr
0000505c   ___TI_enable_exit_profile_output
00005060   _DSK6713_AIC23_codeccontrolhandle
00005064   _DSK6713_AIC23_codecdatahandle
00005068   _DSK6713_version
80000000   _enregistrement
ffffffff   ___TI_pprof_out_hndl
ffffffff   ___TI_prof_data_size
ffffffff   ___TI_prof_data_start
ffffffff   ___binit__
ffffffff   ___c_args__
ffffffff   ___pinit__
ffffffff   binit
ffffffff   pinit

[145 symbols]
