******************************************************************************
               TMS320C6x Linker PC v7.4.20                     
******************************************************************************
>> Linked Tue Nov 14 13:42:43 2017

OUTPUT FILE NAME:   <S5e_APP6.out>
ENTRY POINT SYMBOL: "_c_int00"  address: 00003620


MEMORY CONFIGURATION

         name            origin    length      used     unused   attr    fill
----------------------  --------  ---------  --------  --------  ----  --------
  IVECS                 00000000   00000220  00000200  00000020  RWIX
  IRAM                  00000220   0002fde0  00004f4c  0002ae94  RWIX
  SDRAM                 80000000   01000000  0004e200  00fb1e00  RWIX
  FLASH                 90000000   00020000  00000000  00020000  RWIX


SECTION ALLOCATION MAP

 output                                  attributes/
section   page    origin      length       input sections
--------  ----  ----------  ----------   ----------------
.vectors   0    00000000    00000200     
                  00000000    00000200     Vectors.obj (.vectors)

.bss       0    00000220    00000000     UNINITIALIZED

.text      0    00000220    00003940     
                  00000220    00000800     C6713Helper_UdeS.obj (.text)
                  00000a20    00000720     SPI_driver.obj (.text)
                  00001140    00000540     Telephone.obj (.text)
                  00001680    00000480     dsk6713bsl.lib : dsk6713.obj (.text)
                  00001b00    00000320                    : dsk6713_aic23_opencodec.obj (.text)
                  00001e20    00000240     rts6700.lib : memcpy62.obj (.text:_memcpy)
                  00002060    00000240     Audio_driver.obj (.text:retain)
                  000022a0    000001c0     csl6713.lib : csl_irq.obj (.text:_IRQ_map)
                  00002460    000001a0                 : csl_mcbsp.obj (.text:_MCBSP_reset)
                  00002600    000001a0     dsk6713bsl.lib : dsk6713_led.obj (.text)
                  000027a0    00000160                    : dsk6713_aic23_registers.obj (.text)
                  00002900    00000140     rts6700.lib : strasg.obj (.text:__strasgi)
                  00002a40    00000120     Audio_driver.obj (.text)
                  00002b60    00000100     csl6713.lib : csl_mcbsp.obj (.text:_MCBSP_open)
                  00002c60    00000100                 : csl_mcbsp.obj (.text:_MCBSP_start)
                  00002d60    00000100     rts6700.lib : autoinit.obj (.text:__auto_init)
                  00002e60    000000e0                 : strasg.obj (.text:__strasg)
                  00002f40    000000e0                 : exit.obj (.text:_exit)
                  00003020    000000c0     csl6713.lib : csl_gpio.obj (.text:_GPIO_open)
                  000030e0    000000c0                 : csl_gpio.obj (.text:_GPIO_reset)
                  000031a0    000000c0     rts6700.lib : cpy_tbl.obj (.text:_copy_in)
                  00003260    000000c0     dsk6713bsl.lib : dsk6713_aic23_setfreq.obj (.text)
                  00003320    000000a0     csl6713.lib : csl_gpio.obj (.text:_GPIO_intPolarity)
                  000033c0    000000a0                 : csl_mcbsp.obj (.text:_MCBSP_close)
                  00003460    000000a0                 : csl_mcbsp.obj (.text:_MCBSP_config)
                  00003500    000000a0                 : csl_irq.obj (.text:_setMux)
                  000035a0    00000080     rts6700.lib : cpp_init.obj (.text:___TI_cpp_init)
                  00003620    00000080                 : boot.obj (.text:_c_int00)
                  000036a0    00000080     dsk6713bsl.lib : dsk6713_aic23_closecodec.obj (.text)
                  00003720    00000080                    : dsk6713_dip.obj (.text)
                  000037a0    00000060     INT2ULAW.obj (.text)
                  00003800    00000060     csl6713.lib : csl_gpio.obj (.text:_GPIO_pinDirection)
                  00003860    00000040     ULAW2INT.obj (.text)
                  000038a0    00000040     csl6713.lib : csl_gpio.obj (.text:_GPIO_pinEnable)
                  000038e0    00000040                 : csl_irq.obj (.text:_IRQ_enable)
                  00003920    00000040                 : csl_irq.obj (.text:_IRQ_reset)
                  00003960    00000040     rts6700.lib : args_main.obj (.text:__args_main)
                  000039a0    00000020     Vectors.obj (.text)
                  000039c0    00000020     csl6713.lib : csl_irq.obj (.text:_IRQ_clear)
                  000039e0    00000020                 : csl_irq.obj (.text:_IRQ_globalDisable)
                  00003a00    00000020                 : csl_irq.obj (.text:_IRQ_globalEnable)
                  00003a20    00000020                 : csl_irq.obj (.text:_IRQ_nmiEnable)
                  00003a40    00000020                 : csl_irq.obj (.text:_IRQ_setVecs)
                  00003a60    00000020                 : csl_mcbsp.obj (.text:_MCBSP_getXmtEventId)
                  00003a80    00000020                 : csl_mcbsp.obj (.text:_MCBSP_read)
                  00003aa0    00000020                 : csl_mcbsp.obj (.text:_MCBSP_rrdy)
                  00003ac0    00000020                 : csl_mcbsp.obj (.text:_MCBSP_write)
                  00003ae0    00000020                 : csl_mcbsp.obj (.text:_MCBSP_xempty)
                  00003b00    00000020                 : csl_mcbsp.obj (.text:_MCBSP_xrdy)
                  00003b20    00000020     rts6700.lib : exit.obj (.text:_abort)
                  00003b40    00000020     csl6713.lib : csl_irq.obj (.text)

.stack     0    00003b60    00001000     UNINITIALIZED
                  00003b60    00000008     rts6700.lib : boot.obj (.stack)
                  00003b68    00000ff8     --HOLE--

.cinit     0    00004b60    00000364     
                  00004b60    0000012c     csl6713.lib : csl_irq.obj (.cinit)
                  00004c8c    00000004     --HOLE-- [fill = 0]
                  00004c90    0000007c     Telephone.obj (.cinit)
                  00004d0c    00000004     --HOLE-- [fill = 0]
                  00004d10    00000058     C6713Helper_UdeS.obj (.cinit)
                  00004d68    00000054     csl6713.lib : csl_mcbsp.obj (.cinit)
                  00004dbc    00000004     --HOLE-- [fill = 0]
                  00004dc0    00000044                 : csl_gpio.obj (.cinit)
                  00004e04    00000004     --HOLE-- [fill = 0]
                  00004e08    00000030     dsk6713bsl.lib : dsk6713_aic23_registers.obj (.cinit)
                  00004e38    0000002c     Audio_driver.obj (.cinit)
                  00004e64    00000004     --HOLE-- [fill = 0]
                  00004e68    0000002c     rts6700.lib : exit.obj (.cinit)
                  00004e94    00000004     --HOLE-- [fill = 0]
                  00004e98    00000028     dsk6713bsl.lib : dsk6713_aic23_setfreq.obj (.cinit)
                  00004ec0    00000004     --HOLE-- [fill = 0]

.far       0    00004ec4    00000228     UNINITIALIZED
                  00004ec4    000000f4     csl6713.lib : csl_irq.obj (.far)
                  00004fb8    00000058     C6713Helper_UdeS.obj (.far)
                  00005010    00000038     csl6713.lib : csl_mcbsp.obj (.far)
                  00005048    00000028     dsk6713bsl.lib : dsk6713_aic23_registers.obj (.far)
                  00005070    00000024     csl6713.lib : csl_gpio.obj (.far)
                  00005094    00000020     dsk6713bsl.lib : dsk6713_aic23_setfreq.obj (.far)
                  000050b4    00000010     Audio_driver.obj (.far)
                  000050c4    00000010     Telephone.obj (.far)
                  000050d4    0000000c     rts6700.lib : exit.obj (.far)
                  000050e0    00000008     dsk6713bsl.lib : dsk6713_aic23_opencodec.obj (.far)
                  000050e8    00000002                    : dsk6713.obj (.far)
                  000050ea    00000002                    : dsk6713_led.obj (.far)

.const     0    000050ec    00000080     
                  000050ec    00000040     dsk6713bsl.lib : dsk6713_aic23_opencodec.obj (.const)
                  0000512c    00000020     SPI_driver.obj (.const)
                  0000514c    00000020     dsk6713bsl.lib : dsk6713.obj (.const)

.EXT_RAM   0    80000000    0004e200     UNINITIALIZED
                  80000000    0004e200     Telephone.obj (.EXT_RAM)


GLOBAL SYMBOLS: SORTED ALPHABETICALLY BY Name 

address    name
--------   ----
00000220   $bss
00000220   .bss
00000220   .text
00003b20   C$$EXIT
00004fec   _AIC23CfgData
000050bc   _AIC23_data
00004fc0   _AIC_data
00002a40   _Audio_init
00000254   _CODEC_start
00000338   _CODEC_stop
000036a0   _DSK6713_AIC23_closeCodec
000050e0   _DSK6713_AIC23_codeccontrolhandle
000050e4   _DSK6713_AIC23_codecdatahandle
00002860   _DSK6713_AIC23_config
00001b00   _DSK6713_AIC23_openCodec
0000283c   _DSK6713_AIC23_rget
000027a0   _DSK6713_AIC23_rset
00003260   _DSK6713_AIC23_setFreq
00003728   _DSK6713_DIP_get
00003720   _DSK6713_DIP_init
00002600   _DSK6713_LED_init
00002628   _DSK6713_LED_off
00002684   _DSK6713_LED_on
000026e0   _DSK6713_LED_toggle
00001a94   _DSK6713_getVersion
000016cc   _DSK6713_init
000019e8   _DSK6713_rget
000019fc   _DSK6713_rset
000050e8   _DSK6713_version
00001a10   _DSK6713_wait
00001a68   _DSK6713_waitusec
000050c6   _FLAG_COMP
000050c5   _FLAG_ECRITURE
000050c9   _FLAG_ENRG
000050c4   _FLAG_LECTURE
000050ca   _FLAG_REJOUE
000050c7   _FLAG_RS232
000050c8   _FLAG_RS485
00003320   _GPIO_intPolarity
00003020   _GPIO_open
00003800   _GPIO_pinDirection
000038a0   _GPIO_pinEnable
000030e0   _GPIO_reset
000039c0   _IRQ_clear
000038e0   _IRQ_enable
000039e0   _IRQ_globalDisable
00003a00   _IRQ_globalEnable
000022a0   _IRQ_map
00003a20   _IRQ_nmiEnable
00003920   _IRQ_reset
00003a40   _IRQ_setVecs
000033c0   _MCBSP_close
00003460   _MCBSP_config
00003a60   _MCBSP_getXmtEventId
00000ea0   _MCBSP_init
00002b60   _MCBSP_open
00003a80   _MCBSP_read
00002460   _MCBSP_reset
00003aa0   _MCBSP_rrdy
00002c60   _MCBSP_start
00003ac0   _MCBSP_write
00003ae0   _MCBSP_xempty
00003b00   _MCBSP_xrdy
00000a20   _PutChar
00000a74   _ReadChar
00000bac   _SPI_init
0000507c   __GPIO_intTable
00004fb0   __IRQ_dispatchTable
00004eec   __IRQ_eventTable
00003b40   __IRQ_hookFetchPacket
00004f70   __IRQ_intTable
00005040   __MCBSP_hDev0
00005044   __MCBSP_hDev1
00004b60   __STACK_END
00001000   __STACK_SIZE
00000001   __TI_args_main
000035a0   ___TI_cpp_init
000050dc   ___TI_enable_exit_profile_output
ffffffff   ___TI_pprof_out_hndl
ffffffff   ___TI_prof_data_size
ffffffff   ___TI_prof_data_start
ffffffff   ___binit__
00000220   ___bss__
ffffffff   ___c_args__
00004b60   ___cinit__
00000220   ___end__
00003b60   ___etext__
ffffffff   ___pinit__
00000220   ___text__
00003960   __args_main
00002d60   __auto_init
00002900   __c6xabi_strasgi
000050d4   __cleanup_ptr
000050d8   __dtors_ptr
00005090   __hGpioDev0
00003b60   __stack
00002e60   __strasg
00002900   __strasgi
00003b20   _abort
00003620   _c_int00
0000225c   _c_int04
00002060   _c_int11
000008d0   _comm_intr
00000220   _comm_poll
000050d0   _compteurENRG
00004fc4   _config
000031a0   _copy_in
80000000   _enregistrement
00002f40   _exit
000050b4   _fs
0000500c   _hAIC23_handle
00000740   _input_left_sample
00000808   _input_right_sample
0000063c   _input_sample
000050b8   _inputsource
000037a0   _int2ulaw
00000fd4   _interrupt_init
00001140   _main
00001e20   _memcpy
000050cc   _outputSample
0000047c   _output_left_sample
0000055c   _output_right_sample
00000368   _output_sample
00002ae4   _traiter_input
00002a7c   _traiter_output
00003860   _ulaw2int
00000020   _vector1
00000140   _vector10
00000180   _vector12
000001a0   _vector13
000001c0   _vector14
000001e0   _vector15
00000040   _vector2
00000060   _vector3
000000a0   _vector5
000000c0   _vector6
000000e0   _vector7
00000100   _vector8
00000120   _vector9
00000000   _vectors
ffffffff   binit
00004b60   cinit
00000220   end
00003b60   etext
ffffffff   pinit


GLOBAL SYMBOLS: SORTED BY Symbol Address 

address    name
--------   ----
00000000   _vectors
00000001   __TI_args_main
00000020   _vector1
00000040   _vector2
00000060   _vector3
000000a0   _vector5
000000c0   _vector6
000000e0   _vector7
00000100   _vector8
00000120   _vector9
00000140   _vector10
00000180   _vector12
000001a0   _vector13
000001c0   _vector14
000001e0   _vector15
00000220   $bss
00000220   .bss
00000220   .text
00000220   ___bss__
00000220   ___end__
00000220   ___text__
00000220   _comm_poll
00000220   end
00000254   _CODEC_start
00000338   _CODEC_stop
00000368   _output_sample
0000047c   _output_left_sample
0000055c   _output_right_sample
0000063c   _input_sample
00000740   _input_left_sample
00000808   _input_right_sample
000008d0   _comm_intr
00000a20   _PutChar
00000a74   _ReadChar
00000bac   _SPI_init
00000ea0   _MCBSP_init
00000fd4   _interrupt_init
00001000   __STACK_SIZE
00001140   _main
000016cc   _DSK6713_init
000019e8   _DSK6713_rget
000019fc   _DSK6713_rset
00001a10   _DSK6713_wait
00001a68   _DSK6713_waitusec
00001a94   _DSK6713_getVersion
00001b00   _DSK6713_AIC23_openCodec
00001e20   _memcpy
00002060   _c_int11
0000225c   _c_int04
000022a0   _IRQ_map
00002460   _MCBSP_reset
00002600   _DSK6713_LED_init
00002628   _DSK6713_LED_off
00002684   _DSK6713_LED_on
000026e0   _DSK6713_LED_toggle
000027a0   _DSK6713_AIC23_rset
0000283c   _DSK6713_AIC23_rget
00002860   _DSK6713_AIC23_config
00002900   __c6xabi_strasgi
00002900   __strasgi
00002a40   _Audio_init
00002a7c   _traiter_output
00002ae4   _traiter_input
00002b60   _MCBSP_open
00002c60   _MCBSP_start
00002d60   __auto_init
00002e60   __strasg
00002f40   _exit
00003020   _GPIO_open
000030e0   _GPIO_reset
000031a0   _copy_in
00003260   _DSK6713_AIC23_setFreq
00003320   _GPIO_intPolarity
000033c0   _MCBSP_close
00003460   _MCBSP_config
000035a0   ___TI_cpp_init
00003620   _c_int00
000036a0   _DSK6713_AIC23_closeCodec
00003720   _DSK6713_DIP_init
00003728   _DSK6713_DIP_get
000037a0   _int2ulaw
00003800   _GPIO_pinDirection
00003860   _ulaw2int
000038a0   _GPIO_pinEnable
000038e0   _IRQ_enable
00003920   _IRQ_reset
00003960   __args_main
000039c0   _IRQ_clear
000039e0   _IRQ_globalDisable
00003a00   _IRQ_globalEnable
00003a20   _IRQ_nmiEnable
00003a40   _IRQ_setVecs
00003a60   _MCBSP_getXmtEventId
00003a80   _MCBSP_read
00003aa0   _MCBSP_rrdy
00003ac0   _MCBSP_write
00003ae0   _MCBSP_xempty
00003b00   _MCBSP_xrdy
00003b20   C$$EXIT
00003b20   _abort
00003b40   __IRQ_hookFetchPacket
00003b60   ___etext__
00003b60   __stack
00003b60   etext
00004b60   __STACK_END
00004b60   ___cinit__
00004b60   cinit
00004eec   __IRQ_eventTable
00004f70   __IRQ_intTable
00004fb0   __IRQ_dispatchTable
00004fc0   _AIC_data
00004fc4   _config
00004fec   _AIC23CfgData
0000500c   _hAIC23_handle
00005040   __MCBSP_hDev0
00005044   __MCBSP_hDev1
0000507c   __GPIO_intTable
00005090   __hGpioDev0
000050b4   _fs
000050b8   _inputsource
000050bc   _AIC23_data
000050c4   _FLAG_LECTURE
000050c5   _FLAG_ECRITURE
000050c6   _FLAG_COMP
000050c7   _FLAG_RS232
000050c8   _FLAG_RS485
000050c9   _FLAG_ENRG
000050ca   _FLAG_REJOUE
000050cc   _outputSample
000050d0   _compteurENRG
000050d4   __cleanup_ptr
000050d8   __dtors_ptr
000050dc   ___TI_enable_exit_profile_output
000050e0   _DSK6713_AIC23_codeccontrolhandle
000050e4   _DSK6713_AIC23_codecdatahandle
000050e8   _DSK6713_version
80000000   _enregistrement
ffffffff   ___TI_pprof_out_hndl
ffffffff   ___TI_prof_data_size
ffffffff   ___TI_prof_data_start
ffffffff   ___binit__
ffffffff   ___c_args__
ffffffff   ___pinit__
ffffffff   binit
ffffffff   pinit

[145 symbols]
