<?xml version="1.0"?>
<link_info>
   <banner>TMS320C6x Linker PC v7.4.20</banner>
   <copyright>Copyright (c) 1996-2015 Texas Instruments Incorporated</copyright>
   <link_time>0x5a0a5809</link_time>
   <output_file>S5e_APP6.out</output_file>
   <entry_point>
      <name>_c_int00</name>
      <address>0xad60</address>
   </entry_point>
   <input_file_list>
      <input_file id="fl-2">
         <path>.\source\asm\</path>
         <kind>object</kind>
         <file>INT2ULAW.obj</file>
         <name>INT2ULAW.obj</name>
      </input_file>
      <input_file id="fl-3">
         <path>.\source\asm\</path>
         <kind>object</kind>
         <file>ULAW2INT.obj</file>
         <name>ULAW2INT.obj</name>
      </input_file>
      <input_file id="fl-4">
         <path>.\source\asm\</path>
         <kind>object</kind>
         <file>Vectors.obj</file>
         <name>Vectors.obj</name>
      </input_file>
      <input_file id="fl-5">
         <path>.\source\c\</path>
         <kind>object</kind>
         <file>Audio_driver.obj</file>
         <name>Audio_driver.obj</name>
      </input_file>
      <input_file id="fl-6">
         <path>.\source\c\</path>
         <kind>object</kind>
         <file>C6713Helper_UdeS.obj</file>
         <name>C6713Helper_UdeS.obj</name>
      </input_file>
      <input_file id="fl-7">
         <path>.\source\c\</path>
         <kind>object</kind>
         <file>SPI_driver.obj</file>
         <name>SPI_driver.obj</name>
      </input_file>
      <input_file id="fl-8">
         <path>.\source\c\</path>
         <kind>object</kind>
         <file>Telephone.obj</file>
         <name>Telephone.obj</name>
      </input_file>
      <input_file id="fl-9">
         <path>.\source\c\</path>
         <kind>object</kind>
         <file>module_example.obj</file>
         <name>module_example.obj</name>
      </input_file>
      <input_file id="fl-87">
         <path>C:\ti\ccsv7\tools\compiler\c6000_7.4.20\lib\</path>
         <kind>archive</kind>
         <file>rts6700.lib</file>
         <name>boot.obj</name>
      </input_file>
      <input_file id="fl-88">
         <path>C:\ti\ccsv7\tools\compiler\c6000_7.4.20\lib\</path>
         <kind>archive</kind>
         <file>rts6700.lib</file>
         <name>exit.obj</name>
      </input_file>
      <input_file id="fl-89">
         <path>C:\ti\ccsv7\tools\compiler\c6000_7.4.20\lib\</path>
         <kind>archive</kind>
         <file>rts6700.lib</file>
         <name>printf.obj</name>
      </input_file>
      <input_file id="fl-8a">
         <path>C:\ti\ccsv7\tools\compiler\c6000_7.4.20\lib\</path>
         <kind>archive</kind>
         <file>rts6700.lib</file>
         <name>strasg.obj</name>
      </input_file>
      <input_file id="fl-8b">
         <path>C:\ti\ccsv7\tools\compiler\c6000_7.4.20\lib\</path>
         <kind>archive</kind>
         <file>rts6700.lib</file>
         <name>_lock.obj</name>
      </input_file>
      <input_file id="fl-8c">
         <path>C:\ti\ccsv7\tools\compiler\c6000_7.4.20\lib\</path>
         <kind>archive</kind>
         <file>rts6700.lib</file>
         <name>_printfi.obj</name>
      </input_file>
      <input_file id="fl-8d">
         <path>C:\ti\ccsv7\tools\compiler\c6000_7.4.20\lib\</path>
         <kind>archive</kind>
         <file>rts6700.lib</file>
         <name>args_main.obj</name>
      </input_file>
      <input_file id="fl-8e">
         <path>C:\ti\ccsv7\tools\compiler\c6000_7.4.20\lib\</path>
         <kind>archive</kind>
         <file>rts6700.lib</file>
         <name>atoi.obj</name>
      </input_file>
      <input_file id="fl-8f">
         <path>C:\ti\ccsv7\tools\compiler\c6000_7.4.20\lib\</path>
         <kind>archive</kind>
         <file>rts6700.lib</file>
         <name>autoinit.obj</name>
      </input_file>
      <input_file id="fl-90">
         <path>C:\ti\ccsv7\tools\compiler\c6000_7.4.20\lib\</path>
         <kind>archive</kind>
         <file>rts6700.lib</file>
         <name>cpp_init.obj</name>
      </input_file>
      <input_file id="fl-91">
         <path>C:\ti\ccsv7\tools\compiler\c6000_7.4.20\lib\</path>
         <kind>archive</kind>
         <file>rts6700.lib</file>
         <name>cpy_tbl.obj</name>
      </input_file>
      <input_file id="fl-92">
         <path>C:\ti\ccsv7\tools\compiler\c6000_7.4.20\lib\</path>
         <kind>archive</kind>
         <file>rts6700.lib</file>
         <name>ctype.obj</name>
      </input_file>
      <input_file id="fl-93">
         <path>C:\ti\ccsv7\tools\compiler\c6000_7.4.20\lib\</path>
         <kind>archive</kind>
         <file>rts6700.lib</file>
         <name>defs.obj</name>
      </input_file>
      <input_file id="fl-94">
         <path>C:\ti\ccsv7\tools\compiler\c6000_7.4.20\lib\</path>
         <kind>archive</kind>
         <file>rts6700.lib</file>
         <name>divd.obj</name>
      </input_file>
      <input_file id="fl-95">
         <path>C:\ti\ccsv7\tools\compiler\c6000_7.4.20\lib\</path>
         <kind>archive</kind>
         <file>rts6700.lib</file>
         <name>divu.obj</name>
      </input_file>
      <input_file id="fl-96">
         <path>C:\ti\ccsv7\tools\compiler\c6000_7.4.20\lib\</path>
         <kind>archive</kind>
         <file>rts6700.lib</file>
         <name>fixdli.obj</name>
      </input_file>
      <input_file id="fl-97">
         <path>C:\ti\ccsv7\tools\compiler\c6000_7.4.20\lib\</path>
         <kind>archive</kind>
         <file>rts6700.lib</file>
         <name>fltlid.obj</name>
      </input_file>
      <input_file id="fl-98">
         <path>C:\ti\ccsv7\tools\compiler\c6000_7.4.20\lib\</path>
         <kind>archive</kind>
         <file>rts6700.lib</file>
         <name>fputc.obj</name>
      </input_file>
      <input_file id="fl-99">
         <path>C:\ti\ccsv7\tools\compiler\c6000_7.4.20\lib\</path>
         <kind>archive</kind>
         <file>rts6700.lib</file>
         <name>fputs.obj</name>
      </input_file>
      <input_file id="fl-9a">
         <path>C:\ti\ccsv7\tools\compiler\c6000_7.4.20\lib\</path>
         <kind>archive</kind>
         <file>rts6700.lib</file>
         <name>frcmpyd_div.obj</name>
      </input_file>
      <input_file id="fl-9b">
         <path>C:\ti\ccsv7\tools\compiler\c6000_7.4.20\lib\</path>
         <kind>archive</kind>
         <file>rts6700.lib</file>
         <name>imath40.obj</name>
      </input_file>
      <input_file id="fl-9c">
         <path>C:\ti\ccsv7\tools\compiler\c6000_7.4.20\lib\</path>
         <kind>archive</kind>
         <file>rts6700.lib</file>
         <name>imath64.obj</name>
      </input_file>
      <input_file id="fl-9d">
         <path>C:\ti\ccsv7\tools\compiler\c6000_7.4.20\lib\</path>
         <kind>archive</kind>
         <file>rts6700.lib</file>
         <name>isinf.obj</name>
      </input_file>
      <input_file id="fl-9e">
         <path>C:\ti\ccsv7\tools\compiler\c6000_7.4.20\lib\</path>
         <kind>archive</kind>
         <file>rts6700.lib</file>
         <name>llshift.obj</name>
      </input_file>
      <input_file id="fl-9f">
         <path>C:\ti\ccsv7\tools\compiler\c6000_7.4.20\lib\</path>
         <kind>archive</kind>
         <file>rts6700.lib</file>
         <name>lowlev.obj</name>
      </input_file>
      <input_file id="fl-a0">
         <path>C:\ti\ccsv7\tools\compiler\c6000_7.4.20\lib\</path>
         <kind>archive</kind>
         <file>rts6700.lib</file>
         <name>ltoa.obj</name>
      </input_file>
      <input_file id="fl-a1">
         <path>C:\ti\ccsv7\tools\compiler\c6000_7.4.20\lib\</path>
         <kind>archive</kind>
         <file>rts6700.lib</file>
         <name>memccpy.obj</name>
      </input_file>
      <input_file id="fl-a2">
         <path>C:\ti\ccsv7\tools\compiler\c6000_7.4.20\lib\</path>
         <kind>archive</kind>
         <file>rts6700.lib</file>
         <name>memcpy62.obj</name>
      </input_file>
      <input_file id="fl-a3">
         <path>C:\ti\ccsv7\tools\compiler\c6000_7.4.20\lib\</path>
         <kind>archive</kind>
         <file>rts6700.lib</file>
         <name>memset.obj</name>
      </input_file>
      <input_file id="fl-a4">
         <path>C:\ti\ccsv7\tools\compiler\c6000_7.4.20\lib\</path>
         <kind>archive</kind>
         <file>rts6700.lib</file>
         <name>mpyll.obj</name>
      </input_file>
      <input_file id="fl-a5">
         <path>C:\ti\ccsv7\tools\compiler\c6000_7.4.20\lib\</path>
         <kind>archive</kind>
         <file>rts6700.lib</file>
         <name>negll.obj</name>
      </input_file>
      <input_file id="fl-a6">
         <path>C:\ti\ccsv7\tools\compiler\c6000_7.4.20\lib\</path>
         <kind>archive</kind>
         <file>rts6700.lib</file>
         <name>trgdrv.obj</name>
      </input_file>
      <input_file id="fl-a7">
         <path>C:\ti\ccsv7\tools\compiler\c6000_7.4.20\lib\</path>
         <kind>archive</kind>
         <file>rts6700.lib</file>
         <name>trgmsg.obj</name>
      </input_file>
      <input_file id="fl-a8">
         <path>C:\ti\ccsv7\tools\compiler\c6000_7.4.20\lib\</path>
         <kind>archive</kind>
         <file>rts6700.lib</file>
         <name>_io_perm.obj</name>
      </input_file>
      <input_file id="fl-a9">
         <path>C:\ti\ccsv7\tools\compiler\c6000_7.4.20\lib\</path>
         <kind>archive</kind>
         <file>rts6700.lib</file>
         <name>abs.obj</name>
      </input_file>
      <input_file id="fl-aa">
         <path>C:\ti\ccsv7\tools\compiler\c6000_7.4.20\lib\</path>
         <kind>archive</kind>
         <file>rts6700.lib</file>
         <name>fflush.obj</name>
      </input_file>
      <input_file id="fl-ab">
         <path>C:\ti\ccsv7\tools\compiler\c6000_7.4.20\lib\</path>
         <kind>archive</kind>
         <file>rts6700.lib</file>
         <name>fseek.obj</name>
      </input_file>
      <input_file id="fl-ac">
         <path>C:\ti\ccsv7\tools\compiler\c6000_7.4.20\lib\</path>
         <kind>archive</kind>
         <file>rts6700.lib</file>
         <name>setvbuf.obj</name>
      </input_file>
      <input_file id="fl-ad">
         <path>C:\ti\ccsv7\tools\compiler\c6000_7.4.20\lib\</path>
         <kind>archive</kind>
         <file>rts6700.lib</file>
         <name>fopen.obj</name>
      </input_file>
      <input_file id="fl-ae">
         <path>C:\ti\ccsv7\tools\compiler\c6000_7.4.20\lib\</path>
         <kind>archive</kind>
         <file>rts6700.lib</file>
         <name>memory.obj</name>
      </input_file>
      <input_file id="fl-af">
         <path>C:\ti\ccsv7\tools\compiler\c6000_7.4.20\lib\</path>
         <kind>archive</kind>
         <file>rts6700.lib</file>
         <name>fclose.obj</name>
      </input_file>
      <input_file id="fl-b0">
         <path>C:\ti\ccsv7\tools\compiler\c6000_7.4.20\lib\</path>
         <kind>archive</kind>
         <file>rts6700.lib</file>
         <name>remove.obj</name>
      </input_file>
      <input_file id="fl-b1">
         <path>C:\ti\ccsv7\ccs_base\C6xCSL\lib_3x\</path>
         <kind>archive</kind>
         <file>csl6713.lib</file>
         <name>csl_gpio.obj</name>
      </input_file>
      <input_file id="fl-b2">
         <path>C:\ti\ccsv7\ccs_base\C6xCSL\lib_3x\</path>
         <kind>archive</kind>
         <file>csl6713.lib</file>
         <name>csl_irq.obj</name>
      </input_file>
      <input_file id="fl-b3">
         <path>C:\ti\ccsv7\ccs_base\C6xCSL\lib_3x\</path>
         <kind>archive</kind>
         <file>csl6713.lib</file>
         <name>csl_mcbsp.obj</name>
      </input_file>
      <input_file id="fl-b4">
         <path>C:\ti\dsk6713\lib\</path>
         <kind>archive</kind>
         <file>dsk6713bsl.lib</file>
         <name>dsk6713.obj</name>
      </input_file>
      <input_file id="fl-b5">
         <path>C:\ti\dsk6713\lib\</path>
         <kind>archive</kind>
         <file>dsk6713bsl.lib</file>
         <name>dsk6713_aic23_closecodec.obj</name>
      </input_file>
      <input_file id="fl-b6">
         <path>C:\ti\dsk6713\lib\</path>
         <kind>archive</kind>
         <file>dsk6713bsl.lib</file>
         <name>dsk6713_aic23_opencodec.obj</name>
      </input_file>
      <input_file id="fl-b7">
         <path>C:\ti\dsk6713\lib\</path>
         <kind>archive</kind>
         <file>dsk6713bsl.lib</file>
         <name>dsk6713_aic23_registers.obj</name>
      </input_file>
      <input_file id="fl-b8">
         <path>C:\ti\dsk6713\lib\</path>
         <kind>archive</kind>
         <file>dsk6713bsl.lib</file>
         <name>dsk6713_aic23_setfreq.obj</name>
      </input_file>
      <input_file id="fl-b9">
         <path>C:\ti\dsk6713\lib\</path>
         <kind>archive</kind>
         <file>dsk6713bsl.lib</file>
         <name>dsk6713_dip.obj</name>
      </input_file>
      <input_file id="fl-ba">
         <path>C:\ti\dsk6713\lib\</path>
         <kind>archive</kind>
         <file>dsk6713bsl.lib</file>
         <name>dsk6713_led.obj</name>
      </input_file>
   </input_file_list>
   <object_component_list>
      <object_component id="oc-31">
         <name>.EXT_RAM</name>
         <uninitialized>true</uninitialized>
         <run_address>0x80000000</run_address>
         <size>0x4e200</size>
         <input_file_ref idref="fl-8"/>
      </object_component>
      <object_component id="oc-18">
         <name>.vectors</name>
         <load_address>0x0</load_address>
         <run_address>0x0</run_address>
         <size>0x200</size>
         <input_file_ref idref="fl-4"/>
      </object_component>
      <object_component id="oc-103">
         <name>.text</name>
         <load_address>0x220</load_address>
         <run_address>0x220</run_address>
         <size>0x800</size>
         <input_file_ref idref="fl-6"/>
      </object_component>
      <object_component id="oc-125">
         <name>.text</name>
         <load_address>0xa20</load_address>
         <run_address>0xa20</run_address>
         <size>0x720</size>
         <input_file_ref idref="fl-7"/>
      </object_component>
      <object_component id="oc-156">
         <name>.text:__divd</name>
         <load_address>0x1140</load_address>
         <run_address>0x1140</run_address>
         <size>0x720</size>
         <input_file_ref idref="fl-94"/>
      </object_component>
      <object_component id="oc-14a">
         <name>.text:__getarg_diouxp</name>
         <load_address>0x1860</load_address>
         <run_address>0x1860</run_address>
         <size>0x6c0</size>
         <input_file_ref idref="fl-8c"/>
      </object_component>
      <object_component id="oc-138">
         <name>.text:__setfield</name>
         <load_address>0x1f20</load_address>
         <run_address>0x1f20</run_address>
         <size>0x640</size>
         <input_file_ref idref="fl-8c"/>
      </object_component>
      <object_component id="oc-132">
         <name>.text:__printfi</name>
         <load_address>0x2560</load_address>
         <run_address>0x2560</run_address>
         <size>0x560</size>
         <input_file_ref idref="fl-8c"/>
      </object_component>
      <object_component id="oc-113">
         <name>.text</name>
         <load_address>0x2ac0</load_address>
         <run_address>0x2ac0</run_address>
         <size>0x4e0</size>
         <input_file_ref idref="fl-8"/>
      </object_component>
      <object_component id="oc-134">
         <name>.text:_fputs</name>
         <load_address>0x2fa0</load_address>
         <run_address>0x2fa0</run_address>
         <size>0x4c0</size>
         <input_file_ref idref="fl-99"/>
      </object_component>
      <object_component id="oc-da">
         <name>.text</name>
         <load_address>0x3460</load_address>
         <run_address>0x3460</run_address>
         <size>0x480</size>
         <input_file_ref idref="fl-b4"/>
      </object_component>
      <object_component id="oc-154">
         <name>.text:_fcvt</name>
         <load_address>0x38e0</load_address>
         <run_address>0x38e0</run_address>
         <size>0x420</size>
         <input_file_ref idref="fl-8c"/>
      </object_component>
      <object_component id="oc-13f">
         <name>.text:__pproc_fge</name>
         <load_address>0x3d00</load_address>
         <run_address>0x3d00</run_address>
         <size>0x400</size>
         <input_file_ref idref="fl-8c"/>
      </object_component>
      <object_component id="oc-151">
         <name>.text:_ecvt</name>
         <load_address>0x4100</load_address>
         <run_address>0x4100</run_address>
         <size>0x400</size>
         <input_file_ref idref="fl-8c"/>
      </object_component>
      <object_component id="oc-163">
         <name>.text:__divull</name>
         <load_address>0x4500</load_address>
         <run_address>0x4500</run_address>
         <size>0x380</size>
         <input_file_ref idref="fl-9c"/>
      </object_component>
      <object_component id="oc-14e">
         <name>.text:_free</name>
         <load_address>0x4880</load_address>
         <run_address>0x4880</run_address>
         <size>0x380</size>
         <input_file_ref idref="fl-ae"/>
      </object_component>
      <object_component id="oc-149">
         <name>.text:__pconv_e</name>
         <load_address>0x4c00</load_address>
         <run_address>0x4c00</run_address>
         <size>0x360</size>
         <input_file_ref idref="fl-8c"/>
      </object_component>
      <object_component id="oc-137">
         <name>.text:__pproc_fwp</name>
         <load_address>0x4f60</load_address>
         <run_address>0x4f60</run_address>
         <size>0x360</size>
         <input_file_ref idref="fl-8c"/>
      </object_component>
      <object_component id="oc-e4">
         <name>.text</name>
         <load_address>0x52c0</load_address>
         <run_address>0x52c0</run_address>
         <size>0x320</size>
         <input_file_ref idref="fl-b6"/>
      </object_component>
      <object_component id="oc-140">
         <name>.text:__pproc_diouxp</name>
         <load_address>0x55e0</load_address>
         <run_address>0x55e0</run_address>
         <size>0x300</size>
         <input_file_ref idref="fl-8c"/>
      </object_component>
      <object_component id="oc-139">
         <name>.text:__pproc_str</name>
         <load_address>0x58e0</load_address>
         <run_address>0x58e0</run_address>
         <size>0x2c0</size>
         <input_file_ref idref="fl-8c"/>
      </object_component>
      <object_component id="oc-143">
         <name>.text:_setvbuf</name>
         <load_address>0x5ba0</load_address>
         <run_address>0x5ba0</run_address>
         <size>0x2c0</size>
         <input_file_ref idref="fl-ac"/>
      </object_component>
      <object_component id="oc-147">
         <name>.text:__pconv_g</name>
         <load_address>0x5e60</load_address>
         <run_address>0x5e60</run_address>
         <size>0x2a0</size>
         <input_file_ref idref="fl-8c"/>
      </object_component>
      <object_component id="oc-135">
         <name>.text:_fputc</name>
         <load_address>0x6100</load_address>
         <run_address>0x6100</run_address>
         <size>0x2a0</size>
         <input_file_ref idref="fl-98"/>
      </object_component>
      <object_component id="oc-162">
         <name>.text:__divul</name>
         <load_address>0x63a0</load_address>
         <run_address>0x63a0</run_address>
         <size>0x260</size>
         <input_file_ref idref="fl-9b"/>
      </object_component>
      <object_component id="oc-153">
         <name>.text:__mcpy</name>
         <load_address>0x6600</load_address>
         <run_address>0x6600</run_address>
         <size>0x240</size>
         <input_file_ref idref="fl-8c"/>
      </object_component>
      <object_component id="oc-14f">
         <name>.text:_malloc</name>
         <load_address>0x6840</load_address>
         <run_address>0x6840</run_address>
         <size>0x240</size>
         <input_file_ref idref="fl-ae"/>
      </object_component>
      <object_component id="oc-111">
         <name>.text:_memcpy</name>
         <load_address>0x6a80</load_address>
         <run_address>0x6a80</run_address>
         <size>0x240</size>
         <input_file_ref idref="fl-a2"/>
      </object_component>
      <object_component id="oc-1f">
         <name>.text:retain</name>
         <load_address>0x6cc0</load_address>
         <run_address>0x6cc0</run_address>
         <size>0x240</size>
         <input_file_ref idref="fl-5"/>
      </object_component>
      <object_component id="oc-10b">
         <name>.text:_HOSTrename</name>
         <load_address>0x6f00</load_address>
         <run_address>0x6f00</run_address>
         <size>0x220</size>
         <input_file_ref idref="fl-a6"/>
      </object_component>
      <object_component id="oc-16b">
         <name>.text:_getdevice</name>
         <load_address>0x7120</load_address>
         <run_address>0x7120</run_address>
         <size>0x1e0</size>
         <input_file_ref idref="fl-9f"/>
      </object_component>
      <object_component id="oc-11c">
         <name>.text:_IRQ_map</name>
         <load_address>0x7300</load_address>
         <run_address>0x7300</run_address>
         <size>0x1c0</size>
         <input_file_ref idref="fl-b2"/>
      </object_component>
      <object_component id="oc-142">
         <name>.text:_fseek</name>
         <load_address>0x74c0</load_address>
         <run_address>0x74c0</run_address>
         <size>0x1c0</size>
         <input_file_ref idref="fl-ab"/>
      </object_component>
      <object_component id="oc-123">
         <name>.text:_MCBSP_reset</name>
         <load_address>0x7680</load_address>
         <run_address>0x7680</run_address>
         <size>0x1a0</size>
         <input_file_ref idref="fl-b3"/>
      </object_component>
      <object_component id="oc-14c">
         <name>.text:__ltostr</name>
         <load_address>0x7820</load_address>
         <run_address>0x7820</run_address>
         <size>0x1a0</size>
         <input_file_ref idref="fl-8c"/>
      </object_component>
      <object_component id="oc-136">
         <name>.text:__pproc_fflags</name>
         <load_address>0x79c0</load_address>
         <run_address>0x79c0</run_address>
         <size>0x1a0</size>
         <input_file_ref idref="fl-8c"/>
      </object_component>
      <object_component id="oc-fa">
         <name>.text</name>
         <load_address>0x7b60</load_address>
         <run_address>0x7b60</run_address>
         <size>0x1a0</size>
         <input_file_ref idref="fl-ba"/>
      </object_component>
      <object_component id="oc-109">
         <name>.text:_HOSTlseek</name>
         <load_address>0x7d00</load_address>
         <run_address>0x7d00</run_address>
         <size>0x160</size>
         <input_file_ref idref="fl-a6"/>
      </object_component>
      <object_component id="oc-15b">
         <name>.text:__closefile</name>
         <load_address>0x7e60</load_address>
         <run_address>0x7e60</run_address>
         <size>0x160</size>
         <input_file_ref idref="fl-af"/>
      </object_component>
      <object_component id="oc-ea">
         <name>.text</name>
         <load_address>0x7fc0</load_address>
         <run_address>0x7fc0</run_address>
         <size>0x160</size>
         <input_file_ref idref="fl-b7"/>
      </object_component>
      <object_component id="oc-107">
         <name>.text:_HOSTread</name>
         <load_address>0x8120</load_address>
         <run_address>0x8120</run_address>
         <size>0x140</size>
         <input_file_ref idref="fl-a6"/>
      </object_component>
      <object_component id="oc-160">
         <name>.text:__frcmpyd_div</name>
         <load_address>0x8260</load_address>
         <run_address>0x8260</run_address>
         <size>0x140</size>
         <input_file_ref idref="fl-9a"/>
      </object_component>
      <object_component id="oc-129">
         <name>.text:__strasgi</name>
         <load_address>0x83a0</load_address>
         <run_address>0x83a0</run_address>
         <size>0x140</size>
         <input_file_ref idref="fl-8a"/>
      </object_component>
      <object_component id="oc-13e">
         <name>.text:_atoi</name>
         <load_address>0x84e0</load_address>
         <run_address>0x84e0</run_address>
         <size>0x140</size>
         <input_file_ref idref="fl-8e"/>
      </object_component>
      <object_component id="oc-15d">
         <name>.text:_ltoa</name>
         <load_address>0x8620</load_address>
         <run_address>0x8620</run_address>
         <size>0x140</size>
         <input_file_ref idref="fl-a0"/>
      </object_component>
      <object_component id="oc-102">
         <name>.text</name>
         <load_address>0x8760</load_address>
         <run_address>0x8760</run_address>
         <size>0x120</size>
         <input_file_ref idref="fl-5"/>
      </object_component>
      <object_component id="oc-105">
         <name>.text:_HOSTopen</name>
         <load_address>0x8880</load_address>
         <run_address>0x8880</run_address>
         <size>0x120</size>
         <input_file_ref idref="fl-a6"/>
      </object_component>
      <object_component id="oc-108">
         <name>.text:_HOSTwrite</name>
         <load_address>0x89a0</load_address>
         <run_address>0x89a0</run_address>
         <size>0x120</size>
         <input_file_ref idref="fl-a6"/>
      </object_component>
      <object_component id="oc-13a">
         <name>.text:__wrt_ok</name>
         <load_address>0x8ac0</load_address>
         <run_address>0x8ac0</run_address>
         <size>0x120</size>
         <input_file_ref idref="fl-a8"/>
      </object_component>
      <object_component id="oc-164">
         <name>.text:_close</name>
         <load_address>0x8be0</load_address>
         <run_address>0x8be0</run_address>
         <size>0x120</size>
         <input_file_ref idref="fl-9f"/>
      </object_component>
      <object_component id="oc-13d">
         <name>.text:_memset</name>
         <load_address>0x8d00</load_address>
         <run_address>0x8d00</run_address>
         <size>0x120</size>
         <input_file_ref idref="fl-a3"/>
      </object_component>
      <object_component id="oc-106">
         <name>.text:_HOSTclose</name>
         <load_address>0x8e20</load_address>
         <run_address>0x8e20</run_address>
         <size>0x100</size>
         <input_file_ref idref="fl-a6"/>
      </object_component>
      <object_component id="oc-10a">
         <name>.text:_HOSTunlink</name>
         <load_address>0x8f20</load_address>
         <run_address>0x8f20</run_address>
         <size>0x100</size>
         <input_file_ref idref="fl-a6"/>
      </object_component>
      <object_component id="oc-10e">
         <name>.text:_MCBSP_open</name>
         <load_address>0x9020</load_address>
         <run_address>0x9020</run_address>
         <size>0x100</size>
         <input_file_ref idref="fl-b3"/>
      </object_component>
      <object_component id="oc-10f">
         <name>.text:_MCBSP_start</name>
         <load_address>0x9120</load_address>
         <run_address>0x9120</run_address>
         <size>0x100</size>
         <input_file_ref idref="fl-b3"/>
      </object_component>
      <object_component id="oc-ff">
         <name>.text:__auto_init</name>
         <load_address>0x9220</load_address>
         <run_address>0x9220</run_address>
         <size>0x100</size>
         <input_file_ref idref="fl-8f"/>
      </object_component>
      <object_component id="oc-157">
         <name>.text:__div</name>
         <load_address>0x9320</load_address>
         <run_address>0x9320</run_address>
         <size>0x100</size>
         <input_file_ref idref="fl-8c"/>
      </object_component>
      <object_component id="oc-167">
         <name>.text:__divli</name>
         <load_address>0x9420</load_address>
         <run_address>0x9420</run_address>
         <size>0x100</size>
         <input_file_ref idref="fl-9b"/>
      </object_component>
      <object_component id="oc-148">
         <name>.text:__pconv_f</name>
         <load_address>0x9520</load_address>
         <run_address>0x9520</run_address>
         <size>0x100</size>
         <input_file_ref idref="fl-8c"/>
      </object_component>
      <object_component id="oc-14d">
         <name>.text:_lseek</name>
         <load_address>0x9620</load_address>
         <run_address>0x9620</run_address>
         <size>0x100</size>
         <input_file_ref idref="fl-9f"/>
      </object_component>
      <object_component id="oc-127">
         <name>.text:_printf</name>
         <load_address>0x9720</load_address>
         <run_address>0x9720</run_address>
         <size>0x100</size>
         <input_file_ref idref="fl-89"/>
      </object_component>
      <object_component id="oc-13c">
         <name>.text:_write</name>
         <load_address>0x9820</load_address>
         <run_address>0x9820</run_address>
         <size>0x100</size>
         <input_file_ref idref="fl-9f"/>
      </object_component>
      <object_component id="oc-124">
         <name>.text</name>
         <load_address>0x9920</load_address>
         <run_address>0x9920</run_address>
         <size>0x100</size>
         <input_file_ref idref="fl-9"/>
      </object_component>
      <object_component id="oc-150">
         <name>.text:__cleanup</name>
         <load_address>0x9a20</load_address>
         <run_address>0x9a20</run_address>
         <size>0xe0</size>
         <input_file_ref idref="fl-ad"/>
      </object_component>
      <object_component id="oc-13b">
         <name>.text:__doflush</name>
         <load_address>0x9b00</load_address>
         <run_address>0x9b00</run_address>
         <size>0xe0</size>
         <input_file_ref idref="fl-aa"/>
      </object_component>
      <object_component id="oc-152">
         <name>.text:__ecpy</name>
         <load_address>0x9be0</load_address>
         <run_address>0x9be0</run_address>
         <size>0xe0</size>
         <input_file_ref idref="fl-8c"/>
      </object_component>
      <object_component id="oc-155">
         <name>.text:__fcpy</name>
         <load_address>0x9cc0</load_address>
         <run_address>0x9cc0</run_address>
         <size>0xe0</size>
         <input_file_ref idref="fl-8c"/>
      </object_component>
      <object_component id="oc-10c">
         <name>.text:__strasg</name>
         <load_address>0x9da0</load_address>
         <run_address>0x9da0</run_address>
         <size>0xe0</size>
         <input_file_ref idref="fl-8a"/>
      </object_component>
      <object_component id="oc-101">
         <name>.text:_exit</name>
         <load_address>0x9e80</load_address>
         <run_address>0x9e80</run_address>
         <size>0xe0</size>
         <input_file_ref idref="fl-88"/>
      </object_component>
      <object_component id="oc-15a">
         <name>.text:_minsert</name>
         <load_address>0x9f60</load_address>
         <run_address>0x9f60</run_address>
         <size>0xe0</size>
         <input_file_ref idref="fl-ae"/>
      </object_component>
      <object_component id="oc-159">
         <name>.text:_mremove</name>
         <load_address>0xa040</load_address>
         <run_address>0xa040</run_address>
         <size>0xe0</size>
         <input_file_ref idref="fl-ae"/>
      </object_component>
      <object_component id="oc-12b">
         <name>.text:_GPIO_open</name>
         <load_address>0xa120</load_address>
         <run_address>0xa120</run_address>
         <size>0xc0</size>
         <input_file_ref idref="fl-b1"/>
      </object_component>
      <object_component id="oc-133">
         <name>.text:_GPIO_reset</name>
         <load_address>0xa1e0</load_address>
         <run_address>0xa1e0</run_address>
         <size>0xc0</size>
         <input_file_ref idref="fl-b1"/>
      </object_component>
      <object_component id="oc-161">
         <name>.text:__divu</name>
         <load_address>0xa2a0</load_address>
         <run_address>0xa2a0</run_address>
         <size>0xc0</size>
         <input_file_ref idref="fl-95"/>
      </object_component>
      <object_component id="oc-110">
         <name>.text:_copy_in</name>
         <load_address>0xa360</load_address>
         <run_address>0xa360</run_address>
         <size>0xc0</size>
         <input_file_ref idref="fl-91"/>
      </object_component>
      <object_component id="oc-16c">
         <name>.text:_finddevice</name>
         <load_address>0xa420</load_address>
         <run_address>0xa420</run_address>
         <size>0xc0</size>
         <input_file_ref idref="fl-9f"/>
      </object_component>
      <object_component id="oc-f0">
         <name>.text</name>
         <load_address>0xa4e0</load_address>
         <run_address>0xa4e0</run_address>
         <size>0xc0</size>
         <input_file_ref idref="fl-b8"/>
      </object_component>
      <object_component id="oc-12e">
         <name>.text:_GPIO_intPolarity</name>
         <load_address>0xa5a0</load_address>
         <run_address>0xa5a0</run_address>
         <size>0xa0</size>
         <input_file_ref idref="fl-b1"/>
      </object_component>
      <object_component id="oc-10d">
         <name>.text:_MCBSP_close</name>
         <load_address>0xa640</load_address>
         <run_address>0xa640</run_address>
         <size>0xa0</size>
         <input_file_ref idref="fl-b3"/>
      </object_component>
      <object_component id="oc-115">
         <name>.text:_MCBSP_config</name>
         <load_address>0xa6e0</load_address>
         <run_address>0xa6e0</run_address>
         <size>0xa0</size>
         <input_file_ref idref="fl-b3"/>
      </object_component>
      <object_component id="oc-15c">
         <name>.text:__fixdli</name>
         <load_address>0xa780</load_address>
         <run_address>0xa780</run_address>
         <size>0xa0</size>
         <input_file_ref idref="fl-96"/>
      </object_component>
      <object_component id="oc-158">
         <name>.text:__mpyll</name>
         <load_address>0xa820</load_address>
         <run_address>0xa820</run_address>
         <size>0xa0</size>
         <input_file_ref idref="fl-a4"/>
      </object_component>
      <object_component id="oc-166">
         <name>.text:__remli</name>
         <load_address>0xa8c0</load_address>
         <run_address>0xa8c0</run_address>
         <size>0xa0</size>
         <input_file_ref idref="fl-9b"/>
      </object_component>
      <object_component id="oc-122">
         <name>.text:_readmsg</name>
         <load_address>0xa960</load_address>
         <run_address>0xa960</run_address>
         <size>0xa0</size>
         <input_file_ref idref="fl-a7"/>
      </object_component>
      <object_component id="oc-126">
         <name>.text:_setMux</name>
         <load_address>0xaa00</load_address>
         <run_address>0xaa00</run_address>
         <size>0xa0</size>
         <input_file_ref idref="fl-b2"/>
      </object_component>
      <object_component id="oc-16a">
         <name>.text:_unlink</name>
         <load_address>0xaaa0</load_address>
         <run_address>0xaaa0</run_address>
         <size>0xa0</size>
         <input_file_ref idref="fl-9f"/>
      </object_component>
      <object_component id="oc-121">
         <name>.text:_writemsg</name>
         <load_address>0xab40</load_address>
         <run_address>0xab40</run_address>
         <size>0xa0</size>
         <input_file_ref idref="fl-a7"/>
      </object_component>
      <object_component id="oc-112">
         <name>.text:___TI_cpp_init</name>
         <load_address>0xabe0</load_address>
         <run_address>0xabe0</run_address>
         <size>0x80</size>
         <input_file_ref idref="fl-90"/>
      </object_component>
      <object_component id="oc-15e">
         <name>.text:__fltlid</name>
         <load_address>0xac60</load_address>
         <run_address>0xac60</run_address>
         <size>0x80</size>
         <input_file_ref idref="fl-97"/>
      </object_component>
      <object_component id="oc-168">
         <name>.text:__llshl</name>
         <load_address>0xace0</load_address>
         <run_address>0xace0</run_address>
         <size>0x80</size>
         <input_file_ref idref="fl-9e"/>
      </object_component>
      <object_component id="oc-e">
         <name>.text:_c_int00</name>
         <load_address>0xad60</load_address>
         <run_address>0xad60</run_address>
         <size>0x80</size>
         <input_file_ref idref="fl-87"/>
      </object_component>
      <object_component id="oc-141">
         <name>.text:_memccpy</name>
         <load_address>0xade0</load_address>
         <run_address>0xade0</run_address>
         <size>0x80</size>
         <input_file_ref idref="fl-a1"/>
      </object_component>
      <object_component id="oc-e0">
         <name>.text</name>
         <load_address>0xae60</load_address>
         <run_address>0xae60</run_address>
         <size>0x80</size>
         <input_file_ref idref="fl-b5"/>
      </object_component>
      <object_component id="oc-f6">
         <name>.text</name>
         <load_address>0xaee0</load_address>
         <run_address>0xaee0</run_address>
         <size>0x80</size>
         <input_file_ref idref="fl-b9"/>
      </object_component>
      <object_component id="oc-f">
         <name>.text</name>
         <load_address>0xaf60</load_address>
         <run_address>0xaf60</run_address>
         <size>0x60</size>
         <input_file_ref idref="fl-2"/>
      </object_component>
      <object_component id="oc-12d">
         <name>.text:_GPIO_pinDirection</name>
         <load_address>0xafc0</load_address>
         <run_address>0xafc0</run_address>
         <size>0x60</size>
         <input_file_ref idref="fl-b1"/>
      </object_component>
      <object_component id="oc-146">
         <name>.text:___isinf</name>
         <load_address>0xb020</load_address>
         <run_address>0xb020</run_address>
         <size>0x60</size>
         <input_file_ref idref="fl-9d"/>
      </object_component>
      <object_component id="oc-15f">
         <name>.text:__llshru</name>
         <load_address>0xb080</load_address>
         <run_address>0xb080</run_address>
         <size>0x60</size>
         <input_file_ref idref="fl-9e"/>
      </object_component>
      <object_component id="oc-169">
         <name>.text:__subcull</name>
         <load_address>0xb0e0</load_address>
         <run_address>0xb0e0</run_address>
         <size>0x60</size>
         <input_file_ref idref="fl-9c"/>
      </object_component>
      <object_component id="oc-13">
         <name>.text</name>
         <load_address>0xb140</load_address>
         <run_address>0xb140</run_address>
         <size>0x40</size>
         <input_file_ref idref="fl-3"/>
      </object_component>
      <object_component id="oc-12c">
         <name>.text:_GPIO_pinEnable</name>
         <load_address>0xb180</load_address>
         <run_address>0xb180</run_address>
         <size>0x40</size>
         <input_file_ref idref="fl-b1"/>
      </object_component>
      <object_component id="oc-120">
         <name>.text:_IRQ_enable</name>
         <load_address>0xb1c0</load_address>
         <run_address>0xb1c0</run_address>
         <size>0x40</size>
         <input_file_ref idref="fl-b2"/>
      </object_component>
      <object_component id="oc-11d">
         <name>.text:_IRQ_reset</name>
         <load_address>0xb200</load_address>
         <run_address>0xb200</run_address>
         <size>0x40</size>
         <input_file_ref idref="fl-b2"/>
      </object_component>
      <object_component id="oc-145">
         <name>.text:___isnan</name>
         <load_address>0xb240</load_address>
         <run_address>0xb240</run_address>
         <size>0x40</size>
         <input_file_ref idref="fl-8c"/>
      </object_component>
      <object_component id="oc-100">
         <name>.text:__args_main</name>
         <load_address>0xb280</load_address>
         <run_address>0xb280</run_address>
         <size>0x40</size>
         <input_file_ref idref="fl-8d"/>
      </object_component>
      <object_component id="oc-17">
         <name>.text</name>
         <load_address>0xb2c0</load_address>
         <run_address>0xb2c0</run_address>
         <size>0x20</size>
         <input_file_ref idref="fl-4"/>
      </object_component>
      <object_component id="oc-128">
         <name>.text:_IRQ_clear</name>
         <load_address>0xb2e0</load_address>
         <run_address>0xb2e0</run_address>
         <size>0x20</size>
         <input_file_ref idref="fl-b2"/>
      </object_component>
      <object_component id="oc-11a">
         <name>.text:_IRQ_globalDisable</name>
         <load_address>0xb300</load_address>
         <run_address>0xb300</run_address>
         <size>0x20</size>
         <input_file_ref idref="fl-b2"/>
      </object_component>
      <object_component id="oc-11e">
         <name>.text:_IRQ_globalEnable</name>
         <load_address>0xb320</load_address>
         <run_address>0xb320</run_address>
         <size>0x20</size>
         <input_file_ref idref="fl-b2"/>
      </object_component>
      <object_component id="oc-11f">
         <name>.text:_IRQ_nmiEnable</name>
         <load_address>0xb340</load_address>
         <run_address>0xb340</run_address>
         <size>0x20</size>
         <input_file_ref idref="fl-b2"/>
      </object_component>
      <object_component id="oc-12f">
         <name>.text:_IRQ_setVecs</name>
         <load_address>0xb360</load_address>
         <run_address>0xb360</run_address>
         <size>0x20</size>
         <input_file_ref idref="fl-b2"/>
      </object_component>
      <object_component id="oc-11b">
         <name>.text:_MCBSP_getXmtEventId</name>
         <load_address>0xb380</load_address>
         <run_address>0xb380</run_address>
         <size>0x20</size>
         <input_file_ref idref="fl-b3"/>
      </object_component>
      <object_component id="oc-119">
         <name>.text:_MCBSP_read</name>
         <load_address>0xb3a0</load_address>
         <run_address>0xb3a0</run_address>
         <size>0x20</size>
         <input_file_ref idref="fl-b3"/>
      </object_component>
      <object_component id="oc-118">
         <name>.text:_MCBSP_rrdy</name>
         <load_address>0xb3c0</load_address>
         <run_address>0xb3c0</run_address>
         <size>0x20</size>
         <input_file_ref idref="fl-b3"/>
      </object_component>
      <object_component id="oc-117">
         <name>.text:_MCBSP_write</name>
         <load_address>0xb3e0</load_address>
         <run_address>0xb3e0</run_address>
         <size>0x20</size>
         <input_file_ref idref="fl-b3"/>
      </object_component>
      <object_component id="oc-12a">
         <name>.text:_MCBSP_xempty</name>
         <load_address>0xb400</load_address>
         <run_address>0xb400</run_address>
         <size>0x20</size>
         <input_file_ref idref="fl-b3"/>
      </object_component>
      <object_component id="oc-116">
         <name>.text:_MCBSP_xrdy</name>
         <load_address>0xb420</load_address>
         <run_address>0xb420</run_address>
         <size>0x20</size>
         <input_file_ref idref="fl-b3"/>
      </object_component>
      <object_component id="oc-14b">
         <name>.text:__negll</name>
         <load_address>0xb440</load_address>
         <run_address>0xb440</run_address>
         <size>0x20</size>
         <input_file_ref idref="fl-a5"/>
      </object_component>
      <object_component id="oc-104">
         <name>.text:__nop</name>
         <load_address>0xb460</load_address>
         <run_address>0xb460</run_address>
         <size>0x20</size>
         <input_file_ref idref="fl-8b"/>
      </object_component>
      <object_component id="oc-131">
         <name>.text:__outc</name>
         <load_address>0xb480</load_address>
         <run_address>0xb480</run_address>
         <size>0x20</size>
         <input_file_ref idref="fl-89"/>
      </object_component>
      <object_component id="oc-130">
         <name>.text:__outs</name>
         <load_address>0xb4a0</load_address>
         <run_address>0xb4a0</run_address>
         <size>0x20</size>
         <input_file_ref idref="fl-89"/>
      </object_component>
      <object_component id="oc-114">
         <name>.text:_abort</name>
         <load_address>0xb4c0</load_address>
         <run_address>0xb4c0</run_address>
         <size>0x20</size>
         <input_file_ref idref="fl-88"/>
      </object_component>
      <object_component id="oc-165">
         <name>.text:_remove</name>
         <load_address>0xb4e0</load_address>
         <run_address>0xb4e0</run_address>
         <size>0x20</size>
         <input_file_ref idref="fl-b0"/>
      </object_component>
      <object_component id="oc-cf">
         <name>.text</name>
         <load_address>0xb500</load_address>
         <run_address>0xb500</run_address>
         <size>0x20</size>
         <input_file_ref idref="fl-b2"/>
      </object_component>
      <object_component id="oc-d0">
         <name>.cinit</name>
         <load_address>0xdbc0</load_address>
         <run_address>0xdbc0</run_address>
         <size>0x12c</size>
         <input_file_ref idref="fl-b2"/>
      </object_component>
      <object_component id="oc-2f">
         <name>.cinit</name>
         <load_address>0xdcf0</load_address>
         <run_address>0xdcf0</run_address>
         <size>0x8c</size>
         <input_file_ref idref="fl-8"/>
      </object_component>
      <object_component id="oc-36">
         <name>.cinit</name>
         <load_address>0xdd80</load_address>
         <run_address>0xdd80</run_address>
         <size>0x60</size>
         <input_file_ref idref="fl-9"/>
      </object_component>
      <object_component id="oc-66">
         <name>.cinit</name>
         <load_address>0xdde0</load_address>
         <run_address>0xdde0</run_address>
         <size>0x5c</size>
         <input_file_ref idref="fl-93"/>
      </object_component>
      <object_component id="oc-8c">
         <name>.cinit</name>
         <load_address>0xde40</load_address>
         <run_address>0xde40</run_address>
         <size>0x5c</size>
         <input_file_ref idref="fl-9f"/>
      </object_component>
      <object_component id="oc-24">
         <name>.cinit</name>
         <load_address>0xdea0</load_address>
         <run_address>0xdea0</run_address>
         <size>0x58</size>
         <input_file_ref idref="fl-6"/>
      </object_component>
      <object_component id="oc-d5">
         <name>.cinit</name>
         <load_address>0xdef8</load_address>
         <run_address>0xdef8</run_address>
         <size>0x54</size>
         <input_file_ref idref="fl-b3"/>
      </object_component>
      <object_component id="oc-ca">
         <name>.cinit</name>
         <load_address>0xdf50</load_address>
         <run_address>0xdf50</run_address>
         <size>0x44</size>
         <input_file_ref idref="fl-b1"/>
      </object_component>
      <object_component id="oc-eb">
         <name>.cinit</name>
         <load_address>0xdf98</load_address>
         <run_address>0xdf98</run_address>
         <size>0x30</size>
         <input_file_ref idref="fl-b7"/>
      </object_component>
      <object_component id="oc-1d">
         <name>.cinit</name>
         <load_address>0xdfc8</load_address>
         <run_address>0xdfc8</run_address>
         <size>0x2c</size>
         <input_file_ref idref="fl-5"/>
      </object_component>
      <object_component id="oc-41">
         <name>.cinit</name>
         <load_address>0xdff8</load_address>
         <run_address>0xdff8</run_address>
         <size>0x2c</size>
         <input_file_ref idref="fl-88"/>
      </object_component>
      <object_component id="oc-bf">
         <name>.cinit</name>
         <load_address>0xe028</load_address>
         <run_address>0xe028</run_address>
         <size>0x2c</size>
         <input_file_ref idref="fl-ae"/>
      </object_component>
      <object_component id="oc-f1">
         <name>.cinit</name>
         <load_address>0xe058</load_address>
         <run_address>0xe058</run_address>
         <size>0x28</size>
         <input_file_ref idref="fl-b8"/>
      </object_component>
      <object_component id="oc-4c">
         <name>.cinit</name>
         <load_address>0xe080</load_address>
         <run_address>0xe080</run_address>
         <size>0x1c</size>
         <input_file_ref idref="fl-8b"/>
      </object_component>
      <object_component id="oc-ba">
         <name>.cinit</name>
         <load_address>0xe0a0</load_address>
         <run_address>0xe0a0</run_address>
         <size>0xc</size>
         <input_file_ref idref="fl-ad"/>
      </object_component>
      <object_component id="oc-3d">
         <name>.stack</name>
         <uninitialized>true</uninitialized>
         <run_address>0xb520</run_address>
         <size>0x8</size>
         <input_file_ref idref="fl-87"/>
      </object_component>
      <object_component id="oc-182">
         <name>.stack</name>
         <uninitialized>true</uninitialized>
         <run_address>0xb520</run_address>
         <size>0x0</size>
      </object_component>
      <object_component id="oc-c1">
         <name>.sysmem</name>
         <uninitialized>true</uninitialized>
         <run_address>0xc520</run_address>
         <size>0x8</size>
         <input_file_ref idref="fl-ae"/>
      </object_component>
      <object_component id="oc-183">
         <name>.sysmem</name>
         <uninitialized>true</uninitialized>
         <run_address>0xc520</run_address>
         <size>0x0</size>
      </object_component>
      <object_component id="oc-144">
         <name>.const:.string:__ctypes_</name>
         <load_address>0xe0b4</load_address>
         <run_address>0xe0b4</run_address>
         <size>0x101</size>
         <input_file_ref idref="fl-92"/>
      </object_component>
      <object_component id="oc-79">
         <name>.const:.string</name>
         <load_address>0xe1b5</load_address>
         <run_address>0xe1b5</run_address>
         <size>0x2</size>
         <input_file_ref idref="fl-99"/>
      </object_component>
      <object_component id="oc-38">
         <name>.const:.string</name>
         <load_address>0xe1b8</load_address>
         <run_address>0xe1b8</run_address>
         <size>0x50</size>
         <input_file_ref idref="fl-9"/>
      </object_component>
      <object_component id="oc-e6">
         <name>.const</name>
         <load_address>0xe208</load_address>
         <run_address>0xe208</run_address>
         <size>0x40</size>
         <input_file_ref idref="fl-b6"/>
      </object_component>
      <object_component id="oc-51">
         <name>.const:.string</name>
         <load_address>0xe248</load_address>
         <run_address>0xe248</run_address>
         <size>0x23</size>
         <input_file_ref idref="fl-8c"/>
      </object_component>
      <object_component id="oc-2a">
         <name>.const</name>
         <load_address>0xe26c</load_address>
         <run_address>0xe26c</run_address>
         <size>0x20</size>
         <input_file_ref idref="fl-7"/>
      </object_component>
      <object_component id="oc-dc">
         <name>.const</name>
         <load_address>0xe28c</load_address>
         <run_address>0xe28c</run_address>
         <size>0x20</size>
         <input_file_ref idref="fl-b4"/>
      </object_component>
      <object_component id="oc-1e">
         <name>.far</name>
         <uninitialized>true</uninitialized>
         <run_address>0xdb7c</run_address>
         <size>0x10</size>
         <input_file_ref idref="fl-5"/>
      </object_component>
      <object_component id="oc-25">
         <name>.far</name>
         <uninitialized>true</uninitialized>
         <run_address>0xda54</run_address>
         <size>0x58</size>
         <input_file_ref idref="fl-6"/>
      </object_component>
      <object_component id="oc-30">
         <name>.far</name>
         <uninitialized>true</uninitialized>
         <run_address>0xdb68</run_address>
         <size>0x14</size>
         <input_file_ref idref="fl-8"/>
      </object_component>
      <object_component id="oc-37">
         <name>.far</name>
         <uninitialized>true</uninitialized>
         <run_address>0xdb50</run_address>
         <size>0x18</size>
         <input_file_ref idref="fl-9"/>
      </object_component>
      <object_component id="oc-42">
         <name>.far</name>
         <uninitialized>true</uninitialized>
         <run_address>0xdb8c</run_address>
         <size>0xc</size>
         <input_file_ref idref="fl-88"/>
      </object_component>
      <object_component id="oc-4d">
         <name>.far</name>
         <uninitialized>true</uninitialized>
         <run_address>0xdba0</run_address>
         <size>0x8</size>
         <input_file_ref idref="fl-8b"/>
      </object_component>
      <object_component id="oc-67">
         <name>.far</name>
         <uninitialized>true</uninitialized>
         <run_address>0xd520</run_address>
         <size>0x324</size>
         <input_file_ref idref="fl-93"/>
      </object_component>
      <object_component id="oc-8d">
         <name>.far</name>
         <uninitialized>true</uninitialized>
         <run_address>0xd844</run_address>
         <size>0x11c</size>
         <input_file_ref idref="fl-9f"/>
      </object_component>
      <object_component id="oc-a3">
         <name>.far</name>
         <uninitialized>true</uninitialized>
         <run_address>0xdbb0</run_address>
         <size>0x8</size>
         <input_file_ref idref="fl-a6"/>
      </object_component>
      <object_component id="oc-bb">
         <name>.far</name>
         <uninitialized>true</uninitialized>
         <run_address>0xdbb8</run_address>
         <size>0x4</size>
         <input_file_ref idref="fl-ad"/>
      </object_component>
      <object_component id="oc-c0">
         <name>.far</name>
         <uninitialized>true</uninitialized>
         <run_address>0xdba8</run_address>
         <size>0x8</size>
         <input_file_ref idref="fl-ae"/>
      </object_component>
      <object_component id="oc-cb">
         <name>.far</name>
         <uninitialized>true</uninitialized>
         <run_address>0xdb0c</run_address>
         <size>0x24</size>
         <input_file_ref idref="fl-b1"/>
      </object_component>
      <object_component id="oc-d1">
         <name>.far</name>
         <uninitialized>true</uninitialized>
         <run_address>0xd960</run_address>
         <size>0xf4</size>
         <input_file_ref idref="fl-b2"/>
      </object_component>
      <object_component id="oc-d6">
         <name>.far</name>
         <uninitialized>true</uninitialized>
         <run_address>0xdaac</run_address>
         <size>0x38</size>
         <input_file_ref idref="fl-b3"/>
      </object_component>
      <object_component id="oc-db">
         <name>.far</name>
         <uninitialized>true</uninitialized>
         <run_address>0xdbbc</run_address>
         <size>0x2</size>
         <input_file_ref idref="fl-b4"/>
      </object_component>
      <object_component id="oc-e5">
         <name>.far</name>
         <uninitialized>true</uninitialized>
         <run_address>0xdb98</run_address>
         <size>0x8</size>
         <input_file_ref idref="fl-b6"/>
      </object_component>
      <object_component id="oc-ec">
         <name>.far</name>
         <uninitialized>true</uninitialized>
         <run_address>0xdae4</run_address>
         <size>0x28</size>
         <input_file_ref idref="fl-b7"/>
      </object_component>
      <object_component id="oc-f2">
         <name>.far</name>
         <uninitialized>true</uninitialized>
         <run_address>0xdb30</run_address>
         <size>0x20</size>
         <input_file_ref idref="fl-b8"/>
      </object_component>
      <object_component id="oc-fb">
         <name>.far</name>
         <uninitialized>true</uninitialized>
         <run_address>0xdbbe</run_address>
         <size>0x2</size>
         <input_file_ref idref="fl-ba"/>
      </object_component>
      <object_component id="oc-a7">
         <name>.cio</name>
         <uninitialized>true</uninitialized>
         <run_address>0xe2ac</run_address>
         <size>0x120</size>
         <input_file_ref idref="fl-a7"/>
      </object_component>
      <object_component id="oc-10">
         <name>.debug_info</name>
         <load_address>0x0</load_address>
         <run_address>0x0</run_address>
         <size>0xd1</size>
         <input_file_ref idref="fl-2"/>
      </object_component>
      <object_component id="oc-14">
         <name>.debug_info</name>
         <load_address>0xd1</load_address>
         <run_address>0xd1</run_address>
         <size>0xd1</size>
         <input_file_ref idref="fl-3"/>
      </object_component>
      <object_component id="oc-19">
         <name>.debug_info</name>
         <load_address>0x1a2</load_address>
         <run_address>0x1a2</run_address>
         <size>0xfa</size>
         <input_file_ref idref="fl-4"/>
      </object_component>
      <object_component id="oc-1c">
         <name>.debug_info</name>
         <load_address>0x29c</load_address>
         <run_address>0x29c</run_address>
         <size>0xb61</size>
         <input_file_ref idref="fl-5"/>
      </object_component>
      <object_component id="oc-23">
         <name>.debug_info</name>
         <load_address>0xdfd</load_address>
         <run_address>0xdfd</run_address>
         <size>0x17bf</size>
         <input_file_ref idref="fl-6"/>
      </object_component>
      <object_component id="oc-29">
         <name>.debug_info</name>
         <load_address>0x25bc</load_address>
         <run_address>0x25bc</run_address>
         <size>0x1513</size>
         <input_file_ref idref="fl-7"/>
      </object_component>
      <object_component id="oc-2e">
         <name>.debug_info</name>
         <load_address>0x3acf</load_address>
         <run_address>0x3acf</run_address>
         <size>0xf69</size>
         <input_file_ref idref="fl-8"/>
      </object_component>
      <object_component id="oc-35">
         <name>.debug_info</name>
         <load_address>0x4a38</load_address>
         <run_address>0x4a38</run_address>
         <size>0x9bc</size>
         <input_file_ref idref="fl-9"/>
      </object_component>
      <object_component id="oc-3c">
         <name>.debug_info</name>
         <load_address>0x53f4</load_address>
         <run_address>0x53f4</run_address>
         <size>0x70b</size>
         <input_file_ref idref="fl-87"/>
      </object_component>
      <object_component id="oc-40">
         <name>.debug_info</name>
         <load_address>0x5aff</load_address>
         <run_address>0x5aff</run_address>
         <size>0x7ff</size>
         <input_file_ref idref="fl-88"/>
      </object_component>
      <object_component id="oc-45">
         <name>.debug_info</name>
         <load_address>0x62fe</load_address>
         <run_address>0x62fe</run_address>
         <size>0x902</size>
         <input_file_ref idref="fl-89"/>
      </object_component>
      <object_component id="oc-48">
         <name>.debug_info</name>
         <load_address>0x6c00</load_address>
         <run_address>0x6c00</run_address>
         <size>0x10c</size>
         <input_file_ref idref="fl-8a"/>
      </object_component>
      <object_component id="oc-4b">
         <name>.debug_info</name>
         <load_address>0x6d0c</load_address>
         <run_address>0x6d0c</run_address>
         <size>0x64c</size>
         <input_file_ref idref="fl-8b"/>
      </object_component>
      <object_component id="oc-50">
         <name>.debug_info</name>
         <load_address>0x7358</load_address>
         <run_address>0x7358</run_address>
         <size>0x2bda</size>
         <input_file_ref idref="fl-8c"/>
      </object_component>
      <object_component id="oc-54">
         <name>.debug_info</name>
         <load_address>0x9f32</load_address>
         <run_address>0x9f32</run_address>
         <size>0x6e1</size>
         <input_file_ref idref="fl-8d"/>
      </object_component>
      <object_component id="oc-57">
         <name>.debug_info</name>
         <load_address>0xa613</load_address>
         <run_address>0xa613</run_address>
         <size>0x722</size>
         <input_file_ref idref="fl-8e"/>
      </object_component>
      <object_component id="oc-5a">
         <name>.debug_info</name>
         <load_address>0xad35</load_address>
         <run_address>0xad35</run_address>
         <size>0x871</size>
         <input_file_ref idref="fl-8f"/>
      </object_component>
      <object_component id="oc-5d">
         <name>.debug_info</name>
         <load_address>0xb5a6</load_address>
         <run_address>0xb5a6</run_address>
         <size>0x6e9</size>
         <input_file_ref idref="fl-90"/>
      </object_component>
      <object_component id="oc-60">
         <name>.debug_info</name>
         <load_address>0xbc8f</load_address>
         <run_address>0xbc8f</run_address>
         <size>0x7df</size>
         <input_file_ref idref="fl-91"/>
      </object_component>
      <object_component id="oc-63">
         <name>.debug_info</name>
         <load_address>0xc46e</load_address>
         <run_address>0xc46e</run_address>
         <size>0x5fa</size>
         <input_file_ref idref="fl-92"/>
      </object_component>
      <object_component id="oc-65">
         <name>.debug_info</name>
         <load_address>0xca68</load_address>
         <run_address>0xca68</run_address>
         <size>0x6e7</size>
         <input_file_ref idref="fl-93"/>
      </object_component>
      <object_component id="oc-69">
         <name>.debug_info</name>
         <load_address>0xd14f</load_address>
         <run_address>0xd14f</run_address>
         <size>0x982</size>
         <input_file_ref idref="fl-94"/>
      </object_component>
      <object_component id="oc-6c">
         <name>.debug_info</name>
         <load_address>0xdad1</load_address>
         <run_address>0xdad1</run_address>
         <size>0xd0</size>
         <input_file_ref idref="fl-95"/>
      </object_component>
      <object_component id="oc-6f">
         <name>.debug_info</name>
         <load_address>0xdba1</load_address>
         <run_address>0xdba1</run_address>
         <size>0x691</size>
         <input_file_ref idref="fl-96"/>
      </object_component>
      <object_component id="oc-72">
         <name>.debug_info</name>
         <load_address>0xe232</load_address>
         <run_address>0xe232</run_address>
         <size>0x6aa</size>
         <input_file_ref idref="fl-97"/>
      </object_component>
      <object_component id="oc-75">
         <name>.debug_info</name>
         <load_address>0xe8dc</load_address>
         <run_address>0xe8dc</run_address>
         <size>0x82a</size>
         <input_file_ref idref="fl-98"/>
      </object_component>
      <object_component id="oc-78">
         <name>.debug_info</name>
         <load_address>0xf106</load_address>
         <run_address>0xf106</run_address>
         <size>0xb90</size>
         <input_file_ref idref="fl-99"/>
      </object_component>
      <object_component id="oc-7c">
         <name>.debug_info</name>
         <load_address>0xfc96</load_address>
         <run_address>0xfc96</run_address>
         <size>0x6a4</size>
         <input_file_ref idref="fl-9a"/>
      </object_component>
      <object_component id="oc-7f">
         <name>.debug_info</name>
         <load_address>0x1033a</load_address>
         <run_address>0x1033a</run_address>
         <size>0x7bd</size>
         <input_file_ref idref="fl-9b"/>
      </object_component>
      <object_component id="oc-82">
         <name>.debug_info</name>
         <load_address>0x10af7</load_address>
         <run_address>0x10af7</run_address>
         <size>0x7b8</size>
         <input_file_ref idref="fl-9c"/>
      </object_component>
      <object_component id="oc-85">
         <name>.debug_info</name>
         <load_address>0x112af</load_address>
         <run_address>0x112af</run_address>
         <size>0x816</size>
         <input_file_ref idref="fl-9d"/>
      </object_component>
      <object_component id="oc-88">
         <name>.debug_info</name>
         <load_address>0x11ac5</load_address>
         <run_address>0x11ac5</run_address>
         <size>0x701</size>
         <input_file_ref idref="fl-9e"/>
      </object_component>
      <object_component id="oc-8b">
         <name>.debug_info</name>
         <load_address>0x121c6</load_address>
         <run_address>0x121c6</run_address>
         <size>0xf67</size>
         <input_file_ref idref="fl-9f"/>
      </object_component>
      <object_component id="oc-90">
         <name>.debug_info</name>
         <load_address>0x1312d</load_address>
         <run_address>0x1312d</run_address>
         <size>0x748</size>
         <input_file_ref idref="fl-a0"/>
      </object_component>
      <object_component id="oc-93">
         <name>.debug_info</name>
         <load_address>0x13875</load_address>
         <run_address>0x13875</run_address>
         <size>0x6ec</size>
         <input_file_ref idref="fl-a1"/>
      </object_component>
      <object_component id="oc-96">
         <name>.debug_info</name>
         <load_address>0x13f61</load_address>
         <run_address>0x13f61</run_address>
         <size>0x792</size>
         <input_file_ref idref="fl-a2"/>
      </object_component>
      <object_component id="oc-99">
         <name>.debug_info</name>
         <load_address>0x146f3</load_address>
         <run_address>0x146f3</run_address>
         <size>0x730</size>
         <input_file_ref idref="fl-a3"/>
      </object_component>
      <object_component id="oc-9c">
         <name>.debug_info</name>
         <load_address>0x14e23</load_address>
         <run_address>0x14e23</run_address>
         <size>0x6b7</size>
         <input_file_ref idref="fl-a4"/>
      </object_component>
      <object_component id="oc-9f">
         <name>.debug_info</name>
         <load_address>0x154da</load_address>
         <run_address>0x154da</run_address>
         <size>0x618</size>
         <input_file_ref idref="fl-a5"/>
      </object_component>
      <object_component id="oc-a2">
         <name>.debug_info</name>
         <load_address>0x15af2</load_address>
         <run_address>0x15af2</run_address>
         <size>0xf02</size>
         <input_file_ref idref="fl-a6"/>
      </object_component>
      <object_component id="oc-a6">
         <name>.debug_info</name>
         <load_address>0x169f4</load_address>
         <run_address>0x169f4</run_address>
         <size>0x8d1</size>
         <input_file_ref idref="fl-a7"/>
      </object_component>
      <object_component id="oc-aa">
         <name>.debug_info</name>
         <load_address>0x172c5</load_address>
         <run_address>0x172c5</run_address>
         <size>0x75a</size>
         <input_file_ref idref="fl-a8"/>
      </object_component>
      <object_component id="oc-ad">
         <name>.debug_info</name>
         <load_address>0x17a1f</load_address>
         <run_address>0x17a1f</run_address>
         <size>0x5cc</size>
         <input_file_ref idref="fl-a9"/>
      </object_component>
      <object_component id="oc-b0">
         <name>.debug_info</name>
         <load_address>0x17feb</load_address>
         <run_address>0x17feb</run_address>
         <size>0x781</size>
         <input_file_ref idref="fl-aa"/>
      </object_component>
      <object_component id="oc-b3">
         <name>.debug_info</name>
         <load_address>0x1876c</load_address>
         <run_address>0x1876c</run_address>
         <size>0x7b9</size>
         <input_file_ref idref="fl-ab"/>
      </object_component>
      <object_component id="oc-b6">
         <name>.debug_info</name>
         <load_address>0x18f25</load_address>
         <run_address>0x18f25</run_address>
         <size>0x813</size>
         <input_file_ref idref="fl-ac"/>
      </object_component>
      <object_component id="oc-b9">
         <name>.debug_info</name>
         <load_address>0x19738</load_address>
         <run_address>0x19738</run_address>
         <size>0x885</size>
         <input_file_ref idref="fl-ad"/>
      </object_component>
      <object_component id="oc-be">
         <name>.debug_info</name>
         <load_address>0x19fbd</load_address>
         <run_address>0x19fbd</run_address>
         <size>0xb47</size>
         <input_file_ref idref="fl-ae"/>
      </object_component>
      <object_component id="oc-c4">
         <name>.debug_info</name>
         <load_address>0x1ab04</load_address>
         <run_address>0x1ab04</run_address>
         <size>0x806</size>
         <input_file_ref idref="fl-af"/>
      </object_component>
      <object_component id="oc-c7">
         <name>.debug_info</name>
         <load_address>0x1b30a</load_address>
         <run_address>0x1b30a</run_address>
         <size>0x664</size>
         <input_file_ref idref="fl-b0"/>
      </object_component>
      <object_component id="oc-cd">
         <name>.debug_info</name>
         <load_address>0x1b96e</load_address>
         <run_address>0x1b96e</run_address>
         <size>0xb40</size>
         <input_file_ref idref="fl-b1"/>
      </object_component>
      <object_component id="oc-d3">
         <name>.debug_info</name>
         <load_address>0x1c4ae</load_address>
         <run_address>0x1c4ae</run_address>
         <size>0xdfb</size>
         <input_file_ref idref="fl-b2"/>
      </object_component>
      <object_component id="oc-d8">
         <name>.debug_info</name>
         <load_address>0x1d2a9</load_address>
         <run_address>0x1d2a9</run_address>
         <size>0x1014</size>
         <input_file_ref idref="fl-b3"/>
      </object_component>
      <object_component id="oc-de">
         <name>.debug_info</name>
         <load_address>0x1e2bd</load_address>
         <run_address>0x1e2bd</run_address>
         <size>0xa4e</size>
         <input_file_ref idref="fl-b4"/>
      </object_component>
      <object_component id="oc-e2">
         <name>.debug_info</name>
         <load_address>0x1ed0b</load_address>
         <run_address>0x1ed0b</run_address>
         <size>0x7c9</size>
         <input_file_ref idref="fl-b5"/>
      </object_component>
      <object_component id="oc-e8">
         <name>.debug_info</name>
         <load_address>0x1f4d4</load_address>
         <run_address>0x1f4d4</run_address>
         <size>0xa20</size>
         <input_file_ref idref="fl-b6"/>
      </object_component>
      <object_component id="oc-ee">
         <name>.debug_info</name>
         <load_address>0x1fef4</load_address>
         <run_address>0x1fef4</run_address>
         <size>0xaa0</size>
         <input_file_ref idref="fl-b7"/>
      </object_component>
      <object_component id="oc-f4">
         <name>.debug_info</name>
         <load_address>0x20994</load_address>
         <run_address>0x20994</run_address>
         <size>0x723</size>
         <input_file_ref idref="fl-b8"/>
      </object_component>
      <object_component id="oc-f8">
         <name>.debug_info</name>
         <load_address>0x210b7</load_address>
         <run_address>0x210b7</run_address>
         <size>0x632</size>
         <input_file_ref idref="fl-b9"/>
      </object_component>
      <object_component id="oc-fd">
         <name>.debug_info</name>
         <load_address>0x216e9</load_address>
         <run_address>0x216e9</run_address>
         <size>0x787</size>
         <input_file_ref idref="fl-ba"/>
      </object_component>
      <object_component id="oc-184">
         <name>.debug_info</name>
         <load_address>0x21e70</load_address>
         <run_address>0x21e70</run_address>
         <size>0x6e</size>
      </object_component>
      <object_component id="oc-11">
         <name>.debug_line</name>
         <load_address>0x0</load_address>
         <run_address>0x0</run_address>
         <size>0x4f</size>
         <input_file_ref idref="fl-2"/>
      </object_component>
      <object_component id="oc-15">
         <name>.debug_line</name>
         <load_address>0x4f</load_address>
         <run_address>0x4f</run_address>
         <size>0x4e</size>
         <input_file_ref idref="fl-3"/>
      </object_component>
      <object_component id="oc-1a">
         <name>.debug_line</name>
         <load_address>0x9d</load_address>
         <run_address>0x9d</run_address>
         <size>0xd3</size>
         <input_file_ref idref="fl-4"/>
      </object_component>
      <object_component id="oc-21">
         <name>.debug_line</name>
         <load_address>0x170</load_address>
         <run_address>0x170</run_address>
         <size>0xe0</size>
         <input_file_ref idref="fl-5"/>
      </object_component>
      <object_component id="oc-27">
         <name>.debug_line</name>
         <load_address>0x250</load_address>
         <run_address>0x250</run_address>
         <size>0x18a</size>
         <input_file_ref idref="fl-6"/>
      </object_component>
      <object_component id="oc-2c">
         <name>.debug_line</name>
         <load_address>0x3da</load_address>
         <run_address>0x3da</run_address>
         <size>0x14b</size>
         <input_file_ref idref="fl-7"/>
      </object_component>
      <object_component id="oc-33">
         <name>.debug_line</name>
         <load_address>0x525</load_address>
         <run_address>0x525</run_address>
         <size>0xdd</size>
         <input_file_ref idref="fl-8"/>
      </object_component>
      <object_component id="oc-3a">
         <name>.debug_line</name>
         <load_address>0x602</load_address>
         <run_address>0x602</run_address>
         <size>0xab</size>
         <input_file_ref idref="fl-9"/>
      </object_component>
      <object_component id="oc-3e">
         <name>.debug_line</name>
         <load_address>0x6ad</load_address>
         <run_address>0x6ad</run_address>
         <size>0x3d</size>
         <input_file_ref idref="fl-87"/>
      </object_component>
      <object_component id="oc-43">
         <name>.debug_line</name>
         <load_address>0x6ea</load_address>
         <run_address>0x6ea</run_address>
         <size>0x4f</size>
         <input_file_ref idref="fl-88"/>
      </object_component>
      <object_component id="oc-46">
         <name>.debug_line</name>
         <load_address>0x739</load_address>
         <run_address>0x739</run_address>
         <size>0x6a</size>
         <input_file_ref idref="fl-89"/>
      </object_component>
      <object_component id="oc-49">
         <name>.debug_line</name>
         <load_address>0x7a3</load_address>
         <run_address>0x7a3</run_address>
         <size>0x6a</size>
         <input_file_ref idref="fl-8a"/>
      </object_component>
      <object_component id="oc-4e">
         <name>.debug_line</name>
         <load_address>0x80d</load_address>
         <run_address>0x80d</run_address>
         <size>0x36</size>
         <input_file_ref idref="fl-8b"/>
      </object_component>
      <object_component id="oc-52">
         <name>.debug_line</name>
         <load_address>0x843</load_address>
         <run_address>0x843</run_address>
         <size>0x343</size>
         <input_file_ref idref="fl-8c"/>
      </object_component>
      <object_component id="oc-55">
         <name>.debug_line</name>
         <load_address>0xb86</load_address>
         <run_address>0xb86</run_address>
         <size>0x41</size>
         <input_file_ref idref="fl-8d"/>
      </object_component>
      <object_component id="oc-58">
         <name>.debug_line</name>
         <load_address>0xbc7</load_address>
         <run_address>0xbc7</run_address>
         <size>0x41</size>
         <input_file_ref idref="fl-8e"/>
      </object_component>
      <object_component id="oc-5b">
         <name>.debug_line</name>
         <load_address>0xc08</load_address>
         <run_address>0xc08</run_address>
         <size>0x47</size>
         <input_file_ref idref="fl-8f"/>
      </object_component>
      <object_component id="oc-5e">
         <name>.debug_line</name>
         <load_address>0xc4f</load_address>
         <run_address>0xc4f</run_address>
         <size>0x45</size>
         <input_file_ref idref="fl-90"/>
      </object_component>
      <object_component id="oc-61">
         <name>.debug_line</name>
         <load_address>0xc94</load_address>
         <run_address>0xc94</run_address>
         <size>0x44</size>
         <input_file_ref idref="fl-91"/>
      </object_component>
      <object_component id="oc-6a">
         <name>.debug_line</name>
         <load_address>0xcd8</load_address>
         <run_address>0xcd8</run_address>
         <size>0x3c</size>
         <input_file_ref idref="fl-94"/>
      </object_component>
      <object_component id="oc-6d">
         <name>.debug_line</name>
         <load_address>0xd14</load_address>
         <run_address>0xd14</run_address>
         <size>0x44</size>
         <input_file_ref idref="fl-95"/>
      </object_component>
      <object_component id="oc-70">
         <name>.debug_line</name>
         <load_address>0xd58</load_address>
         <run_address>0xd58</run_address>
         <size>0x3d</size>
         <input_file_ref idref="fl-96"/>
      </object_component>
      <object_component id="oc-73">
         <name>.debug_line</name>
         <load_address>0xd95</load_address>
         <run_address>0xd95</run_address>
         <size>0x3d</size>
         <input_file_ref idref="fl-97"/>
      </object_component>
      <object_component id="oc-76">
         <name>.debug_line</name>
         <load_address>0xdd2</load_address>
         <run_address>0xdd2</run_address>
         <size>0x3f</size>
         <input_file_ref idref="fl-98"/>
      </object_component>
      <object_component id="oc-7a">
         <name>.debug_line</name>
         <load_address>0xe11</load_address>
         <run_address>0xe11</run_address>
         <size>0xa9</size>
         <input_file_ref idref="fl-99"/>
      </object_component>
      <object_component id="oc-7d">
         <name>.debug_line</name>
         <load_address>0xeba</load_address>
         <run_address>0xeba</run_address>
         <size>0x3e</size>
         <input_file_ref idref="fl-9a"/>
      </object_component>
      <object_component id="oc-80">
         <name>.debug_line</name>
         <load_address>0xef8</load_address>
         <run_address>0xef8</run_address>
         <size>0x73</size>
         <input_file_ref idref="fl-9b"/>
      </object_component>
      <object_component id="oc-83">
         <name>.debug_line</name>
         <load_address>0xf6b</load_address>
         <run_address>0xf6b</run_address>
         <size>0x5f</size>
         <input_file_ref idref="fl-9c"/>
      </object_component>
      <object_component id="oc-86">
         <name>.debug_line</name>
         <load_address>0xfca</load_address>
         <run_address>0xfca</run_address>
         <size>0x38</size>
         <input_file_ref idref="fl-9d"/>
      </object_component>
      <object_component id="oc-89">
         <name>.debug_line</name>
         <load_address>0x1002</load_address>
         <run_address>0x1002</run_address>
         <size>0x56</size>
         <input_file_ref idref="fl-9e"/>
      </object_component>
      <object_component id="oc-8e">
         <name>.debug_line</name>
         <load_address>0x1058</load_address>
         <run_address>0x1058</run_address>
         <size>0x10c</size>
         <input_file_ref idref="fl-9f"/>
      </object_component>
      <object_component id="oc-91">
         <name>.debug_line</name>
         <load_address>0x1164</load_address>
         <run_address>0x1164</run_address>
         <size>0x40</size>
         <input_file_ref idref="fl-a0"/>
      </object_component>
      <object_component id="oc-94">
         <name>.debug_line</name>
         <load_address>0x11a4</load_address>
         <run_address>0x11a4</run_address>
         <size>0x3f</size>
         <input_file_ref idref="fl-a1"/>
      </object_component>
      <object_component id="oc-97">
         <name>.debug_line</name>
         <load_address>0x11e3</load_address>
         <run_address>0x11e3</run_address>
         <size>0x4e</size>
         <input_file_ref idref="fl-a2"/>
      </object_component>
      <object_component id="oc-9a">
         <name>.debug_line</name>
         <load_address>0x1231</load_address>
[...]
      </symbol>
      <symbol id="sm-1e1">
         <name>_myModulePointer</name>
         <value>0xdb54</value>
         <object_component_ref idref="oc-37"/>
      </symbol>
      <symbol id="sm-1ed">
         <name>_c_int00</name>
         <value>0xad60</value>
         <object_component_ref idref="oc-e"/>
      </symbol>
      <symbol id="sm-1ee">
         <name>__stack</name>
         <value>0xb520</value>
         <object_component_ref idref="oc-3d"/>
      </symbol>
      <symbol id="sm-1fe">
         <name>C$$EXIT</name>
         <value>0xb4c0</value>
         <object_component_ref idref="oc-114"/>
      </symbol>
      <symbol id="sm-1ff">
         <name>_exit</name>
         <value>0x9e80</value>
         <object_component_ref idref="oc-101"/>
      </symbol>
      <symbol id="sm-200">
         <name>___TI_enable_exit_profile_output</name>
         <value>0xdb94</value>
         <object_component_ref idref="oc-42"/>
      </symbol>
      <symbol id="sm-201">
         <name>_abort</name>
         <value>0xb4c0</value>
         <object_component_ref idref="oc-114"/>
      </symbol>
      <symbol id="sm-202">
         <name>__cleanup_ptr</name>
         <value>0xdb8c</value>
         <object_component_ref idref="oc-42"/>
      </symbol>
      <symbol id="sm-203">
         <name>__dtors_ptr</name>
         <value>0xdb90</value>
         <object_component_ref idref="oc-42"/>
      </symbol>
      <symbol id="sm-211">
         <name>_printf</name>
         <value>0x9720</value>
         <object_component_ref idref="oc-127"/>
      </symbol>
      <symbol id="sm-21b">
         <name>__c6xabi_strasgi</name>
         <value>0x83a0</value>
         <object_component_ref idref="oc-129"/>
      </symbol>
      <symbol id="sm-21c">
         <name>__strasg</name>
         <value>0x9da0</value>
         <object_component_ref idref="oc-10c"/>
      </symbol>
      <symbol id="sm-21d">
         <name>__strasgi</name>
         <value>0x83a0</value>
         <object_component_ref idref="oc-129"/>
      </symbol>
      <symbol id="sm-22b">
         <name>__unlock</name>
         <value>0xdba4</value>
         <object_component_ref idref="oc-4d"/>
      </symbol>
      <symbol id="sm-22c">
         <name>__lock</name>
         <value>0xdba0</value>
         <object_component_ref idref="oc-4d"/>
      </symbol>
      <symbol id="sm-22d">
         <name>__nop</name>
         <value>0xb460</value>
         <object_component_ref idref="oc-104"/>
      </symbol>
      <symbol id="sm-25d">
         <name>__printfi</name>
         <value>0x2560</value>
         <object_component_ref idref="oc-132"/>
      </symbol>
      <symbol id="sm-267">
         <name>__args_main</name>
         <value>0xb280</value>
         <object_component_ref idref="oc-100"/>
      </symbol>
      <symbol id="sm-268">
         <name>__TI_args_main</name>
         <value>0x1</value>
      </symbol>
      <symbol id="sm-272">
         <name>_atoi</name>
         <value>0x84e0</value>
         <object_component_ref idref="oc-13e"/>
      </symbol>
      <symbol id="sm-27c">
         <name>__auto_init</name>
         <value>0x9220</value>
         <object_component_ref idref="oc-ff"/>
      </symbol>
      <symbol id="sm-286">
         <name>___TI_cpp_init</name>
         <value>0xabe0</value>
         <object_component_ref idref="oc-112"/>
      </symbol>
      <symbol id="sm-290">
         <name>_copy_in</name>
         <value>0xa360</value>
         <object_component_ref idref="oc-110"/>
      </symbol>
      <symbol id="sm-298">
         <name>__ctypes_</name>
         <value>0xe0b4</value>
         <object_component_ref idref="oc-144"/>
      </symbol>
      <symbol id="sm-2a2">
         <name>__tmpnams</name>
         <value>0xd700</value>
         <object_component_ref idref="oc-67"/>
      </symbol>
      <symbol id="sm-2a3">
         <name>__ft_end</name>
         <value>0xd840</value>
         <object_component_ref idref="oc-67"/>
      </symbol>
      <symbol id="sm-2a4">
         <name>__ftable</name>
         <value>0xd520</value>
         <object_component_ref idref="oc-67"/>
      </symbol>
      <symbol id="sm-2ae">
         <name>__divd</name>
         <value>0x1140</value>
         <object_component_ref idref="oc-156"/>
      </symbol>
      <symbol id="sm-2b6">
         <name>__c6xabi_divu</name>
         <value>0xa2a0</value>
         <object_component_ref idref="oc-161"/>
      </symbol>
      <symbol id="sm-2b7">
         <name>__divu</name>
         <value>0xa2a0</value>
         <object_component_ref idref="oc-161"/>
      </symbol>
      <symbol id="sm-2c1">
         <name>__fixdli</name>
         <value>0xa780</value>
         <object_component_ref idref="oc-15c"/>
      </symbol>
      <symbol id="sm-2cb">
         <name>__fltlid</name>
         <value>0xac60</value>
         <object_component_ref idref="oc-15e"/>
      </symbol>
      <symbol id="sm-2d5">
         <name>_putc</name>
         <value>0x6100</value>
         <object_component_ref idref="oc-135"/>
      </symbol>
      <symbol id="sm-2d6">
         <name>_fputc</name>
         <value>0x6100</value>
         <object_component_ref idref="oc-135"/>
      </symbol>
      <symbol id="sm-2e2">
         <name>_fputs</name>
         <value>0x2fa0</value>
         <object_component_ref idref="oc-134"/>
      </symbol>
      <symbol id="sm-2ec">
         <name>__frcmpyd_div</name>
         <value>0x8260</value>
         <object_component_ref idref="oc-160"/>
      </symbol>
      <symbol id="sm-2fa">
         <name>__divul</name>
         <value>0x63a0</value>
         <object_component_ref idref="oc-162"/>
      </symbol>
      <symbol id="sm-2fb">
         <name>__remli</name>
         <value>0xa8c0</value>
         <object_component_ref idref="oc-166"/>
      </symbol>
      <symbol id="sm-2fc">
         <name>__divli</name>
         <value>0x9420</value>
         <object_component_ref idref="oc-167"/>
      </symbol>
      <symbol id="sm-308">
         <name>__subcull</name>
         <value>0xb0e0</value>
         <object_component_ref idref="oc-169"/>
      </symbol>
      <symbol id="sm-309">
         <name>__divull</name>
         <value>0x4500</value>
         <object_component_ref idref="oc-163"/>
      </symbol>
      <symbol id="sm-313">
         <name>___isinf</name>
         <value>0xb020</value>
         <object_component_ref idref="oc-146"/>
      </symbol>
      <symbol id="sm-31f">
         <name>__llshl</name>
         <value>0xace0</value>
         <object_component_ref idref="oc-168"/>
      </symbol>
      <symbol id="sm-320">
         <name>__llshru</name>
         <value>0xb080</value>
         <object_component_ref idref="oc-15f"/>
      </symbol>
      <symbol id="sm-338">
         <name>_unlink</name>
         <value>0xaaa0</value>
         <object_component_ref idref="oc-16a"/>
      </symbol>
      <symbol id="sm-339">
         <name>_lseek</name>
         <value>0x9620</value>
         <object_component_ref idref="oc-14d"/>
      </symbol>
      <symbol id="sm-33a">
         <name>_close</name>
         <value>0x8be0</value>
         <object_component_ref idref="oc-164"/>
      </symbol>
      <symbol id="sm-33b">
         <name>_write</name>
         <value>0x9820</value>
         <object_component_ref idref="oc-13c"/>
      </symbol>
      <symbol id="sm-345">
         <name>_ltoa</name>
         <value>0x8620</value>
         <object_component_ref idref="oc-15d"/>
      </symbol>
      <symbol id="sm-34f">
         <name>_memccpy</name>
         <value>0xade0</value>
         <object_component_ref idref="oc-141"/>
      </symbol>
      <symbol id="sm-359">
         <name>_memcpy</name>
         <value>0x6a80</value>
         <object_component_ref idref="oc-111"/>
      </symbol>
      <symbol id="sm-363">
         <name>_memset</name>
         <value>0x8d00</value>
         <object_component_ref idref="oc-13d"/>
      </symbol>
      <symbol id="sm-36d">
         <name>__mpyll</name>
         <value>0xa820</value>
         <object_component_ref idref="oc-158"/>
      </symbol>
      <symbol id="sm-377">
         <name>__negll</name>
         <value>0xb440</value>
         <object_component_ref idref="oc-14b"/>
      </symbol>
      <symbol id="sm-38f">
         <name>_HOSTopen</name>
         <value>0x8880</value>
         <object_component_ref idref="oc-105"/>
      </symbol>
      <symbol id="sm-390">
         <name>_HOSTread</name>
         <value>0x8120</value>
         <object_component_ref idref="oc-107"/>
      </symbol>
      <symbol id="sm-391">
         <name>_HOSTrename</name>
         <value>0x6f00</value>
         <object_component_ref idref="oc-10b"/>
      </symbol>
      <symbol id="sm-392">
         <name>_HOSTwrite</name>
         <value>0x89a0</value>
         <object_component_ref idref="oc-108"/>
      </symbol>
      <symbol id="sm-393">
         <name>_HOSTlseek</name>
         <value>0x7d00</value>
         <object_component_ref idref="oc-109"/>
      </symbol>
      <symbol id="sm-394">
         <name>_HOSTunlink</name>
         <value>0x8f20</value>
         <object_component_ref idref="oc-10a"/>
      </symbol>
      <symbol id="sm-395">
         <name>_HOSTclose</name>
         <value>0x8e20</value>
         <object_component_ref idref="oc-106"/>
      </symbol>
      <symbol id="sm-3a3">
         <name>C$$IO$$</name>
         <value>0xabb8</value>
         <object_component_ref idref="oc-121"/>
      </symbol>
      <symbol id="sm-3a4">
         <name>__CIOBUF_</name>
         <value>0xe2ac</value>
         <object_component_ref idref="oc-a7"/>
      </symbol>
      <symbol id="sm-3a5">
         <name>_readmsg</name>
         <value>0xa960</value>
         <object_component_ref idref="oc-122"/>
      </symbol>
      <symbol id="sm-3a6">
         <name>_writemsg</name>
         <value>0xab40</value>
         <object_component_ref idref="oc-121"/>
      </symbol>
      <symbol id="sm-3b0">
         <name>__wrt_ok</name>
         <value>0x8ac0</value>
         <object_component_ref idref="oc-13a"/>
      </symbol>
      <symbol id="sm-3c1">
         <name>__doflush</name>
         <value>0x9b00</value>
         <object_component_ref idref="oc-13b"/>
      </symbol>
      <symbol id="sm-3cb">
         <name>_fseek</name>
         <value>0x74c0</value>
         <object_component_ref idref="oc-142"/>
      </symbol>
      <symbol id="sm-3d5">
         <name>_setvbuf</name>
         <value>0x5ba0</value>
         <object_component_ref idref="oc-143"/>
      </symbol>
      <symbol id="sm-3e3">
         <name>__cleanup</name>
         <value>0x9a20</value>
         <object_component_ref idref="oc-150"/>
      </symbol>
      <symbol id="sm-3f9">
         <name>__sys_memory</name>
         <value>0xc520</value>
         <object_component_ref idref="oc-c1"/>
      </symbol>
      <symbol id="sm-3fa">
         <name>_free</name>
         <value>0x4880</value>
         <object_component_ref idref="oc-14e"/>
      </symbol>
      <symbol id="sm-3fb">
         <name>_malloc</name>
         <value>0x6840</value>
         <object_component_ref idref="oc-14f"/>
      </symbol>
      <symbol id="sm-405">
         <name>__closefile</name>
         <value>0x7e60</value>
         <object_component_ref idref="oc-15b"/>
      </symbol>
      <symbol id="sm-40f">
         <name>_remove</name>
         <value>0xb4e0</value>
         <object_component_ref idref="oc-165"/>
      </symbol>
      <symbol id="sm-425">
         <name>_GPIO_open</name>
         <value>0xa120</value>
         <object_component_ref idref="oc-12b"/>
      </symbol>
      <symbol id="sm-426">
         <name>_GPIO_pinEnable</name>
         <value>0xb180</value>
         <object_component_ref idref="oc-12c"/>
      </symbol>
      <symbol id="sm-427">
         <name>__GPIO_intTable</name>
         <value>0xdb18</value>
         <object_component_ref idref="oc-cb"/>
      </symbol>
      <symbol id="sm-428">
         <name>_GPIO_intPolarity</name>
         <value>0xa5a0</value>
         <object_component_ref idref="oc-12e"/>
      </symbol>
      <symbol id="sm-429">
         <name>_GPIO_pinDirection</name>
         <value>0xafc0</value>
         <object_component_ref idref="oc-12d"/>
      </symbol>
      <symbol id="sm-42a">
         <name>__hGpioDev0</name>
         <value>0xdb2c</value>
         <object_component_ref idref="oc-cb"/>
      </symbol>
      <symbol id="sm-42b">
         <name>_GPIO_reset</name>
         <value>0xa1e0</value>
         <object_component_ref idref="oc-133"/>
      </symbol>
      <symbol id="sm-44b">
         <name>_IRQ_setVecs</name>
         <value>0xb360</value>
         <object_component_ref idref="oc-12f"/>
      </symbol>
      <symbol id="sm-44c">
         <name>_IRQ_clear</name>
         <value>0xb2e0</value>
         <object_component_ref idref="oc-128"/>
      </symbol>
      <symbol id="sm-44d">
         <name>__IRQ_eventTable</name>
         <value>0xd988</value>
         <object_component_ref idref="oc-d1"/>
      </symbol>
      <symbol id="sm-44e">
         <name>_IRQ_nmiEnable</name>
         <value>0xb340</value>
         <object_component_ref idref="oc-11f"/>
      </symbol>
      <symbol id="sm-44f">
         <name>_IRQ_reset</name>
         <value>0xb200</value>
         <object_component_ref idref="oc-11d"/>
      </symbol>
      <symbol id="sm-450">
         <name>__IRQ_intTable</name>
         <value>0xda0c</value>
         <object_component_ref idref="oc-d1"/>
      </symbol>
      <symbol id="sm-451">
         <name>_IRQ_globalEnable</name>
         <value>0xb320</value>
         <object_component_ref idref="oc-11e"/>
      </symbol>
      <symbol id="sm-452">
         <name>_IRQ_globalDisable</name>
         <value>0xb300</value>
         <object_component_ref idref="oc-11a"/>
      </symbol>
      <symbol id="sm-453">
         <name>_IRQ_map</name>
         <value>0x7300</value>
         <object_component_ref idref="oc-11c"/>
      </symbol>
      <symbol id="sm-454">
         <name>_IRQ_enable</name>
         <value>0xb1c0</value>
         <object_component_ref idref="oc-120"/>
      </symbol>
      <symbol id="sm-455">
         <name>__IRQ_dispatchTable</name>
         <value>0xda4c</value>
         <object_component_ref idref="oc-d1"/>
      </symbol>
      <symbol id="sm-456">
         <name>__IRQ_hookFetchPacket</name>
         <value>0xb500</value>
         <object_component_ref idref="oc-cf"/>
      </symbol>
      <symbol id="sm-478">
         <name>_MCBSP_reset</name>
         <value>0x7680</value>
         <object_component_ref idref="oc-123"/>
      </symbol>
      <symbol id="sm-479">
         <name>_MCBSP_read</name>
         <value>0xb3a0</value>
         <object_component_ref idref="oc-119"/>
      </symbol>
      <symbol id="sm-47a">
         <name>_MCBSP_close</name>
         <value>0xa640</value>
         <object_component_ref idref="oc-10d"/>
      </symbol>
      <symbol id="sm-47b">
         <name>_MCBSP_getXmtEventId</name>
         <value>0xb380</value>
         <object_component_ref idref="oc-11b"/>
      </symbol>
      <symbol id="sm-47c">
         <name>_MCBSP_open</name>
         <value>0x9020</value>
         <object_component_ref idref="oc-10e"/>
      </symbol>
      <symbol id="sm-47d">
         <name>__MCBSP_hDev0</name>
         <value>0xdadc</value>
         <object_component_ref idref="oc-d6"/>
      </symbol>
      <symbol id="sm-47e">
         <name>__MCBSP_hDev1</name>
         <value>0xdae0</value>
         <object_component_ref idref="oc-d6"/>
      </symbol>
      <symbol id="sm-47f">
         <name>_MCBSP_xempty</name>
         <value>0xb400</value>
         <object_component_ref idref="oc-12a"/>
      </symbol>
      <symbol id="sm-480">
         <name>_MCBSP_start</name>
         <value>0x9120</value>
         <object_component_ref idref="oc-10f"/>
      </symbol>
      <symbol id="sm-481">
         <name>_MCBSP_rrdy</name>
         <value>0xb3c0</value>
         <object_component_ref idref="oc-118"/>
      </symbol>
      <symbol id="sm-482">
         <name>_MCBSP_config</name>
         <value>0xa6e0</value>
         <object_component_ref idref="oc-115"/>
      </symbol>
      <symbol id="sm-483">
         <name>_MCBSP_xrdy</name>
         <value>0xb420</value>
         <object_component_ref idref="oc-116"/>
      </symbol>
      <symbol id="sm-484">
         <name>_MCBSP_write</name>
         <value>0xb3e0</value>
         <object_component_ref idref="oc-117"/>
      </symbol>
      <symbol id="sm-492">
         <name>_DSK6713_init</name>
         <value>0x34ac</value>
         <object_component_ref idref="oc-da"/>
      </symbol>
      <symbol id="sm-493">
         <name>_DSK6713_version</name>
         <value>0xdbbc</value>
         <object_component_ref idref="oc-db"/>
      </symbol>
      <symbol id="sm-494">
         <name>_DSK6713_rget</name>
         <value>0x37c8</value>
         <object_component_ref idref="oc-da"/>
      </symbol>
      <symbol id="sm-495">
         <name>_DSK6713_wait</name>
         <value>0x37f0</value>
         <object_component_ref idref="oc-da"/>
      </symbol>
      <symbol id="sm-496">
         <name>_DSK6713_rset</name>
         <value>0x37dc</value>
         <object_component_ref idref="oc-da"/>
      </symbol>
      <symbol id="sm-497">
         <name>_DSK6713_waitusec</name>
         <value>0x3848</value>
         <object_component_ref idref="oc-da"/>
      </symbol>
      <symbol id="sm-498">
         <name>_DSK6713_getVersion</name>
         <value>0x3874</value>
         <object_component_ref idref="oc-da"/>
      </symbol>
      <symbol id="sm-4a2">
         <name>_DSK6713_AIC23_closeCodec</name>
         <value>0xae60</value>
         <object_component_ref idref="oc-e0"/>
      </symbol>
      <symbol id="sm-4b0">
         <name>_DSK6713_AIC23_codeccontrolhandle</name>
         <value>0xdb98</value>
         <object_component_ref idref="oc-e5"/>
      </symbol>
      <symbol id="sm-4b1">
         <name>_DSK6713_AIC23_codecdatahandle</name>
         <value>0xdb9c</value>
         <object_component_ref idref="oc-e5"/>
      </symbol>
      <symbol id="sm-4b2">
         <name>_DSK6713_AIC23_openCodec</name>
         <value>0x52c0</value>
         <object_component_ref idref="oc-e4"/>
      </symbol>
      <symbol id="sm-4c0">
         <name>_DSK6713_AIC23_config</name>
         <value>0x8080</value>
         <object_component_ref idref="oc-ea"/>
      </symbol>
      <symbol id="sm-4c1">
         <name>_DSK6713_AIC23_rget</name>
         <value>0x805c</value>
         <object_component_ref idref="oc-ea"/>
      </symbol>
      <symbol id="sm-4c2">
         <name>_DSK6713_AIC23_rset</name>
         <value>0x7fc0</value>
         <object_component_ref idref="oc-ea"/>
      </symbol>
      <symbol id="sm-4d0">
         <name>_DSK6713_AIC23_setFreq</name>
         <value>0xa4e0</value>
         <object_component_ref idref="oc-f0"/>
      </symbol>
      <symbol id="sm-4da">
         <name>_DSK6713_DIP_init</name>
         <value>0xaee0</value>
         <object_component_ref idref="oc-f6"/>
      </symbol>
      <symbol id="sm-4db">
         <name>_DSK6713_DIP_get</name>
         <value>0xaee8</value>
         <object_component_ref idref="oc-f6"/>
      </symbol>
      <symbol id="sm-4e7">
         <name>_DSK6713_LED_init</name>
         <value>0x7b60</value>
         <object_component_ref idref="oc-fa"/>
      </symbol>
      <symbol id="sm-4e8">
         <name>_DSK6713_LED_on</name>
         <value>0x7be4</value>
         <object_component_ref idref="oc-fa"/>
      </symbol>
      <symbol id="sm-4e9">
         <name>_DSK6713_LED_toggle</name>
         <value>0x7c40</value>
         <object_component_ref idref="oc-fa"/>
      </symbol>
      <symbol id="sm-4ea">
         <name>_DSK6713_LED_off</name>
         <value>0x7b88</value>
         <object_component_ref idref="oc-fa"/>
      </symbol>
   </symbol_table>
</link_info>
