<?xml version="1.0"?>
<link_info>
   <banner>TMS320C6x Linker PC v7.4.20</banner>
   <copyright>Copyright (c) 1996-2015 Texas Instruments Incorporated</copyright>
   <link_time>0x5a0b3923</link_time>
   <output_file>S5e_APP6.out</output_file>
   <entry_point>
      <name>_c_int00</name>
      <address>0x3620</address>
   </entry_point>
   <input_file_list>
      <input_file id="fl-2">
         <path>.\source\asm\</path>
         <kind>object</kind>
         <file>INT2ULAW.obj</file>
         <name>INT2ULAW.obj</name>
      </input_file>
      <input_file id="fl-3">
         <path>.\source\asm\</path>
         <kind>object</kind>
         <file>ULAW2INT.obj</file>
         <name>ULAW2INT.obj</name>
      </input_file>
      <input_file id="fl-4">
         <path>.\source\asm\</path>
         <kind>object</kind>
         <file>Vectors.obj</file>
         <name>Vectors.obj</name>
      </input_file>
      <input_file id="fl-5">
         <path>.\source\c\</path>
         <kind>object</kind>
         <file>Audio_driver.obj</file>
         <name>Audio_driver.obj</name>
      </input_file>
      <input_file id="fl-6">
         <path>.\source\c\</path>
         <kind>object</kind>
         <file>C6713Helper_UdeS.obj</file>
         <name>C6713Helper_UdeS.obj</name>
      </input_file>
      <input_file id="fl-7">
         <path>.\source\c\</path>
         <kind>object</kind>
         <file>SPI_driver.obj</file>
         <name>SPI_driver.obj</name>
      </input_file>
      <input_file id="fl-8">
         <path>.\source\c\</path>
         <kind>object</kind>
         <file>Telephone.obj</file>
         <name>Telephone.obj</name>
      </input_file>
      <input_file id="fl-86">
         <path>C:\ti\02 - Push compiler 7.x\c6000_7.4.20\lib\</path>
         <kind>archive</kind>
         <file>rts6700.lib</file>
         <name>boot.obj</name>
      </input_file>
      <input_file id="fl-87">
         <path>C:\ti\02 - Push compiler 7.x\c6000_7.4.20\lib\</path>
         <kind>archive</kind>
         <file>rts6700.lib</file>
         <name>exit.obj</name>
      </input_file>
      <input_file id="fl-88">
         <path>C:\ti\02 - Push compiler 7.x\c6000_7.4.20\lib\</path>
         <kind>archive</kind>
         <file>rts6700.lib</file>
         <name>strasg.obj</name>
      </input_file>
      <input_file id="fl-89">
         <path>C:\ti\02 - Push compiler 7.x\c6000_7.4.20\lib\</path>
         <kind>archive</kind>
         <file>rts6700.lib</file>
         <name>args_main.obj</name>
      </input_file>
      <input_file id="fl-8a">
         <path>C:\ti\02 - Push compiler 7.x\c6000_7.4.20\lib\</path>
         <kind>archive</kind>
         <file>rts6700.lib</file>
         <name>autoinit.obj</name>
      </input_file>
      <input_file id="fl-8b">
         <path>C:\ti\02 - Push compiler 7.x\c6000_7.4.20\lib\</path>
         <kind>archive</kind>
         <file>rts6700.lib</file>
         <name>cpp_init.obj</name>
      </input_file>
      <input_file id="fl-8c">
         <path>C:\ti\02 - Push compiler 7.x\c6000_7.4.20\lib\</path>
         <kind>archive</kind>
         <file>rts6700.lib</file>
         <name>cpy_tbl.obj</name>
      </input_file>
      <input_file id="fl-8d">
         <path>C:\ti\02 - Push compiler 7.x\c6000_7.4.20\lib\</path>
         <kind>archive</kind>
         <file>rts6700.lib</file>
         <name>memcpy62.obj</name>
      </input_file>
      <input_file id="fl-8e">
         <path>C:\ti\ccsv7\ccs_base\C6xCSL\lib_3x\</path>
         <kind>archive</kind>
         <file>csl6713.lib</file>
         <name>csl_gpio.obj</name>
      </input_file>
      <input_file id="fl-8f">
         <path>C:\ti\ccsv7\ccs_base\C6xCSL\lib_3x\</path>
         <kind>archive</kind>
         <file>csl6713.lib</file>
         <name>csl_irq.obj</name>
      </input_file>
      <input_file id="fl-90">
         <path>C:\ti\ccsv7\ccs_base\C6xCSL\lib_3x\</path>
         <kind>archive</kind>
         <file>csl6713.lib</file>
         <name>csl_mcbsp.obj</name>
      </input_file>
      <input_file id="fl-91">
         <path>C:\ti\dsk6713\lib\</path>
         <kind>archive</kind>
         <file>dsk6713bsl.lib</file>
         <name>dsk6713.obj</name>
      </input_file>
      <input_file id="fl-92">
         <path>C:\ti\dsk6713\lib\</path>
         <kind>archive</kind>
         <file>dsk6713bsl.lib</file>
         <name>dsk6713_aic23_closecodec.obj</name>
      </input_file>
      <input_file id="fl-93">
         <path>C:\ti\dsk6713\lib\</path>
         <kind>archive</kind>
         <file>dsk6713bsl.lib</file>
         <name>dsk6713_aic23_opencodec.obj</name>
      </input_file>
      <input_file id="fl-94">
         <path>C:\ti\dsk6713\lib\</path>
         <kind>archive</kind>
         <file>dsk6713bsl.lib</file>
         <name>dsk6713_aic23_registers.obj</name>
      </input_file>
      <input_file id="fl-95">
         <path>C:\ti\dsk6713\lib\</path>
         <kind>archive</kind>
         <file>dsk6713bsl.lib</file>
         <name>dsk6713_aic23_setfreq.obj</name>
      </input_file>
      <input_file id="fl-96">
         <path>C:\ti\dsk6713\lib\</path>
         <kind>archive</kind>
         <file>dsk6713bsl.lib</file>
         <name>dsk6713_dip.obj</name>
      </input_file>
      <input_file id="fl-97">
         <path>C:\ti\dsk6713\lib\</path>
         <kind>archive</kind>
         <file>dsk6713bsl.lib</file>
         <name>dsk6713_led.obj</name>
      </input_file>
   </input_file_list>
   <object_component_list>
      <object_component id="oc-31">
         <name>.EXT_RAM</name>
         <uninitialized>true</uninitialized>
         <run_address>0x80000000</run_address>
         <size>0x4e200</size>
         <input_file_ref idref="fl-8"/>
      </object_component>
      <object_component id="oc-18">
         <name>.vectors</name>
         <load_address>0x0</load_address>
         <run_address>0x0</run_address>
         <size>0x200</size>
         <input_file_ref idref="fl-4"/>
      </object_component>
      <object_component id="oc-89">
         <name>.text</name>
         <load_address>0x220</load_address>
         <run_address>0x220</run_address>
         <size>0x800</size>
         <input_file_ref idref="fl-6"/>
      </object_component>
      <object_component id="oc-a0">
         <name>.text</name>
         <load_address>0xa20</load_address>
         <run_address>0xa20</run_address>
         <size>0x720</size>
         <input_file_ref idref="fl-7"/>
      </object_component>
      <object_component id="oc-91">
         <name>.text</name>
         <load_address>0x1140</load_address>
         <run_address>0x1140</run_address>
         <size>0x540</size>
         <input_file_ref idref="fl-8"/>
      </object_component>
      <object_component id="oc-60">
         <name>.text</name>
         <load_address>0x1680</load_address>
         <run_address>0x1680</run_address>
         <size>0x480</size>
         <input_file_ref idref="fl-91"/>
      </object_component>
      <object_component id="oc-6a">
         <name>.text</name>
         <load_address>0x1b00</load_address>
         <run_address>0x1b00</run_address>
         <size>0x320</size>
         <input_file_ref idref="fl-93"/>
      </object_component>
      <object_component id="oc-8f">
         <name>.text:_memcpy</name>
         <load_address>0x1e20</load_address>
         <run_address>0x1e20</run_address>
         <size>0x240</size>
         <input_file_ref idref="fl-8d"/>
      </object_component>
      <object_component id="oc-1f">
         <name>.text:retain</name>
         <load_address>0x2060</load_address>
         <run_address>0x2060</run_address>
         <size>0x240</size>
         <input_file_ref idref="fl-5"/>
      </object_component>
      <object_component id="oc-9a">
         <name>.text:_IRQ_map</name>
         <load_address>0x22a0</load_address>
         <run_address>0x22a0</run_address>
         <size>0x1c0</size>
         <input_file_ref idref="fl-8f"/>
      </object_component>
      <object_component id="oc-9f">
         <name>.text:_MCBSP_reset</name>
         <load_address>0x2460</load_address>
         <run_address>0x2460</run_address>
         <size>0x1a0</size>
         <input_file_ref idref="fl-90"/>
      </object_component>
      <object_component id="oc-80">
         <name>.text</name>
         <load_address>0x2600</load_address>
         <run_address>0x2600</run_address>
         <size>0x1a0</size>
         <input_file_ref idref="fl-97"/>
      </object_component>
      <object_component id="oc-70">
         <name>.text</name>
         <load_address>0x27a0</load_address>
         <run_address>0x27a0</run_address>
         <size>0x160</size>
         <input_file_ref idref="fl-94"/>
      </object_component>
      <object_component id="oc-a3">
         <name>.text:__strasgi</name>
         <load_address>0x2900</load_address>
         <run_address>0x2900</run_address>
         <size>0x140</size>
         <input_file_ref idref="fl-88"/>
      </object_component>
      <object_component id="oc-88">
         <name>.text</name>
         <load_address>0x2a40</load_address>
         <run_address>0x2a40</run_address>
         <size>0x120</size>
         <input_file_ref idref="fl-5"/>
      </object_component>
      <object_component id="oc-8c">
         <name>.text:_MCBSP_open</name>
         <load_address>0x2b60</load_address>
         <run_address>0x2b60</run_address>
         <size>0x100</size>
         <input_file_ref idref="fl-90"/>
      </object_component>
      <object_component id="oc-8d">
         <name>.text:_MCBSP_start</name>
         <load_address>0x2c60</load_address>
         <run_address>0x2c60</run_address>
         <size>0x100</size>
         <input_file_ref idref="fl-90"/>
      </object_component>
      <object_component id="oc-85">
         <name>.text:__auto_init</name>
         <load_address>0x2d60</load_address>
         <run_address>0x2d60</run_address>
         <size>0x100</size>
         <input_file_ref idref="fl-8a"/>
      </object_component>
      <object_component id="oc-8a">
         <name>.text:__strasg</name>
         <load_address>0x2e60</load_address>
         <run_address>0x2e60</run_address>
         <size>0xe0</size>
         <input_file_ref idref="fl-88"/>
      </object_component>
      <object_component id="oc-87">
         <name>.text:_exit</name>
         <load_address>0x2f40</load_address>
         <run_address>0x2f40</run_address>
         <size>0xe0</size>
         <input_file_ref idref="fl-87"/>
      </object_component>
      <object_component id="oc-a5">
         <name>.text:_GPIO_open</name>
         <load_address>0x3020</load_address>
         <run_address>0x3020</run_address>
         <size>0xc0</size>
         <input_file_ref idref="fl-8e"/>
      </object_component>
      <object_component id="oc-aa">
         <name>.text:_GPIO_reset</name>
         <load_address>0x30e0</load_address>
         <run_address>0x30e0</run_address>
         <size>0xc0</size>
         <input_file_ref idref="fl-8e"/>
      </object_component>
      <object_component id="oc-8e">
         <name>.text:_copy_in</name>
         <load_address>0x31a0</load_address>
         <run_address>0x31a0</run_address>
         <size>0xc0</size>
         <input_file_ref idref="fl-8c"/>
      </object_component>
      <object_component id="oc-76">
         <name>.text</name>
         <load_address>0x3260</load_address>
         <run_address>0x3260</run_address>
         <size>0xc0</size>
         <input_file_ref idref="fl-95"/>
      </object_component>
      <object_component id="oc-a8">
         <name>.text:_GPIO_intPolarity</name>
         <load_address>0x3320</load_address>
         <run_address>0x3320</run_address>
         <size>0xa0</size>
         <input_file_ref idref="fl-8e"/>
      </object_component>
      <object_component id="oc-8b">
         <name>.text:_MCBSP_close</name>
         <load_address>0x33c0</load_address>
         <run_address>0x33c0</run_address>
         <size>0xa0</size>
         <input_file_ref idref="fl-90"/>
      </object_component>
      <object_component id="oc-93">
         <name>.text:_MCBSP_config</name>
         <load_address>0x3460</load_address>
         <run_address>0x3460</run_address>
         <size>0xa0</size>
         <input_file_ref idref="fl-90"/>
      </object_component>
      <object_component id="oc-a1">
         <name>.text:_setMux</name>
         <load_address>0x3500</load_address>
         <run_address>0x3500</run_address>
         <size>0xa0</size>
         <input_file_ref idref="fl-8f"/>
      </object_component>
      <object_component id="oc-90">
         <name>.text:___TI_cpp_init</name>
         <load_address>0x35a0</load_address>
         <run_address>0x35a0</run_address>
         <size>0x80</size>
         <input_file_ref idref="fl-8b"/>
      </object_component>
      <object_component id="oc-e">
         <name>.text:_c_int00</name>
         <load_address>0x3620</load_address>
         <run_address>0x3620</run_address>
         <size>0x80</size>
         <input_file_ref idref="fl-86"/>
      </object_component>
      <object_component id="oc-66">
         <name>.text</name>
         <load_address>0x36a0</load_address>
         <run_address>0x36a0</run_address>
         <size>0x80</size>
         <input_file_ref idref="fl-92"/>
      </object_component>
      <object_component id="oc-7c">
         <name>.text</name>
         <load_address>0x3720</load_address>
         <run_address>0x3720</run_address>
         <size>0x80</size>
         <input_file_ref idref="fl-96"/>
      </object_component>
      <object_component id="oc-f">
         <name>.text</name>
         <load_address>0x37a0</load_address>
         <run_address>0x37a0</run_address>
         <size>0x60</size>
         <input_file_ref idref="fl-2"/>
      </object_component>
      <object_component id="oc-a7">
         <name>.text:_GPIO_pinDirection</name>
         <load_address>0x3800</load_address>
         <run_address>0x3800</run_address>
         <size>0x60</size>
         <input_file_ref idref="fl-8e"/>
      </object_component>
      <object_component id="oc-13">
         <name>.text</name>
         <load_address>0x3860</load_address>
         <run_address>0x3860</run_address>
         <size>0x40</size>
         <input_file_ref idref="fl-3"/>
      </object_component>
      <object_component id="oc-a6">
         <name>.text:_GPIO_pinEnable</name>
         <load_address>0x38a0</load_address>
         <run_address>0x38a0</run_address>
         <size>0x40</size>
         <input_file_ref idref="fl-8e"/>
      </object_component>
      <object_component id="oc-9e">
         <name>.text:_IRQ_enable</name>
         <load_address>0x38e0</load_address>
         <run_address>0x38e0</run_address>
         <size>0x40</size>
         <input_file_ref idref="fl-8f"/>
      </object_component>
      <object_component id="oc-9b">
         <name>.text:_IRQ_reset</name>
         <load_address>0x3920</load_address>
         <run_address>0x3920</run_address>
         <size>0x40</size>
         <input_file_ref idref="fl-8f"/>
      </object_component>
      <object_component id="oc-86">
         <name>.text:__args_main</name>
         <load_address>0x3960</load_address>
         <run_address>0x3960</run_address>
         <size>0x40</size>
         <input_file_ref idref="fl-89"/>
      </object_component>
      <object_component id="oc-17">
         <name>.text</name>
         <load_address>0x39a0</load_address>
         <run_address>0x39a0</run_address>
         <size>0x20</size>
         <input_file_ref idref="fl-4"/>
      </object_component>
      <object_component id="oc-a2">
         <name>.text:_IRQ_clear</name>
         <load_address>0x39c0</load_address>
         <run_address>0x39c0</run_address>
         <size>0x20</size>
         <input_file_ref idref="fl-8f"/>
      </object_component>
      <object_component id="oc-98">
         <name>.text:_IRQ_globalDisable</name>
         <load_address>0x39e0</load_address>
         <run_address>0x39e0</run_address>
         <size>0x20</size>
         <input_file_ref idref="fl-8f"/>
      </object_component>
      <object_component id="oc-9c">
         <name>.text:_IRQ_globalEnable</name>
         <load_address>0x3a00</load_address>
         <run_address>0x3a00</run_address>
         <size>0x20</size>
         <input_file_ref idref="fl-8f"/>
      </object_component>
      <object_component id="oc-9d">
         <name>.text:_IRQ_nmiEnable</name>
         <load_address>0x3a20</load_address>
         <run_address>0x3a20</run_address>
         <size>0x20</size>
         <input_file_ref idref="fl-8f"/>
      </object_component>
      <object_component id="oc-a9">
         <name>.text:_IRQ_setVecs</name>
         <load_address>0x3a40</load_address>
         <run_address>0x3a40</run_address>
         <size>0x20</size>
         <input_file_ref idref="fl-8f"/>
      </object_component>
      <object_component id="oc-99">
         <name>.text:_MCBSP_getXmtEventId</name>
         <load_address>0x3a60</load_address>
         <run_address>0x3a60</run_address>
         <size>0x20</size>
         <input_file_ref idref="fl-90"/>
      </object_component>
      <object_component id="oc-97">
         <name>.text:_MCBSP_read</name>
         <load_address>0x3a80</load_address>
         <run_address>0x3a80</run_address>
         <size>0x20</size>
         <input_file_ref idref="fl-90"/>
      </object_component>
      <object_component id="oc-96">
         <name>.text:_MCBSP_rrdy</name>
         <load_address>0x3aa0</load_address>
         <run_address>0x3aa0</run_address>
         <size>0x20</size>
         <input_file_ref idref="fl-90"/>
      </object_component>
      <object_component id="oc-95">
         <name>.text:_MCBSP_write</name>
         <load_address>0x3ac0</load_address>
         <run_address>0x3ac0</run_address>
         <size>0x20</size>
         <input_file_ref idref="fl-90"/>
      </object_component>
      <object_component id="oc-a4">
         <name>.text:_MCBSP_xempty</name>
         <load_address>0x3ae0</load_address>
         <run_address>0x3ae0</run_address>
         <size>0x20</size>
         <input_file_ref idref="fl-90"/>
      </object_component>
      <object_component id="oc-94">
         <name>.text:_MCBSP_xrdy</name>
         <load_address>0x3b00</load_address>
         <run_address>0x3b00</run_address>
         <size>0x20</size>
         <input_file_ref idref="fl-90"/>
      </object_component>
      <object_component id="oc-92">
         <name>.text:_abort</name>
         <load_address>0x3b20</load_address>
         <run_address>0x3b20</run_address>
         <size>0x20</size>
         <input_file_ref idref="fl-87"/>
      </object_component>
      <object_component id="oc-55">
         <name>.text</name>
         <load_address>0x3b40</load_address>
         <run_address>0x3b40</run_address>
         <size>0x20</size>
         <input_file_ref idref="fl-8f"/>
      </object_component>
      <object_component id="oc-56">
         <name>.cinit</name>
         <load_address>0x4b60</load_address>
         <run_address>0x4b60</run_address>
         <size>0x12c</size>
         <input_file_ref idref="fl-8f"/>
      </object_component>
      <object_component id="oc-2f">
         <name>.cinit</name>
         <load_address>0x4c90</load_address>
         <run_address>0x4c90</run_address>
         <size>0x7c</size>
         <input_file_ref idref="fl-8"/>
      </object_component>
      <object_component id="oc-24">
         <name>.cinit</name>
         <load_address>0x4d10</load_address>
         <run_address>0x4d10</run_address>
         <size>0x58</size>
         <input_file_ref idref="fl-6"/>
      </object_component>
      <object_component id="oc-5b">
         <name>.cinit</name>
         <load_address>0x4d68</load_address>
         <run_address>0x4d68</run_address>
         <size>0x54</size>
         <input_file_ref idref="fl-90"/>
      </object_component>
      <object_component id="oc-50">
         <name>.cinit</name>
         <load_address>0x4dc0</load_address>
         <run_address>0x4dc0</run_address>
         <size>0x44</size>
         <input_file_ref idref="fl-8e"/>
      </object_component>
      <object_component id="oc-71">
         <name>.cinit</name>
         <load_address>0x4e08</load_address>
         <run_address>0x4e08</run_address>
         <size>0x30</size>
         <input_file_ref idref="fl-94"/>
      </object_component>
      <object_component id="oc-1d">
         <name>.cinit</name>
         <load_address>0x4e38</load_address>
         <run_address>0x4e38</run_address>
         <size>0x2c</size>
         <input_file_ref idref="fl-5"/>
      </object_component>
      <object_component id="oc-3a">
         <name>.cinit</name>
         <load_address>0x4e68</load_address>
         <run_address>0x4e68</run_address>
         <size>0x2c</size>
         <input_file_ref idref="fl-87"/>
      </object_component>
      <object_component id="oc-77">
         <name>.cinit</name>
         <load_address>0x4e98</load_address>
         <run_address>0x4e98</run_address>
         <size>0x28</size>
         <input_file_ref idref="fl-95"/>
      </object_component>
      <object_component id="oc-36">
         <name>.stack</name>
         <uninitialized>true</uninitialized>
         <run_address>0x3b60</run_address>
         <size>0x8</size>
         <input_file_ref idref="fl-86"/>
      </object_component>
      <object_component id="oc-c0">
         <name>.stack</name>
         <uninitialized>true</uninitialized>
         <run_address>0x3b60</run_address>
         <size>0x0</size>
      </object_component>
      <object_component id="oc-6c">
         <name>.const</name>
         <load_address>0x50ec</load_address>
         <run_address>0x50ec</run_address>
         <size>0x40</size>
         <input_file_ref idref="fl-93"/>
      </object_component>
      <object_component id="oc-2a">
         <name>.const</name>
         <load_address>0x512c</load_address>
         <run_address>0x512c</run_address>
         <size>0x20</size>
         <input_file_ref idref="fl-7"/>
      </object_component>
      <object_component id="oc-62">
         <name>.const</name>
         <load_address>0x514c</load_address>
         <run_address>0x514c</run_address>
         <size>0x20</size>
         <input_file_ref idref="fl-91"/>
      </object_component>
      <object_component id="oc-1e">
         <name>.far</name>
         <uninitialized>true</uninitialized>
         <run_address>0x50b4</run_address>
         <size>0x10</size>
         <input_file_ref idref="fl-5"/>
      </object_component>
      <object_component id="oc-25">
         <name>.far</name>
         <uninitialized>true</uninitialized>
         <run_address>0x4fb8</run_address>
         <size>0x58</size>
         <input_file_ref idref="fl-6"/>
      </object_component>
      <object_component id="oc-30">
         <name>.far</name>
         <uninitialized>true</uninitialized>
         <run_address>0x50c4</run_address>
         <size>0x10</size>
         <input_file_ref idref="fl-8"/>
      </object_component>
      <object_component id="oc-3b">
         <name>.far</name>
         <uninitialized>true</uninitialized>
         <run_address>0x50d4</run_address>
         <size>0xc</size>
         <input_file_ref idref="fl-87"/>
      </object_component>
      <object_component id="oc-51">
         <name>.far</name>
         <uninitialized>true</uninitialized>
         <run_address>0x5070</run_address>
         <size>0x24</size>
         <input_file_ref idref="fl-8e"/>
      </object_component>
      <object_component id="oc-57">
         <name>.far</name>
         <uninitialized>true</uninitialized>
         <run_address>0x4ec4</run_address>
         <size>0xf4</size>
         <input_file_ref idref="fl-8f"/>
      </object_component>
      <object_component id="oc-5c">
         <name>.far</name>
         <uninitialized>true</uninitialized>
         <run_address>0x5010</run_address>
         <size>0x38</size>
         <input_file_ref idref="fl-90"/>
      </object_component>
      <object_component id="oc-61">
         <name>.far</name>
         <uninitialized>true</uninitialized>
         <run_address>0x50e8</run_address>
         <size>0x2</size>
         <input_file_ref idref="fl-91"/>
      </object_component>
      <object_component id="oc-6b">
         <name>.far</name>
         <uninitialized>true</uninitialized>
         <run_address>0x50e0</run_address>
         <size>0x8</size>
         <input_file_ref idref="fl-93"/>
      </object_component>
      <object_component id="oc-72">
         <name>.far</name>
         <uninitialized>true</uninitialized>
         <run_address>0x5048</run_address>
         <size>0x28</size>
         <input_file_ref idref="fl-94"/>
      </object_component>
      <object_component id="oc-78">
         <name>.far</name>
         <uninitialized>true</uninitialized>
         <run_address>0x5094</run_address>
         <size>0x20</size>
         <input_file_ref idref="fl-95"/>
      </object_component>
      <object_component id="oc-81">
         <name>.far</name>
         <uninitialized>true</uninitialized>
         <run_address>0x50ea</run_address>
         <size>0x2</size>
         <input_file_ref idref="fl-97"/>
      </object_component>
      <object_component id="oc-10">
         <name>.debug_info</name>
         <load_address>0x0</load_address>
         <run_address>0x0</run_address>
         <size>0xe9</size>
         <input_file_ref idref="fl-2"/>
      </object_component>
      <object_component id="oc-14">
         <name>.debug_info</name>
         <load_address>0xe9</load_address>
         <run_address>0xe9</run_address>
         <size>0xe9</size>
         <input_file_ref idref="fl-3"/>
      </object_component>
      <object_component id="oc-19">
         <name>.debug_info</name>
         <load_address>0x1d2</load_address>
         <run_address>0x1d2</run_address>
         <size>0x112</size>
         <input_file_ref idref="fl-4"/>
      </object_component>
      <object_component id="oc-1c">
         <name>.debug_info</name>
         <load_address>0x2e4</load_address>
         <run_address>0x2e4</run_address>
         <size>0xb79</size>
         <input_file_ref idref="fl-5"/>
      </object_component>
      <object_component id="oc-23">
         <name>.debug_info</name>
         <load_address>0xe5d</load_address>
         <run_address>0xe5d</run_address>
         <size>0x17c5</size>
         <input_file_ref idref="fl-6"/>
      </object_component>
      <object_component id="oc-29">
         <name>.debug_info</name>
         <load_address>0x2622</load_address>
         <run_address>0x2622</run_address>
         <size>0x1513</size>
         <input_file_ref idref="fl-7"/>
      </object_component>
      <object_component id="oc-2e">
         <name>.debug_info</name>
         <load_address>0x3b35</load_address>
         <run_address>0x3b35</run_address>
         <size>0xe3d</size>
         <input_file_ref idref="fl-8"/>
      </object_component>
      <object_component id="oc-35">
         <name>.debug_info</name>
         <load_address>0x4972</load_address>
         <run_address>0x4972</run_address>
         <size>0x701</size>
         <input_file_ref idref="fl-86"/>
      </object_component>
      <object_component id="oc-39">
         <name>.debug_info</name>
         <load_address>0x5073</load_address>
         <run_address>0x5073</run_address>
         <size>0x7f2</size>
         <input_file_ref idref="fl-87"/>
      </object_component>
      <object_component id="oc-3e">
         <name>.debug_info</name>
         <load_address>0x5865</load_address>
         <run_address>0x5865</run_address>
         <size>0x102</size>
         <input_file_ref idref="fl-88"/>
      </object_component>
      <object_component id="oc-41">
         <name>.debug_info</name>
         <load_address>0x5967</load_address>
         <run_address>0x5967</run_address>
         <size>0x6d7</size>
         <input_file_ref idref="fl-89"/>
      </object_component>
      <object_component id="oc-44">
         <name>.debug_info</name>
         <load_address>0x603e</load_address>
         <run_address>0x603e</run_address>
         <size>0x864</size>
         <input_file_ref idref="fl-8a"/>
      </object_component>
      <object_component id="oc-47">
         <name>.debug_info</name>
         <load_address>0x68a2</load_address>
         <run_address>0x68a2</run_address>
         <size>0x6dc</size>
         <input_file_ref idref="fl-8b"/>
      </object_component>
      <object_component id="oc-4a">
         <name>.debug_info</name>
         <load_address>0x6f7e</load_address>
         <run_address>0x6f7e</run_address>
         <size>0x7d2</size>
         <input_file_ref idref="fl-8c"/>
      </object_component>
      <object_component id="oc-4d">
         <name>.debug_info</name>
         <load_address>0x7750</load_address>
         <run_address>0x7750</run_address>
         <size>0x782</size>
         <input_file_ref idref="fl-8d"/>
      </object_component>
      <object_component id="oc-53">
         <name>.debug_info</name>
         <load_address>0x7ed2</load_address>
         <run_address>0x7ed2</run_address>
         <size>0xb40</size>
         <input_file_ref idref="fl-8e"/>
      </object_component>
      <object_component id="oc-59">
         <name>.debug_info</name>
         <load_address>0x8a12</load_address>
         <run_address>0x8a12</run_address>
         <size>0xdfb</size>
         <input_file_ref idref="fl-8f"/>
      </object_component>
      <object_component id="oc-5e">
         <name>.debug_info</name>
         <load_address>0x980d</load_address>
         <run_address>0x980d</run_address>
         <size>0x1014</size>
         <input_file_ref idref="fl-90"/>
      </object_component>
      <object_component id="oc-64">
         <name>.debug_info</name>
         <load_address>0xa821</load_address>
         <run_address>0xa821</run_address>
         <size>0xa4e</size>
         <input_file_ref idref="fl-91"/>
      </object_component>
      <object_component id="oc-68">
         <name>.debug_info</name>
         <load_address>0xb26f</load_address>
         <run_address>0xb26f</run_address>
         <size>0x7c9</size>
         <input_file_ref idref="fl-92"/>
      </object_component>
      <object_component id="oc-6e">
         <name>.debug_info</name>
         <load_address>0xba38</load_address>
         <run_address>0xba38</run_address>
         <size>0xa20</size>
         <input_file_ref idref="fl-93"/>
      </object_component>
      <object_component id="oc-74">
         <name>.debug_info</name>
         <load_address>0xc458</load_address>
         <run_address>0xc458</run_address>
         <size>0xaa0</size>
         <input_file_ref idref="fl-94"/>
      </object_component>
      <object_component id="oc-7a">
         <name>.debug_info</name>
         <load_address>0xcef8</load_address>
         <run_address>0xcef8</run_address>
         <size>0x723</size>
         <input_file_ref idref="fl-95"/>
      </object_component>
      <object_component id="oc-7e">
         <name>.debug_info</name>
         <load_address>0xd61b</load_address>
         <run_address>0xd61b</run_address>
         <size>0x632</size>
         <input_file_ref idref="fl-96"/>
      </object_component>
      <object_component id="oc-83">
         <name>.debug_info</name>
         <load_address>0xdc4d</load_address>
         <run_address>0xdc4d</run_address>
         <size>0x787</size>
         <input_file_ref idref="fl-97"/>
      </object_component>
      <object_component id="oc-c1">
         <name>.debug_info</name>
         <load_address>0xe3d4</load_address>
         <run_address>0xe3d4</run_address>
         <size>0x6e</size>
      </object_component>
      <object_component id="oc-11">
         <name>.debug_line</name>
         <load_address>0x0</load_address>
         <run_address>0x0</run_address>
         <size>0x4f</size>
         <input_file_ref idref="fl-2"/>
      </object_component>
      <object_component id="oc-15">
         <name>.debug_line</name>
         <load_address>0x4f</load_address>
         <run_address>0x4f</run_address>
         <size>0x4e</size>
         <input_file_ref idref="fl-3"/>
      </object_component>
      <object_component id="oc-1a">
         <name>.debug_line</name>
         <load_address>0x9d</load_address>
         <run_address>0x9d</run_address>
         <size>0xd3</size>
         <input_file_ref idref="fl-4"/>
      </object_component>
      <object_component id="oc-21">
         <name>.debug_line</name>
         <load_address>0x170</load_address>
         <run_address>0x170</run_address>
         <size>0xe0</size>
         <input_file_ref idref="fl-5"/>
      </object_component>
      <object_component id="oc-27">
         <name>.debug_line</name>
         <load_address>0x250</load_address>
         <run_address>0x250</run_address>
         <size>0x18a</size>
         <input_file_ref idref="fl-6"/>
      </object_component>
      <object_component id="oc-2c">
         <name>.debug_line</name>
         <load_address>0x3da</load_address>
         <run_address>0x3da</run_address>
         <size>0x14b</size>
         <input_file_ref idref="fl-7"/>
      </object_component>
      <object_component id="oc-33">
         <name>.debug_line</name>
         <load_address>0x525</load_address>
         <run_address>0x525</run_address>
         <size>0xf0</size>
         <input_file_ref idref="fl-8"/>
      </object_component>
      <object_component id="oc-37">
         <name>.debug_line</name>
         <load_address>0x615</load_address>
         <run_address>0x615</run_address>
         <size>0x3d</size>
         <input_file_ref idref="fl-86"/>
      </object_component>
      <object_component id="oc-3c">
         <name>.debug_line</name>
         <load_address>0x652</load_address>
         <run_address>0x652</run_address>
         <size>0x4f</size>
         <input_file_ref idref="fl-87"/>
      </object_component>
      <object_component id="oc-3f">
         <name>.debug_line</name>
         <load_address>0x6a1</load_address>
         <run_address>0x6a1</run_address>
         <size>0x6a</size>
         <input_file_ref idref="fl-88"/>
      </object_component>
      <object_component id="oc-42">
         <name>.debug_line</name>
         <load_address>0x70b</load_address>
         <run_address>0x70b</run_address>
         <size>0x41</size>
         <input_file_ref idref="fl-89"/>
      </object_component>
      <object_component id="oc-45">
         <name>.debug_line</name>
         <load_address>0x74c</load_address>
         <run_address>0x74c</run_address>
         <size>0x47</size>
         <input_file_ref idref="fl-8a"/>
      </object_component>
      <object_component id="oc-48">
         <name>.debug_line</name>
         <load_address>0x793</load_address>
         <run_address>0x793</run_address>
         <size>0x45</size>
         <input_file_ref idref="fl-8b"/>
      </object_component>
      <object_component id="oc-4b">
         <name>.debug_line</name>
         <load_address>0x7d8</load_address>
         <run_address>0x7d8</run_address>
         <size>0x44</size>
         <input_file_ref idref="fl-8c"/>
      </object_component>
      <object_component id="oc-4e">
         <name>.debug_line</name>
         <load_address>0x81c</load_address>
         <run_address>0x81c</run_address>
         <size>0x4e</size>
         <input_file_ref idref="fl-8d"/>
      </object_component>
      <object_component id="oc-54">
         <name>.debug_line</name>
         <load_address>0x86a</load_address>
         <run_address>0x86a</run_address>
         <size>0xdd</size>
         <input_file_ref idref="fl-8e"/>
      </object_component>
      <object_component id="oc-5a">
         <name>.debug_line</name>
         <load_address>0x947</load_address>
         <run_address>0x947</run_address>
         <size>0x135</size>
         <input_file_ref idref="fl-8f"/>
      </object_component>
      <object_component id="oc-5f">
         <name>.debug_line</name>
         <load_address>0xa7c</load_address>
         <run_address>0xa7c</run_address>
         <size>0x171</size>
         <input_file_ref idref="fl-90"/>
      </object_component>
      <object_component id="oc-65">
         <name>.debug_line</name>
         <load_address>0xbed</load_address>
         <run_address>0xbed</run_address>
         <size>0xb2</size>
         <input_file_ref idref="fl-91"/>
      </object_component>
      <object_component id="oc-69">
         <name>.debug_line</name>
         <load_address>0xc9f</load_address>
         <run_address>0xc9f</run_address>
         <size>0x4c</size>
         <input_file_ref idref="fl-92"/>
      </object_component>
      <object_component id="oc-6f">
         <name>.debug_line</name>
         <load_address>0xceb</load_address>
         <run_address>0xceb</run_address>
         <size>0x4f</size>
         <input_file_ref idref="fl-93"/>
      </object_component>
      <object_component id="oc-75">
         <name>.debug_line</name>
         <load_address>0xd3a</load_address>
         <run_address>0xd3a</run_address>
         <size>0x7e</size>
         <input_file_ref idref="fl-94"/>
      </object_component>
      <object_component id="oc-7b">
         <name>.debug_line</name>
         <load_address>0xdb8</load_address>
         <run_address>0xdb8</run_address>
         <size>0x50</size>
         <input_file_ref idref="fl-95"/>
      </object_component>
      <object_component id="oc-7f">
         <name>.debug_line</name>
         <load_address>0xe08</load_address>
         <run_address>0xe08</run_address>
         <size>0x53</size>
         <input_file_ref idref="fl-96"/>
      </object_component>
      <object_component id="oc-84">
         <name>.debug_line</name>
         <load_address>0xe5b</load_address>
         <run_address>0xe5b</run_address>
         <size>0x77</size>
         <input_file_ref idref="fl-97"/>
      </object_component>
      <object_component id="oc-12">
         <name>.debug_abbrev</name>
         <load_address>0x0</load_address>
         <run_address>0x0</run_address>
         <size>0x21</size>
         <input_file_ref idref="fl-2"/>
      </object_component>
      <object_component id="oc-16">
         <name>.debug_abbrev</name>
         <load_address>0x21</load_address>
         <run_address>0x21</run_address>
         <size>0x21</size>
         <input_file_ref idref="fl-3"/>
      </object_component>
      <object_component id="oc-1b">
         <name>.debug_abbrev</name>
         <load_address>0x42</load_address>
         <run_address>0x42</run_address>
         <size>0x21</size>
         <input_file_ref idref="fl-4"/>
      </object_component>
      <object_component id="oc-22">
         <name>.debug_abbrev</name>
         <load_address>0x63</load_address>
         <run_address>0x63</run_address>
         <size>0x176</size>
         <input_file_ref idref="fl-5"/>
      </object_component>
      <object_component id="oc-28">
         <name>.debug_abbrev</name>
         <load_address>0x1d9</load_address>
         <run_address>0x1d9</run_address>
         <size>0x18e</size>
         <input_file_ref idref="fl-6"/>
      </object_component>
      <object_component id="oc-2d">
         <name>.debug_abbrev</name>
         <load_address>0x367</load_address>
         <run_address>0x367</run_address>
         <size>0x15a</size>
         <input_file_ref idref="fl-7"/>
      </object_component>
      <object_component id="oc-34">
         <name>.debug_abbrev</name>
         <load_address>0x4c1</load_address>
         <run_address>0x4c1</run_address>
         <size>0x10f</size>
         <input_file_ref idref="fl-8"/>
      </object_component>
      <object_component id="oc-38">
         <name>.debug_abbrev</name>
         <load_address>0x5d0</load_address>
         <run_address>0x5d0</run_address>
         <size>0xfe</size>
         <input_file_ref idref="fl-86"/>
      </object_component>
      <object_component id="oc-3d">
         <name>.debug_abbrev</name>
         <load_address>0x6ce</load_address>
         <run_address>0x6ce</run_address>
         <size>0x119</size>
         <input_file_ref idref="fl-87"/>
      </object_component>
      <object_component id="oc-40">
         <name>.debug_abbrev</name>
         <load_address>0x7e7</load_address>
         <run_address>0x7e7</run_address>
         <size>0x3b</size>
         <input_file_ref idref="fl-88"/>
      </object_component>
      <object_component id="oc-43">
         <name>.debug_abbrev</name>
         <load_address>0x822</load_address>
         <run_address>0x822</run_address>
         <size>0xe1</size>
         <input_file_ref idref="fl-89"/>
      </object_component>
      <object_component id="oc-46">
         <name>.debug_abbrev</name>
         <load_address>0x903</load_address>
         <run_address>0x903</run_address>
         <size>0x13f</size>
         <input_file_ref idref="fl-8a"/>
      </object_component>
      <object_component id="oc-49">
         <name>.debug_abbrev</name>
         <load_address>0xa42</load_address>
         <run_address>0xa42</run_address>
         <size>0xdd</size>
         <input_file_ref idref="fl-8b"/>
      </object_component>
      <object_component id="oc-4c">
         <name>.debug_abbrev</name>
         <load_address>0xb1f</load_address>
         <run_address>0xb1f</run_address>
         <size>0x10c</size>
         <input_file_ref idref="fl-8c"/>
      </object_component>
      <object_component id="oc-4f">
         <name>.debug_abbrev</name>
         <load_address>0xc2b</load_address>
         <run_address>0xc2b</run_address>
         <size>0xd5</size>
         <input_file_ref idref="fl-8d"/>
      </object_component>
      <object_component id="oc-52">
         <name>.debug_abbrev</name>
         <load_address>0xd00</load_address>
         <run_address>0xd00</run_address>
         <size>0x17d</size>
         <input_file_ref idref="fl-8e"/>
      </object_component>
      <object_component id="oc-58">
         <name>.debug_abbrev</name>
         <load_address>0xe7d</load_address>
         <run_address>0xe7d</run_address>
         <size>0x1b7</size>
         <input_file_ref idref="fl-8f"/>
      </object_component>
      <object_component id="oc-5d">
         <name>.debug_abbrev</name>
         <load_address>0x1034</load_address>
         <run_address>0x1034</run_address>
         <size>0x1a3</size>
         <input_file_ref idref="fl-90"/>
      </object_component>
      <object_component id="oc-63">
         <name>.debug_abbrev</name>
         <load_address>0x11d7</load_address>
         <run_address>0x11d7</run_address>
         <size>0x19a</size>
         <input_file_ref idref="fl-91"/>
      </object_component>
      <object_component id="oc-67">
         <name>.debug_abbrev</name>
         <load_address>0x1371</load_address>
         <run_address>0x1371</run_address>
         <size>0xd9</size>
         <input_file_ref idref="fl-92"/>
      </object_component>
      <object_component id="oc-6d">
         <name>.debug_abbrev</name>
         <load_address>0x144a</load_address>
         <run_address>0x144a</run_address>
         <size>0x12a</size>
         <input_file_ref idref="fl-93"/>
      </object_component>
      <object_component id="oc-73">
         <name>.debug_abbrev</name>
         <load_address>0x1574</load_address>
         <run_address>0x1574</run_address>
         <size>0x152</size>
         <input_file_ref idref="fl-94"/>
      </object_component>
      <object_component id="oc-79">
         <name>.debug_abbrev</name>
         <load_address>0x16c6</load_address>
         <run_address>0x16c6</run_address>
         <size>0xf5</size>
         <input_file_ref idref="fl-95"/>
      </object_component>
      <object_component id="oc-7d">
         <name>.debug_abbrev</name>
         <load_address>0x17bb</load_address>
         <run_address>0x17bb</run_address>
         <size>0xd3</size>
         <input_file_ref idref="fl-96"/>
      </object_component>
      <object_component id="oc-82">
         <name>.debug_abbrev</name>
         <load_address>0x188e</load_address>
         <run_address>0x188e</run_address>
         <size>0xde</size>
         <input_file_ref idref="fl-97"/>
      </object_component>
      <object_component id="oc-c2">
         <name>.debug_abbrev</name>
         <load_address>0x196c</load_address>
         <run_address>0x196c</run_address>
         <size>0xd</size>
      </object_component>
      <object_component id="oc-20">
         <name>.debug_frame</name>
         <load_address>0x0</load_address>
         <run_address>0x0</run_address>
         <size>0x33a</size>
         <input_file_ref idref="fl-5"/>
      </object_component>
      <object_component id="oc-26">
         <name>.debug_frame</name>
         <load_address>0x33a</load_address>
         <run_address>0x33a</run_address>
         <size>0x36d</size>
         <input_file_ref idref="fl-6"/>
      </object_component>
      <object_component id="oc-2b">
         <name>.debug_frame</name>
         <load_address>0x6a7</load_address>
         <run_address>0x6a7</run_address>
         <size>0x2d9</size>
         <input_file_ref idref="fl-7"/>
      </object_component>
      <object_component id="oc-32">
         <name>.debug_frame</name>
         <load_address>0x980</load_address>
         <run_address>0x980</run_address>
         <size>0x25b</size>
         <input_file_ref idref="fl-8"/>
      </object_component>
   </object_component_list>
   <logical_group_list>
      <logical_group id="lg-2">
         <name>.EXT_RAM</name>
         <run_address>0x80000000</run_address>
         <size>0x4e200</size>
         <contents>
            <object_component_ref idref="oc-31"/>
         </contents>
      </logical_group>
      <logical_group id="lg-3">
         <name>.vectors</name>
         <load_address>0x0</load_address>
         <run_address>0x0</run_address>
         <size>0x200</size>
         <contents>
            <object_component_ref idref="oc-18"/>
         </contents>
      </logical_group>
      <logical_group id="lg-4">
         <name>.text</name>
         <load_address>0x220</load_address>
         <run_address>0x220</run_address>
         <size>0x3940</size>
         <contents>
            <object_component_ref idref="oc-89"/>
            <object_component_ref idref="oc-a0"/>
            <object_component_ref idref="oc-91"/>
            <object_component_ref idref="oc-60"/>
            <object_component_ref idref="oc-6a"/>
            <object_component_ref idref="oc-8f"/>
            <object_component_ref idref="oc-1f"/>
            <object_component_ref idref="oc-9a"/>
            <object_component_ref idref="oc-9f"/>
            <object_component_ref idref="oc-80"/>
            <object_component_ref idref="oc-70"/>
            <object_component_ref idref="oc-a3"/>
            <object_component_ref idref="oc-88"/>
            <object_component_ref idref="oc-8c"/>
            <object_component_ref idref="oc-8d"/>
            <object_component_ref idref="oc-85"/>
            <object_component_ref idref="oc-8a"/>
            <object_component_ref idref="oc-87"/>
            <object_component_ref idref="oc-a5"/>
            <object_component_ref idref="oc-aa"/>
            <object_component_ref idref="oc-8e"/>
            <object_component_ref idref="oc-76"/>
            <object_component_ref idref="oc-a8"/>
            <object_component_ref idref="oc-8b"/>
            <object_component_ref idref="oc-93"/>
            <object_component_ref idref="oc-a1"/>
            <object_component_ref idref="oc-90"/>
            <object_component_ref idref="oc-e"/>
            <object_component_ref idref="oc-66"/>
            <object_component_ref idref="oc-7c"/>
            <object_component_ref idref="oc-f"/>
            <object_component_ref idref="oc-a7"/>
            <object_component_ref idref="oc-13"/>
            <object_component_ref idref="oc-a6"/>
            <object_component_ref idref="oc-9e"/>
            <object_component_ref idref="oc-9b"/>
            <object_component_ref idref="oc-86"/>
            <object_component_ref idref="oc-17"/>
            <object_component_ref idref="oc-a2"/>
            <object_component_ref idref="oc-98"/>
            <object_component_ref idref="oc-9c"/>
            <object_component_ref idref="oc-9d"/>
            <object_component_ref idref="oc-a9"/>
            <object_component_ref idref="oc-99"/>
            <object_component_ref idref="oc-97"/>
            <object_component_ref idref="oc-96"/>
            <object_component_ref idref="oc-95"/>
            <object_component_ref idref="oc-a4"/>
            <object_component_ref idref="oc-94"/>
            <object_component_ref idref="oc-92"/>
            <object_component_ref idref="oc-55"/>
         </contents>
      </logical_group>
      <logical_group id="lg-5">
         <name>.bss</name>
         <run_address>0x220</run_address>
         <size>0x0</size>
         <contents>
         </contents>
      </logical_group>
      <logical_group id="lg-6">
         <name>.cinit</name>
         <load_address>0x4b60</load_address>
         <run_address>0x4b60</run_address>
         <size>0x364</size>
         <contents>
            <object_component_ref idref="oc-56"/>
            <object_component_ref idref="oc-2f"/>
            <object_component_ref idref="oc-24"/>
            <object_component_ref idref="oc-5b"/>
            <object_component_ref idref="oc-50"/>
            <object_component_ref idref="oc-71"/>
            <object_component_ref idref="oc-1d"/>
            <object_component_ref idref="oc-3a"/>
            <object_component_ref idref="oc-77"/>
         </contents>
      </logical_group>
      <logical_group id="lg-7">
         <name>.stack</name>
         <run_address>0x3b60</run_address>
         <size>0x1000</size>
         <contents>
            <object_component_ref idref="oc-36"/>
            <object_component_ref idref="oc-c0"/>
         </contents>
      </logical_group>
      <logical_group id="lg-8">
         <name>.sysmem</name>
         <run_address>0x0</run_address>
         <size>0x0</size>
         <contents>
         </contents>
      </logical_group>
      <logical_group id="lg-9">
         <name>.const</name>
         <load_address>0x50ec</load_address>
         <run_address>0x50ec</run_address>
         <size>0x80</size>
         <contents>
            <object_component_ref idref="oc-6c"/>
            <object_component_ref idref="oc-2a"/>
            <object_component_ref idref="oc-62"/>
         </contents>
      </logical_group>
      <logical_group id="lg-a">
         <name>.switch</name>
         <run_address>0x0</run_address>
         <size>0x0</size>
         <contents>
         </contents>
      </logical_group>
      <logical_group id="lg-b">
         <name>.far</name>
         <run_address>0x4ec4</run_address>
         <size>0x228</size>
         <contents>
            <object_component_ref idref="oc-1e"/>
            <object_component_ref idref="oc-25"/>
            <object_component_ref idref="oc-30"/>
            <object_component_ref idref="oc-3b"/>
            <object_component_ref idref="oc-51"/>
            <object_component_ref idref="oc-57"/>
            <object_component_ref idref="oc-5c"/>
            <object_component_ref idref="oc-61"/>
            <object_component_ref idref="oc-6b"/>
            <object_component_ref idref="oc-72"/>
            <object_component_ref idref="oc-78"/>
            <object_component_ref idref="oc-81"/>
         </contents>
      </logical_group>
      <logical_group id="lg-c">
         <name>.cio</name>
         <run_address>0x0</run_address>
         <size>0x0</size>
         <contents>
         </contents>
      </logical_group>
      <logical_group id="lg-d">
         <name>.csldata</name>
         <run_address>0x0</run_address>
         <size>0x0</size>
         <contents>
         </contents>
      </logical_group>
      <logical_group id="lg-b7">
         <name>.debug_info</name>
         <load_address>0x0</load_address>
         <run_address>0x0</run_address>
         <size>0xe442</size>
         <contents>
            <object_component_ref idref="oc-10"/>
            <object_component_ref idref="oc-14"/>
            <object_component_ref idref="oc-19"/>
            <object_component_ref idref="oc-1c"/>
            <object_component_ref idref="oc-23"/>
            <object_component_ref idref="oc-29"/>
            <object_component_ref idref="oc-2e"/>
            <object_component_ref idref="oc-35"/>
            <object_component_ref idref="oc-39"/>
            <object_component_ref idref="oc-3e"/>
            <object_component_ref idref="oc-41"/>
            <object_component_ref idref="oc-44"/>
            <object_component_ref idref="oc-47"/>
            <object_component_ref idref="oc-4a"/>
            <object_component_ref idref="oc-4d"/>
            <object_component_ref idref="oc-53"/>
            <object_component_ref idref="oc-59"/>
            <object_component_ref idref="oc-5e"/>
            <object_component_ref idref="oc-64"/>
            <object_component_ref idref="oc-68"/>
            <object_component_ref idref="oc-6e"/>
            <object_component_ref idref="oc-74"/>
            <object_component_ref idref="oc-7a"/>
            <object_component_ref idref="oc-7e"/>
            <object_component_ref idref="oc-83"/>
            <object_component_ref idref="oc-c1"/>
         </contents>
      </logical_group>
      <logical_group id="lg-b9">
         <name>.debug_line</name>
         <load_address>0x0</load_address>
         <run_address>0x0</run_address>
         <size>0xed2</size>
         <contents>
            <object_component_ref idref="oc-11"/>
            <object_component_ref idref="oc-15"/>
            <object_component_ref idref="oc-1a"/>
            <object_component_ref idref="oc-21"/>
            <object_component_ref idref="oc-27"/>
            <object_component_ref idref="oc-2c"/>
            <object_component_ref idref="oc-33"/>
            <object_component_ref idref="oc-37"/>
            <object_component_ref idref="oc-3c"/>
            <object_component_ref idref="oc-3f"/>
            <object_component_ref idref="oc-42"/>
            <object_component_ref idref="oc-45"/>
            <object_component_ref idref="oc-48"/>
            <object_component_ref idref="oc-4b"/>
            <object_component_ref idref="oc-4e"/>
            <object_component_ref idref="oc-54"/>
            <object_component_ref idref="oc-5a"/>
            <object_component_ref idref="oc-5f"/>
            <object_component_ref idref="oc-65"/>
            <object_component_ref idref="oc-69"/>
            <object_component_ref idref="oc-6f"/>
            <object_component_ref idref="oc-75"/>
            <object_component_ref idref="oc-7b"/>
            <object_component_ref idref="oc-7f"/>
            <object_component_ref idref="oc-84"/>
         </contents>
      </logical_group>
      <logical_group id="lg-bb">
         <name>.debug_abbrev</name>
         <load_address>0x0</load_address>
         <run_address>0x0</run_address>
         <size>0x1979</size>
         <contents>
            <object_component_ref idref="oc-12"/>
            <object_component_ref idref="oc-16"/>
            <object_component_ref idref="oc-1b"/>
            <object_component_ref idref="oc-22"/>
            <object_component_ref idref="oc-28"/>
            <object_component_ref idref="oc-2d"/>
            <object_component_ref idref="oc-34"/>
            <object_component_ref idref="oc-38"/>
            <object_component_ref idref="oc-3d"/>
            <object_component_ref idref="oc-40"/>
            <object_component_ref idref="oc-43"/>
            <object_component_ref idref="oc-46"/>
            <object_component_ref idref="oc-49"/>
            <object_component_ref idref="oc-4c"/>
            <object_component_ref idref="oc-4f"/>
            <object_component_ref idref="oc-52"/>
            <object_component_ref idref="oc-58"/>
            <object_component_ref idref="oc-5d"/>
            <object_component_ref idref="oc-63"/>
            <object_component_ref idref="oc-67"/>
            <object_component_ref idref="oc-6d"/>
            <object_component_ref idref="oc-73"/>
            <object_component_ref idref="oc-79"/>
            <object_component_ref idref="oc-7d"/>
            <object_component_ref idref="oc-82"/>
            <object_component_ref idref="oc-c2"/>
         </contents>
      </logical_group>
      <logical_group id="lg-bd">
         <name>.debug_frame</name>
         <load_address>0x0</load_address>
         <run_address>0x0</run_address>
         <size>0xbdb</size>
         <contents>
            <object_component_ref idref="oc-20"/>
            <object_component_ref idref="oc-26"/>
            <object_component_ref idref="oc-2b"/>
            <object_component_ref idref="oc-32"/>
         </contents>
      </logical_group>
   </logical_group_list>
   <placement_map>
      <memory_area>
         <name>IVECS</name>
         <page_id>0x0</page_id>
         <origin>0x0</origin>
         <length>0x220</length>
         <used_space>0x200</used_space>
         <unused_space>0x20</unused_space>
         <attributes>RWIX</attributes>
         <usage_details>
            <allocated_space>
               <start_address>0x0</start_address>
               <size>0x200</size>
               <logical_group_ref idref="lg-3"/>
            </allocated_space>
            <available_space>
               <start_address>0x200</start_address>
               <size>0x20</size>
            </available_space>
         </usage_details>
      </memory_area>
      <memory_area>
         <name>IRAM</name>
         <page_id>0x0</page_id>
         <origin>0x220</origin>
         <length>0x2fde0</length>
         <used_space>0x4f4c</used_space>
         <unused_space>0x2ae94</unused_space>
         <attributes>RWIX</attributes>
         <usage_details>
            <allocated_space>
               <start_address>0x220</start_address>
               <size>0x0</size>
               <logical_group_ref idref="lg-5"/>
            </allocated_space>
            <allocated_space>
               <start_address>0x220</start_address>
               <size>0x3940</size>
               <logical_group_ref idref="lg-4"/>
            </allocated_space>
            <allocated_space>
               <start_address>0x3b60</start_address>
               <size>0x1000</size>
               <logical_group_ref idref="lg-7"/>
            </allocated_space>
            <allocated_space>
               <start_address>0x4b60</start_address>
               <size>0x364</size>
               <logical_group_ref idref="lg-6"/>
            </allocated_space>
            <allocated_space>
               <start_address>0x4ec4</start_address>
               <size>0x228</size>
               <logical_group_ref idref="lg-b"/>
            </allocated_space>
            <allocated_space>
               <start_address>0x50ec</start_address>
               <size>0x80</size>
               <logical_group_ref idref="lg-9"/>
            </allocated_space>
            <available_space>
               <start_address>0x516c</start_address>
               <size>0x2ae94</size>
            </available_space>
         </usage_details>
      </memory_area>
      <memory_area>
         <name>SDRAM</name>
         <page_id>0x0</page_id>
         <origin>0x80000000</origin>
         <length>0x1000000</length>
         <used_space>0x4e200</used_space>
         <unused_space>0xfb1e00</unused_space>
         <attributes>RWIX</attributes>
         <usage_details>
            <allocated_space>
               <start_address>0x80000000</start_address>
               <size>0x4e200</size>
               <logical_group_ref idref="lg-2"/>
            </allocated_space>
            <available_space>
               <start_address>0x8004e200</start_address>
               <size>0xfb1e00</size>
            </available_space>
         </usage_details>
      </memory_area>
      <memory_area>
         <name>FLASH</name>
         <page_id>0x0</page_id>
         <origin>0x90000000</origin>
         <length>0x20000</length>
         <used_space>0x0</used_space>
         <unused_space>0x20000</unused_space>
         <attributes>RWIX</attributes>
         <usage_details>
         </usage_details>
      </memory_area>
   </placement_map>
   <symbol_table>
      <symbol id="sm-0">
         <name>cinit</name>
         <value>0x4b60</value>
      </symbol>
      <symbol id="sm-1">
         <name>___cinit__</name>
         <value>0x4b60</value>
      </symbol>
      <symbol id="sm-2">
         <name>pinit</name>
         <value>0xffffffff</value>
      </symbol>
      <symbol id="sm-3">
         <name>___pinit__</name>
         <value>0xffffffff</value>
      </symbol>
      <symbol id="sm-4">
         <name>binit</name>
         <value>0xffffffff</value>
      </symbol>
      <symbol id="sm-5">
         <name>___binit__</name>
         <value>0xffffffff</value>
      </symbol>
      <symbol id="sm-6">
         <name>__STACK_SIZE</name>
         <value>0x1000</value>
      </symbol>
      <symbol id="sm-7">
         <name>__STACK_END</name>
         <value>0x4b60</value>
      </symbol>
      <symbol id="sm-8">
         <name>___c_args__</name>
         <value>0xffffffff</value>
      </symbol>
      <symbol id="sm-9">
         <name>.text</name>
         <value>0x220</value>
      </symbol>
      <symbol id="sm-a">
         <name>___text__</name>
         <value>0x220</value>
      </symbol>
      <symbol id="sm-b">
         <name>etext</name>
         <value>0x3b60</value>
      </symbol>
      <symbol id="sm-c">
         <name>___etext__</name>
         <value>0x3b60</value>
      </symbol>
      <symbol id="sm-d">
         <name>.bss</name>
         <value>0x220</value>
      </symbol>
      <symbol id="sm-e">
         <name>___bss__</name>
         <value>0x220</value>
      </symbol>
      <symbol id="sm-f">
         <name>end</name>
         <value>0x220</value>
      </symbol>
      <symbol id="sm-10">
         <name>___end__</name>
         <value>0x220</value>
      </symbol>
      <symbol id="sm-11">
         <name>___TI_pprof_out_hndl</name>
         <value>0xffffffff</value>
      </symbol>
      <symbol id="sm-12">
         <name>___TI_prof_data_start</name>
         <value>0xffffffff</value>
      </symbol>
      <symbol id="sm-13">
         <name>___TI_prof_data_size</name>
         <value>0xffffffff</value>
      </symbol>
      <symbol id="sm-14">
         <name>$bss</name>
         <value>0x220</value>
      </symbol>
      <symbol id="sm-3c">
         <name>_int2ulaw</name>
         <value>0x37a0</value>
         <object_component_ref idref="oc-f"/>
      </symbol>
      <symbol id="sm-44">
         <name>_ulaw2int</name>
         <value>0x3860</value>
         <object_component_ref idref="oc-13"/>
      </symbol>
      <symbol id="sm-52">
         <name>_vector10</name>
         <value>0x140</value>
         <object_component_ref idref="oc-18"/>
      </symbol>
      <symbol id="sm-53">
         <name>_vector12</name>
         <value>0x180</value>
         <object_component_ref idref="oc-18"/>
      </symbol>
      <symbol id="sm-54">
         <name>_vector13</name>
         <value>0x1a0</value>
         <object_component_ref idref="oc-18"/>
      </symbol>
      <symbol id="sm-55">
         <name>_vector14</name>
         <value>0x1c0</value>
         <object_component_ref idref="oc-18"/>
      </symbol>
      <symbol id="sm-56">
         <name>_vector15</name>
         <value>0x1e0</value>
         <object_component_ref idref="oc-18"/>
      </symbol>
      <symbol id="sm-57">
         <name>_vectors</name>
         <value>0x0</value>
         <object_component_ref idref="oc-18"/>
      </symbol>
      <symbol id="sm-58">
         <name>_vector1</name>
         <value>0x20</value>
         <object_component_ref idref="oc-18"/>
      </symbol>
      <symbol id="sm-59">
         <name>_vector3</name>
         <value>0x60</value>
         <object_component_ref idref="oc-18"/>
      </symbol>
      <symbol id="sm-5a">
         <name>_vector2</name>
         <value>0x40</value>
         <object_component_ref idref="oc-18"/>
      </symbol>
      <symbol id="sm-5b">
         <name>_vector5</name>
         <value>0xa0</value>
         <object_component_ref idref="oc-18"/>
      </symbol>
      <symbol id="sm-5c">
         <name>_vector7</name>
         <value>0xe0</value>
         <object_component_ref idref="oc-18"/>
      </symbol>
      <symbol id="sm-5d">
         <name>_vector6</name>
         <value>0xc0</value>
         <object_component_ref idref="oc-18"/>
      </symbol>
      <symbol id="sm-5e">
         <name>_vector9</name>
         <value>0x120</value>
         <object_component_ref idref="oc-18"/>
      </symbol>
      <symbol id="sm-5f">
         <name>_vector8</name>
         <value>0x100</value>
         <object_component_ref idref="oc-18"/>
      </symbol>
      <symbol id="sm-7d">
         <name>_AIC23_data</name>
         <value>0x50bc</value>
         <object_component_ref idref="oc-1e"/>
      </symbol>
      <symbol id="sm-7e">
         <name>_traiter_output</name>
         <value>0x2a7c</value>
         <object_component_ref idref="oc-88"/>
      </symbol>
      <symbol id="sm-7f">
         <name>_inputsource</name>
         <value>0x50b8</value>
         <object_component_ref idref="oc-1e"/>
      </symbol>
      <symbol id="sm-80">
         <name>_c_int04</name>
         <value>0x225c</value>
         <object_component_ref idref="oc-1f"/>
      </symbol>
      <symbol id="sm-81">
         <name>_traiter_input</name>
         <value>0x2ae4</value>
         <object_component_ref idref="oc-88"/>
      </symbol>
      <symbol id="sm-82">
         <name>_c_int11</name>
         <value>0x2060</value>
         <object_component_ref idref="oc-1f"/>
      </symbol>
      <symbol id="sm-83">
         <name>_fs</name>
         <value>0x50b4</value>
         <object_component_ref idref="oc-1e"/>
      </symbol>
      <symbol id="sm-84">
         <name>_Audio_init</name>
         <value>0x2a40</value>
         <object_component_ref idref="oc-88"/>
      </symbol>
      <symbol id="sm-ce">
         <name>_comm_poll</name>
         <value>0x220</value>
         <object_component_ref idref="oc-89"/>
      </symbol>
      <symbol id="sm-cf">
         <name>_output_left_sample</name>
         <value>0x47c</value>
         <object_component_ref idref="oc-89"/>
      </symbol>
      <symbol id="sm-d0">
         <name>_comm_intr</name>
         <value>0x8d0</value>
         <object_component_ref idref="oc-89"/>
      </symbol>
      <symbol id="sm-d1">
         <name>_input_left_sample</name>
         <value>0x740</value>
         <object_component_ref idref="oc-89"/>
      </symbol>
      <symbol id="sm-d2">
         <name>_output_sample</name>
         <value>0x368</value>
         <object_component_ref idref="oc-89"/>
      </symbol>
      <symbol id="sm-d3">
         <name>_CODEC_stop</name>
         <value>0x338</value>
         <object_component_ref idref="oc-89"/>
      </symbol>
      <symbol id="sm-d4">
         <name>_CODEC_start</name>
         <value>0x254</value>
         <object_component_ref idref="oc-89"/>
      </symbol>
      <symbol id="sm-d5">
         <name>_config</name>
         <value>0x4fc4</value>
         <object_component_ref idref="oc-25"/>
      </symbol>
      <symbol id="sm-d6">
         <name>_input_right_sample</name>
         <value>0x808</value>
         <object_component_ref idref="oc-89"/>
      </symbol>
      <symbol id="sm-d7">
         <name>_AIC_data</name>
         <value>0x4fc0</value>
         <object_component_ref idref="oc-25"/>
      </symbol>
      <symbol id="sm-d8">
         <name>_hAIC23_handle</name>
         <value>0x500c</value>
         <object_component_ref idref="oc-25"/>
      </symbol>
      <symbol id="sm-d9">
         <name>_AIC23CfgData</name>
         <value>0x4fec</value>
         <object_component_ref idref="oc-25"/>
      </symbol>
      <symbol id="sm-da">
         <name>_input_sample</name>
         <value>0x63c</value>
         <object_component_ref idref="oc-89"/>
      </symbol>
      <symbol id="sm-db">
         <name>_output_right_sample</name>
         <value>0x55c</value>
         <object_component_ref idref="oc-89"/>
      </symbol>
      <symbol id="sm-13a">
         <name>_SPI_init</name>
         <value>0xbac</value>
         <object_component_ref idref="oc-a0"/>
      </symbol>
      <symbol id="sm-13b">
         <name>_MCBSP_init</name>
         <value>0xea0</value>
         <object_component_ref idref="oc-a0"/>
      </symbol>
      <symbol id="sm-13c">
         <name>_ReadChar</name>
         <value>0xa74</value>
         <object_component_ref idref="oc-a0"/>
      </symbol>
      <symbol id="sm-13d">
         <name>_interrupt_init</name>
         <value>0xfd4</value>
         <object_component_ref idref="oc-a0"/>
      </symbol>
      <symbol id="sm-13e">
         <name>_PutChar</name>
         <value>0xa20</value>
         <object_component_ref idref="oc-a0"/>
      </symbol>
      <symbol id="sm-1bb">
         <name>_main</name>
         <value>0x1140</value>
         <object_component_ref idref="oc-91"/>
      </symbol>
      <symbol id="sm-1bc">
         <name>_compteurENRG</name>
         <value>0x50d0</value>
         <object_component_ref idref="oc-30"/>
      </symbol>
      <symbol id="sm-1bd">
         <name>_FLAG_ECRITURE</name>
         <value>0x50c5</value>
         <object_component_ref idref="oc-30"/>
      </symbol>
      <symbol id="sm-1be">
         <name>_FLAG_RS232</name>
         <value>0x50c7</value>
         <object_component_ref idref="oc-30"/>
      </symbol>
      <symbol id="sm-1bf">
         <name>_outputSample</name>
         <value>0x50cc</value>
         <object_component_ref idref="oc-30"/>
      </symbol>
      <symbol id="sm-1c0">
         <name>_FLAG_REJOUE</name>
         <value>0x50ca</value>
         <object_component_ref idref="oc-30"/>
      </symbol>
      <symbol id="sm-1c1">
         <name>_FLAG_ENRG</name>
         <value>0x50c9</value>
         <object_component_ref idref="oc-30"/>
      </symbol>
      <symbol id="sm-1c2">
         <name>_enregistrement</name>
         <value>0x80000000</value>
         <object_component_ref idref="oc-31"/>
      </symbol>
      <symbol id="sm-1c3">
         <name>_FLAG_LECTURE</name>
         <value>0x50c4</value>
         <object_component_ref idref="oc-30"/>
      </symbol>
      <symbol id="sm-1c4">
         <name>_FLAG_RS485</name>
         <value>0x50c8</value>
         <object_component_ref idref="oc-30"/>
      </symbol>
      <symbol id="sm-1c5">
         <name>_FLAG_COMP</name>
         <value>0x50c6</value>
         <object_component_ref idref="oc-30"/>
      </symbol>
      <symbol id="sm-1d1">
         <name>_c_int00</name>
         <value>0x3620</value>
         <object_component_ref idref="oc-e"/>
      </symbol>
      <symbol id="sm-1d2">
         <name>__stack</name>
         <value>0x3b60</value>
         <object_component_ref idref="oc-36"/>
      </symbol>
      <symbol id="sm-1e2">
         <name>C$$EXIT</name>
         <value>0x3b20</value>
         <object_component_ref idref="oc-92"/>
      </symbol>
      <symbol id="sm-1e3">
         <name>_exit</name>
         <value>0x2f40</value>
         <object_component_ref idref="oc-87"/>
      </symbol>
      <symbol id="sm-1e4">
         <name>___TI_enable_exit_profile_output</name>
         <value>0x50dc</value>
         <object_component_ref idref="oc-3b"/>
      </symbol>
      <symbol id="sm-1e5">
         <name>_abort</name>
         <value>0x3b20</value>
         <object_component_ref idref="oc-92"/>
      </symbol>
      <symbol id="sm-1e6">
         <name>__cleanup_ptr</name>
         <value>0x50d4</value>
         <object_component_ref idref="oc-3b"/>
      </symbol>
      <symbol id="sm-1e7">
         <name>__dtors_ptr</name>
         <value>0x50d8</value>
         <object_component_ref idref="oc-3b"/>
      </symbol>
      <symbol id="sm-1f1">
         <name>__c6xabi_strasgi</name>
         <value>0x2900</value>
         <object_component_ref idref="oc-a3"/>
      </symbol>
      <symbol id="sm-1f2">
         <name>__strasg</name>
         <value>0x2e60</value>
         <object_component_ref idref="oc-8a"/>
      </symbol>
      <symbol id="sm-1f3">
         <name>__strasgi</name>
         <value>0x2900</value>
         <object_component_ref idref="oc-a3"/>
      </symbol>
      <symbol id="sm-1fd">
         <name>__args_main</name>
         <value>0x3960</value>
         <object_component_ref idref="oc-86"/>
      </symbol>
      <symbol id="sm-1fe">
         <name>__TI_args_main</name>
         <value>0x1</value>
      </symbol>
      <symbol id="sm-208">
         <name>__auto_init</name>
         <value>0x2d60</value>
         <object_component_ref idref="oc-85"/>
      </symbol>
      <symbol id="sm-212">
         <name>___TI_cpp_init</name>
         <value>0x35a0</value>
         <object_component_ref idref="oc-90"/>
      </symbol>
      <symbol id="sm-21c">
         <name>_copy_in</name>
         <value>0x31a0</value>
         <object_component_ref idref="oc-8e"/>
      </symbol>
      <symbol id="sm-226">
         <name>_memcpy</name>
         <value>0x1e20</value>
         <object_component_ref idref="oc-8f"/>
      </symbol>
      <symbol id="sm-23c">
         <name>_GPIO_open</name>
         <value>0x3020</value>
         <object_component_ref idref="oc-a5"/>
      </symbol>
      <symbol id="sm-23d">
         <name>_GPIO_pinEnable</name>
         <value>0x38a0</value>
         <object_component_ref idref="oc-a6"/>
      </symbol>
      <symbol id="sm-23e">
         <name>__GPIO_intTable</name>
         <value>0x507c</value>
         <object_component_ref idref="oc-51"/>
      </symbol>
      <symbol id="sm-23f">
         <name>_GPIO_intPolarity</name>
         <value>0x3320</value>
         <object_component_ref idref="oc-a8"/>
      </symbol>
      <symbol id="sm-240">
         <name>_GPIO_pinDirection</name>
         <value>0x3800</value>
         <object_component_ref idref="oc-a7"/>
      </symbol>
      <symbol id="sm-241">
         <name>__hGpioDev0</name>
         <value>0x5090</value>
         <object_component_ref idref="oc-51"/>
      </symbol>
      <symbol id="sm-242">
         <name>_GPIO_reset</name>
         <value>0x30e0</value>
         <object_component_ref idref="oc-aa"/>
      </symbol>
      <symbol id="sm-262">
         <name>_IRQ_setVecs</name>
         <value>0x3a40</value>
         <object_component_ref idref="oc-a9"/>
      </symbol>
      <symbol id="sm-263">
         <name>_IRQ_clear</name>
         <value>0x39c0</value>
         <object_component_ref idref="oc-a2"/>
      </symbol>
      <symbol id="sm-264">
         <name>__IRQ_eventTable</name>
         <value>0x4eec</value>
         <object_component_ref idref="oc-57"/>
      </symbol>
      <symbol id="sm-265">
         <name>_IRQ_nmiEnable</name>
         <value>0x3a20</value>
         <object_component_ref idref="oc-9d"/>
      </symbol>
      <symbol id="sm-266">
         <name>_IRQ_reset</name>
         <value>0x3920</value>
         <object_component_ref idref="oc-9b"/>
      </symbol>
      <symbol id="sm-267">
         <name>__IRQ_intTable</name>
         <value>0x4f70</value>
         <object_component_ref idref="oc-57"/>
      </symbol>
      <symbol id="sm-268">
         <name>_IRQ_globalEnable</name>
         <value>0x3a00</value>
         <object_component_ref idref="oc-9c"/>
      </symbol>
      <symbol id="sm-269">
         <name>_IRQ_globalDisable</name>
         <value>0x39e0</value>
         <object_component_ref idref="oc-98"/>
      </symbol>
      <symbol id="sm-26a">
         <name>_IRQ_map</name>
         <value>0x22a0</value>
         <object_component_ref idref="oc-9a"/>
      </symbol>
      <symbol id="sm-26b">
         <name>_IRQ_enable</name>
         <value>0x38e0</value>
         <object_component_ref idref="oc-9e"/>
      </symbol>
      <symbol id="sm-26c">
         <name>__IRQ_dispatchTable</name>
         <value>0x4fb0</value>
         <object_component_ref idref="oc-57"/>
      </symbol>
      <symbol id="sm-26d">
         <name>__IRQ_hookFetchPacket</name>
         <value>0x3b40</value>
         <object_component_ref idref="oc-55"/>
      </symbol>
      <symbol id="sm-28f">
         <name>_MCBSP_reset</name>
         <value>0x2460</value>
         <object_component_ref idref="oc-9f"/>
      </symbol>
      <symbol id="sm-290">
         <name>_MCBSP_read</name>
         <value>0x3a80</value>
         <object_component_ref idref="oc-97"/>
      </symbol>
      <symbol id="sm-291">
         <name>_MCBSP_close</name>
         <value>0x33c0</value>
         <object_component_ref idref="oc-8b"/>
      </symbol>
      <symbol id="sm-292">
         <name>_MCBSP_getXmtEventId</name>
         <value>0x3a60</value>
         <object_component_ref idref="oc-99"/>
      </symbol>
      <symbol id="sm-293">
         <name>_MCBSP_open</name>
         <value>0x2b60</value>
         <object_component_ref idref="oc-8c"/>
      </symbol>
      <symbol id="sm-294">
         <name>__MCBSP_hDev0</name>
         <value>0x5040</value>
         <object_component_ref idref="oc-5c"/>
      </symbol>
      <symbol id="sm-295">
         <name>__MCBSP_hDev1</name>
         <value>0x5044</value>
         <object_component_ref idref="oc-5c"/>
      </symbol>
      <symbol id="sm-296">
         <name>_MCBSP_xempty</name>
         <value>0x3ae0</value>
         <object_component_ref idref="oc-a4"/>
      </symbol>
      <symbol id="sm-297">
         <name>_MCBSP_start</name>
         <value>0x2c60</value>
         <object_component_ref idref="oc-8d"/>
      </symbol>
      <symbol id="sm-298">
         <name>_MCBSP_rrdy</name>
         <value>0x3aa0</value>
         <object_component_ref idref="oc-96"/>
      </symbol>
      <symbol id="sm-299">
         <name>_MCBSP_config</name>
         <value>0x3460</value>
         <object_component_ref idref="oc-93"/>
      </symbol>
      <symbol id="sm-29a">
         <name>_MCBSP_xrdy</name>
         <value>0x3b00</value>
         <object_component_ref idref="oc-94"/>
      </symbol>
      <symbol id="sm-29b">
         <name>_MCBSP_write</name>
         <value>0x3ac0</value>
         <object_component_ref idref="oc-95"/>
      </symbol>
      <symbol id="sm-2a9">
         <name>_DSK6713_init</name>
         <value>0x16cc</value>
         <object_component_ref idref="oc-60"/>
      </symbol>
      <symbol id="sm-2aa">
         <name>_DSK6713_version</name>
         <value>0x50e8</value>
         <object_component_ref idref="oc-61"/>
      </symbol>
      <symbol id="sm-2ab">
         <name>_DSK6713_rget</name>
         <value>0x19e8</value>
         <object_component_ref idref="oc-60"/>
      </symbol>
      <symbol id="sm-2ac">
         <name>_DSK6713_wait</name>
         <value>0x1a10</value>
         <object_component_ref idref="oc-60"/>
      </symbol>
      <symbol id="sm-2ad">
         <name>_DSK6713_rset</name>
         <value>0x19fc</value>
         <object_component_ref idref="oc-60"/>
      </symbol>
      <symbol id="sm-2ae">
         <name>_DSK6713_waitusec</name>
         <value>0x1a68</value>
         <object_component_ref idref="oc-60"/>
      </symbol>
      <symbol id="sm-2af">
         <name>_DSK6713_getVersion</name>
         <value>0x1a94</value>
         <object_component_ref idref="oc-60"/>
      </symbol>
      <symbol id="sm-2b9">
         <name>_DSK6713_AIC23_closeCodec</name>
         <value>0x36a0</value>
         <object_component_ref idref="oc-66"/>
      </symbol>
      <symbol id="sm-2c7">
         <name>_DSK6713_AIC23_codeccontrolhandle</name>
         <value>0x50e0</value>
         <object_component_ref idref="oc-6b"/>
      </symbol>
      <symbol id="sm-2c8">
         <name>_DSK6713_AIC23_codecdatahandle</name>
         <value>0x50e4</value>
         <object_component_ref idref="oc-6b"/>
      </symbol>
      <symbol id="sm-2c9">
         <name>_DSK6713_AIC23_openCodec</name>
         <value>0x1b00</value>
         <object_component_ref idref="oc-6a"/>
      </symbol>
      <symbol id="sm-2d7">
         <name>_DSK6713_AIC23_config</name>
         <value>0x2860</value>
         <object_component_ref idref="oc-70"/>
      </symbol>
      <symbol id="sm-2d8">
         <name>_DSK6713_AIC23_rget</name>
         <value>0x283c</value>
         <object_component_ref idref="oc-70"/>
      </symbol>
      <symbol id="sm-2d9">
         <name>_DSK6713_AIC23_rset</name>
         <value>0x27a0</value>
         <object_component_ref idref="oc-70"/>
      </symbol>
      <symbol id="sm-2e7">
         <name>_DSK6713_AIC23_setFreq</name>
         <value>0x3260</value>
         <object_component_ref idref="oc-76"/>
      </symbol>
      <symbol id="sm-2f1">
         <name>_DSK6713_DIP_init</name>
         <value>0x3720</value>
         <object_component_ref idref="oc-7c"/>
      </symbol>
      <symbol id="sm-2f2">
         <name>_DSK6713_DIP_get</name>
         <value>0x3728</value>
         <object_component_ref idref="oc-7c"/>
      </symbol>
      <symbol id="sm-2fe">
         <name>_DSK6713_LED_init</name>
         <value>0x2600</value>
         <object_component_ref idref="oc-80"/>
      </symbol>
      <symbol id="sm-2ff">
         <name>_DSK6713_LED_on</name>
         <value>0x2684</value>
         <object_component_ref idref="oc-80"/>
      </symbol>
      <symbol id="sm-300">
         <name>_DSK6713_LED_toggle</name>
         <value>0x26e0</value>
         <object_component_ref idref="oc-80"/>
      </symbol>
      <symbol id="sm-301">
         <name>_DSK6713_LED_off</name>
         <value>0x2628</value>
         <object_component_ref idref="oc-80"/>
      </symbol>
   </symbol_table>
</link_info>
